This is LuaHBTeX, Version 1.22.0 (TeX Live 2025/Debian)  (format=lualatex 2026.5.10)  16 MAY 2026 20:13
 restricted system commands enabled.
**"/home/alby/uni/_dUNIPD_CS_MasterThesis (Copy)/thesis.tex"
("/home/alby/uni/_dUNIPD_CS_MasterThesis (Copy)/thesis.tex"
LaTeX2e <2025-11-01>
L3 programming layer <2026-01-19>
Lua module: luaotfload 2024-12-03 v3.29 Lua based OpenType font support
Lua module: lualibs 2023-07-13 v2.76 ConTeXt Lua standard libraries.
Lua module: lualibs-extended 2023-07-13 v2.76 ConTeXt Lua libraries -- extended collection.
luaotfload | conf : Root cache directory is "/home/alby/.texlive2025/texmf-var/luatex-cache/generic/names".
luaotfload | init : Loading fontloader "fontloader-2023-12-28.lua" from kpse-resolved path "/usr/share/texlive/texmf-dist/tex/luatex/luaotfload/fontloader-2023-12-28.lua".
Lua-only attribute luaotfload@noligature = 1
luaotfload | init : Context OpenType loader version 3.134
Inserting `luaotfload.node_processor' in `pre_linebreak_filter'.
Inserting `luaotfload.node_processor' in `hpack_filter'.
Inserting `luaotfload.glyph_stream' in `glyph_stream_provider'.
Inserting `luaotfload.define_font' in `define_font'.
Lua-only attribute luaotfload_color_attribute = 2
luaotfload | conf : Root cache directory is "/home/alby/.texlive2025/texmf-var/luatex-cache/generic/names".
Inserting `luaotfload.harf.strip_prefix' in `find_opentype_file'.
Inserting `luaotfload.harf.strip_prefix' in `find_truetype_file'.
Removing  `luaotfload.glyph_stream' from `glyph_stream_provider'.
Inserting `luaotfload.harf.glyphstream' in `glyph_stream_provider'.
Inserting `luaotfload.harf.finalize_vlist' in `post_linebreak_filter'.
Inserting `luaotfload.harf.finalize_hlist' in `hpack_filter'.
Inserting `luaotfload.cleanup_files' in `wrapup_run'.
Inserting `luaotfload.harf.finalize_unicode' in `finish_pdffile'.
Inserting `luaotfload.glyphinfo' in `glyph_info'.
Lua-only attribute luaotfload.letterspace_done = 3
Inserting `luaotfload.aux.set_sscale_dimens' in `luaotfload.patch_font'.
Inserting `luaotfload.aux.set_font_index' in `luaotfload.patch_font'.
Inserting `luaotfload.aux.patch_cambria_domh' in `luaotfload.patch_font'.
Inserting `luaotfload.aux.fixup_fontdata' in `luaotfload.patch_font_unsafe'.
Inserting `luaotfload.aux.set_capheight' in `luaotfload.patch_font'.
Inserting `luaotfload.aux.set_xheight' in `luaotfload.patch_font'.
Inserting `luaotfload.rewrite_fontname' in `luaotfload.patch_font'.
Inserting `tracingstacklevels' in `input_level_string'. (/usr/share/texlive/texmf-dist/tex/latex/base/book.cls
Document Class: book 2025/01/22 v1.4n Standard LaTeX document class
(/usr/share/texlive/texmf-dist/tex/latex/base/bk10.clo
File: bk10.clo 2025/01/22 v1.4n Standard LaTeX file (size option)
luaotfload | db : Font names database loaded from /home/alby/.texlive2025/texmf-var/luatex-cache/generic/names/luaotfload-names.luc.gz)
\c@part=\count273
\c@chapter=\count274
\c@section=\count275
\c@subsection=\count276
\c@subsubsection=\count277
\c@paragraph=\count278
\c@subparagraph=\count279
\c@figure=\count280
\c@table=\count281
\abovecaptionskip=\skip49
\belowcaptionskip=\skip50
\bibindent=\dimen147
) (./config/packages.tex (/usr/share/texlive/texmf-dist/tex/generic/colorprofiles/colorprofiles.sty
Package: colorprofiles 2018/11/01 v1.0.1 color profiles for PDF/X and PDF/A support
 (/usr/share/texlive/texmf-dist/tex/generic/colorprofiles/colorprofiles.tex)) (/usr/share/texlive/texmf-dist/tex/latex/pdfx/pdfx.sty
Package: pdfx 2024/06/24 v1.6.5f PDF/X and PDF/A support (CVR/HTH/RRM/PS)
\pdfx@minorversion=\count282
\pdfx@majorversion=\count283
\pdfmajorversion=\count284
\pdfminorversion=\count285
 (/usr/share/texlive/texmf-dist/tex/generic/iftex/ifluatex.sty
Package: ifluatex 2019/10/25 v1.5 ifluatex legacy package. Use iftex instead.
 (/usr/share/texlive/texmf-dist/tex/generic/iftex/iftex.sty
Package: iftex 2024/12/12 v1.0g TeX engine tests
)) (/usr/share/texlive/texmf-dist/tex/generic/iftex/ifpdf.sty
Package: ifpdf 2019/10/25 v3.4 ifpdf legacy package. Use iftex instead.
) (/usr/share/texlive/texmf-dist/tex/generic/iftex/ifxetex.sty
Package: ifxetex 2019/10/25 v0.7 ifxetex legacy package. Use iftex instead.
) (/usr/share/texlive/texmf-dist/tex/latex/everyshi/everyshi.sty
Package: everyshi 2020/11/18 v4.00 EveryShipout Package
) (/usr/share/texlive/texmf-dist/tex/generic/luatex85/luatex85.sty
Package: luatex85 2016/06/15 v1.4 pdftex aliases for luatex
) (/usr/share/texlive/texmf-dist/tex/generic/pdftexcmds/pdftexcmds.sty
Package: pdftexcmds 2020-06-27 v0.33 Utility functions of pdfTeX for LuaTeX (HO)
 (/usr/share/texlive/texmf-dist/tex/generic/infwarerr/infwarerr.sty
Package: infwarerr 2019/12/03 v1.5 Providing info/warning/error messages (HO)
) (/usr/share/texlive/texmf-dist/tex/generic/ltxcmds/ltxcmds.sty
Package: ltxcmds 2023-12-04 v1.26 LaTeX kernel commands for general use (HO)
)
Package pdftexcmds Info: \pdf@primitive is available.
Package pdftexcmds Info: \pdf@ifprimitive is available.
Package pdftexcmds Info: \pdfdraftmode found.
\pdftexcmds@toks=\toks17
){/var/lib/texmf/fonts/map/pdftex/updmap/pdftex.map}
warning  (map file): entry for 'dummy-space' already exists, duplicates ignored
(/usr/share/texlive/texmf-dist/tex/latex/pdfx/l8u-penc.def
File: l8u-penc.def 2017/06/23 v0.8 Custom LaTeX file, for UTF8 encoded letters and symbols
LaTeX Encoding Info:    Redeclaring text command \textdoubletilde (encoding L8U) on input line 210.
LaTeX Encoding Info:    Redeclaring text command \texttipaG (encoding L8U) on input line 256.
LaTeX Encoding Info:    Redeclaring text command \texttipam (encoding L8U) on input line 257.
LaTeX Encoding Info:    Redeclaring text command \texttipaM (encoding L8U) on input line 258.
LaTeX Encoding Info:    Redeclaring text command \b (encoding L8U) on input line 278.
LaTeX Encoding Info:    Text composite with undeclared \b in encoding L8U on input line 278.
LaTeX Encoding Info:    Redeclaring text command \textacutemacron (encoding L8U) on input line 323.
LaTeX Encoding Info:    Redeclaring text command \textgravemacron (encoding L8U) on input line 334.
LaTeX Encoding Info:    Redeclaring text command \textacutemacron (encoding L8U) on input line 336.
 (/usr/share/texlive/texmf-dist/tex/latex/pdfx/l8ugrk-penc.def
File: l8ugrk-penc.def 2018/11/28 v0.6 Greek support for UTF8 in XMP metadata
) (/usr/share/texlive/texmf-dist/tex/latex/pdfx/l8umath-penc.def
File: l8umath-penc.def 2017/06/23 v0.6 Custom LaTeX file, for UTF8 encoded math symbols
LaTeX Encoding Info:    Redeclaring text command \textmathnormal (encoding L8U) on input line 1340.
)
LaTeX Encoding Info:    Redeclaring text command \textellipsis (encoding L8U) on input line 2514.
LaTeX Encoding Info:    Redeclaring text command \textfractionsolidus (encoding L8U) on input line 2529.
LaTeX Encoding Info:    Redeclaring text command \texthinferior (encoding L8U) on input line 2618.
LaTeX Encoding Info:    Redeclaring text command \texthslash (encoding L8U) on input line 2678.
LaTeX Encoding Info:    Redeclaring text command \texttrademark (encoding L8U) on input line 2687.
LaTeX Encoding Info:    Redeclaring text command \textleftarrow (encoding L8U) on input line 2780.
LaTeX Encoding Info:    Redeclaring text command \textuparrow (encoding L8U) on input line 2781.
LaTeX Encoding Info:    Redeclaring text command \textrightarrow (encoding L8U) on input line 2782.
LaTeX Encoding Info:    Redeclaring text command \textdownarrow (encoding L8U) on input line 2783.
LaTeX Encoding Info:    Redeclaring text command \textleftrightarrow (encoding L8U) on input line 2784.
LaTeX Encoding Info:    Redeclaring text command \textupdownarrow (encoding L8U) on input line 2785.
LaTeX Encoding Info:    Redeclaring text command \textnwarrow (encoding L8U) on input line 2786.
LaTeX Encoding Info:    Redeclaring text command \textnearrow (encoding L8U) on input line 2787.
LaTeX Encoding Info:    Redeclaring text command \textsearrow (encoding L8U) on input line 2788.
LaTeX Encoding Info:    Redeclaring text command \textswarrow (encoding L8U) on input line 2789.
LaTeX Encoding Info:    Redeclaring text command \textnleftarrow (encoding L8U) on input line 2790.
LaTeX Encoding Info:    Redeclaring text command \textnrightarrow (encoding L8U) on input line 2791.
LaTeX Encoding Info:    Redeclaring text command \texttwoheadleftarrow (encoding L8U) on input line 2792.
LaTeX Encoding Info:    Redeclaring text command \textntwoheadleftarrow (encoding L8U) on input line 2793.
LaTeX Encoding Info:    Redeclaring text command \texttwoheaduparrow (encoding L8U) on input line 2794.
LaTeX Encoding Info:    Redeclaring text command \texttwoheadrightarrow (encoding L8U) on input line 2795.
LaTeX Encoding Info:    Redeclaring text command \textntwoheadrightarrow (encoding L8U) on input line 2796.
LaTeX Encoding Info:    Redeclaring text command \texttwoheaddownarrow (encoding L8U) on input line 2797.
LaTeX Encoding Info:    Redeclaring text command \textleftarrowtail (encoding L8U) on input line 2798.
LaTeX Encoding Info:    Redeclaring text command \textrightarrowtail (encoding L8U) on input line 2799.
LaTeX Encoding Info:    Redeclaring text command \textmapsto (encoding L8U) on input line 2800.
LaTeX Encoding Info:    Redeclaring text command \texthookleftarrow (encoding L8U) on input line 2801.
LaTeX Encoding Info:    Redeclaring text command \texthookrightarrow (encoding L8U) on input line 2802.
LaTeX Encoding Info:    Redeclaring text command \textlooparrowleft (encoding L8U) on input line 2803.
LaTeX Encoding Info:    Redeclaring text command \textlooparrowright (encoding L8U) on input line 2804.
LaTeX Encoding Info:    Redeclaring text command \textnleftrightarrow (encoding L8U) on input line 2805.
LaTeX Encoding Info:    Redeclaring text command \textlightning (encoding L8U) on input line 2806.
LaTeX Encoding Info:    Redeclaring text command \textdlsh (encoding L8U) on input line 2807.
LaTeX Encoding Info:    Redeclaring text command \textcurvearrowleft (encoding L8U) on input line 2808.
LaTeX Encoding Info:    Redeclaring text command \textcurvearrowright (encoding L8U) on input line 2809.
LaTeX Encoding Info:    Redeclaring text command \textleftharpoonup (encoding L8U) on input line 2810.
LaTeX Encoding Info:    Redeclaring text command \textleftharpoondown (encoding L8U) on input line 2811.
LaTeX Encoding Info:    Redeclaring text command \textupharpoonright (encoding L8U) on input line 2812.
LaTeX Encoding Info:    Redeclaring text command \textupharpoonleft (encoding L8U) on input line 2813.
LaTeX Encoding Info:    Redeclaring text command \textrightharpoonup (encoding L8U) on input line 2814.
LaTeX Encoding Info:    Redeclaring text command \textrightharpoondown (encoding L8U) on input line 2815.
LaTeX Encoding Info:    Redeclaring text command \textdownharpoonright (encoding L8U) on input line 2816.
LaTeX Encoding Info:    Redeclaring text command \textdownharpoonleft (encoding L8U) on input line 2817.
LaTeX Encoding Info:    Redeclaring text command \textrightleftarrows (encoding L8U) on input line 2818.
LaTeX Encoding Info:    Redeclaring text command \textupdownarrows (encoding L8U) on input line 2819.
LaTeX Encoding Info:    Redeclaring text command \textleftrightarrows (encoding L8U) on input line 2820.
LaTeX Encoding Info:    Redeclaring text command \textleftleftarrows (encoding L8U) on input line 2821.
LaTeX Encoding Info:    Redeclaring text command \textupuparrows (encoding L8U) on input line 2822.
LaTeX Encoding Info:    Redeclaring text command \textrightrightarrows (encoding L8U) on input line 2823.
LaTeX Encoding Info:    Redeclaring text command \textdowndownarrows (encoding L8U) on input line 2824.
LaTeX Encoding Info:    Redeclaring text command \textleftrightharpoons (encoding L8U) on input line 2825.
LaTeX Encoding Info:    Redeclaring text command \textrightleftharpoons (encoding L8U) on input line 2826.
LaTeX Encoding Info:    Redeclaring text command \textnLeftarrow (encoding L8U) on input line 2827.
LaTeX Encoding Info:    Redeclaring text command \textnLeftrightarrow (encoding L8U) on input line 2828.
LaTeX Encoding Info:    Redeclaring text command \textnRightarrow (encoding L8U) on input line 2829.
LaTeX Encoding Info:    Redeclaring text command \textLeftarrow (encoding L8U) on input line 2830.
LaTeX Encoding Info:    Redeclaring text command \textUparrow (encoding L8U) on input line 2831.
LaTeX Encoding Info:    Redeclaring text command \textRightarrow (encoding L8U) on input line 2832.
LaTeX Encoding Info:    Redeclaring text command \textDownarrow (encoding L8U) on input line 2833.
LaTeX Encoding Info:    Redeclaring text command \textLeftrightarrow (encoding L8U) on input line 2834.
LaTeX Encoding Info:    Redeclaring text command \textUpdownarrow (encoding L8U) on input line 2835.
LaTeX Encoding Info:    Redeclaring text command \textNwarrow (encoding L8U) on input line 2836.
LaTeX Encoding Info:    Redeclaring text command \textNearrow (encoding L8U) on input line 2837.
LaTeX Encoding Info:    Redeclaring text command \textSearrow (encoding L8U) on input line 2838.
LaTeX Encoding Info:    Redeclaring text command \textSwarrow (encoding L8U) on input line 2839.
LaTeX Encoding Info:    Redeclaring text command \textLleftarrow (encoding L8U) on input line 2840.
LaTeX Encoding Info:    Redeclaring text command \textRrightarrow (encoding L8U) on input line 2841.
LaTeX Encoding Info:    Redeclaring text command \textleftsquigarrow (encoding L8U) on input line 2842.
LaTeX Encoding Info:    Redeclaring text command \textrightsquigarrow (encoding L8U) on input line 2843.
LaTeX Encoding Info:    Redeclaring text command \textdashleftarrow (encoding L8U) on input line 2844.
LaTeX Encoding Info:    Redeclaring text command \textdasheduparrow (encoding L8U) on input line 2845.
LaTeX Encoding Info:    Redeclaring text command \textdashrightarrow (encoding L8U) on input line 2846.
LaTeX Encoding Info:    Redeclaring text command \textdasheddownarrow (encoding L8U) on input line 2847.
LaTeX Encoding Info:    Redeclaring text command \textpointer (encoding L8U) on input line 2848.
LaTeX Encoding Info:    Redeclaring text command \textdownuparrows (encoding L8U) on input line 2849.
LaTeX Encoding Info:    Redeclaring text command \textleftarrowtriangle (encoding L8U) on input line 2850.
LaTeX Encoding Info:    Redeclaring text command \textrightarrowtriangle (encoding L8U) on input line 2851.
LaTeX Encoding Info:    Redeclaring text command \textleftrightarrowtriangle (encoding L8U) on input line 2852.
LaTeX Encoding Info:    Redeclaring text command \textforall (encoding L8U) on input line 2859.
LaTeX Encoding Info:    Redeclaring text command \textcomplement (encoding L8U) on input line 2860.
LaTeX Encoding Info:    Redeclaring text command \textpartial (encoding L8U) on input line 2861.
LaTeX Encoding Info:    Redeclaring text command \textexists (encoding L8U) on input line 2862.
LaTeX Encoding Info:    Redeclaring text command \textnexists (encoding L8U) on input line 2863.
LaTeX Encoding Info:    Redeclaring text command \textemptyset (encoding L8U) on input line 2864.
LaTeX Encoding Info:    Redeclaring text command \texttriangle (encoding L8U) on input line 2865.
LaTeX Encoding Info:    Redeclaring text command \textnabla (encoding L8U) on input line 2866.
LaTeX Encoding Info:    Redeclaring text command \textin (encoding L8U) on input line 2867.
LaTeX Encoding Info:    Redeclaring text command \textnotin (encoding L8U) on input line 2868.
LaTeX Encoding Info:    Redeclaring text command \textsmallin (encoding L8U) on input line 2869.
LaTeX Encoding Info:    Redeclaring text command \textni (encoding L8U) on input line 2870.
LaTeX Encoding Info:    Redeclaring text command \textnotowner (encoding L8U) on input line 2871.
LaTeX Encoding Info:    Redeclaring text command \textsmallowns (encoding L8U) on input line 2872.
LaTeX Encoding Info:    Redeclaring text command \textprod (encoding L8U) on input line 2874.
LaTeX Encoding Info:    Redeclaring text command \textamalg (encoding L8U) on input line 2875.
LaTeX Encoding Info:    Redeclaring text command \textsum (encoding L8U) on input line 2876.
LaTeX Encoding Info:    Redeclaring text command \textminus (encoding L8U) on input line 2877.
LaTeX Encoding Info:    Redeclaring text command \textmp (encoding L8U) on input line 2878.
LaTeX Encoding Info:    Redeclaring text command \textdotplus (encoding L8U) on input line 2879.
LaTeX Encoding Info:    Redeclaring text command \textDivides (encoding L8U) on input line 2880.
LaTeX Encoding Info:    Redeclaring text command \textDividesNot (encoding L8U) on input line 2881.
LaTeX Encoding Info:    Redeclaring text command \textsetminus (encoding L8U) on input line 2882.
LaTeX Encoding Info:    Redeclaring text command \textast (encoding L8U) on input line 2883.
LaTeX Encoding Info:    Redeclaring text command \textcirc (encoding L8U) on input line 2884.
LaTeX Encoding Info:    Redeclaring text command \textbulletoperator (encoding L8U) on input line 2885.
LaTeX Encoding Info:    Redeclaring text command \textsurd (encoding L8U) on input line 2886.
LaTeX Encoding Info:    Redeclaring text command \textpropto (encoding L8U) on input line 2888.
LaTeX Encoding Info:    Redeclaring text command \textinfty (encoding L8U) on input line 2889.
LaTeX Encoding Info:    Redeclaring text command \textangle (encoding L8U) on input line 2891.
LaTeX Encoding Info:    Redeclaring text command \textmeasuredangle (encoding L8U) on input line 2892.
LaTeX Encoding Info:    Redeclaring text command \textsphericalangle (encoding L8U) on input line 2893.
LaTeX Encoding Info:    Redeclaring text command \textmid (encoding L8U) on input line 2894.
LaTeX Encoding Info:    Redeclaring text command \textnmid (encoding L8U) on input line 2895.
LaTeX Encoding Info:    Redeclaring text command \textparallel (encoding L8U) on input line 2896.
LaTeX Encoding Info:    Redeclaring text command \textnparallel (encoding L8U) on input line 2897.
LaTeX Encoding Info:    Redeclaring text command \textwedge (encoding L8U) on input line 2898.
LaTeX Encoding Info:    Redeclaring text command \textowedge (encoding L8U) on input line 2899.
LaTeX Encoding Info:    Redeclaring text command \textvee (encoding L8U) on input line 2900.
LaTeX Encoding Info:    Redeclaring text command \textovee (encoding L8U) on input line 2901.
LaTeX Encoding Info:    Redeclaring text command \textcap (encoding L8U) on input line 2902.
LaTeX Encoding Info:    Redeclaring text command \textcup (encoding L8U) on input line 2903.
LaTeX Encoding Info:    Redeclaring text command \textint (encoding L8U) on input line 2904.
LaTeX Encoding Info:    Redeclaring text command \textiint (encoding L8U) on input line 2905.
LaTeX Encoding Info:    Redeclaring text command \textiiint (encoding L8U) on input line 2906.
LaTeX Encoding Info:    Redeclaring text command \textoint (encoding L8U) on input line 2907.
LaTeX Encoding Info:    Redeclaring text command \textoiint (encoding L8U) on input line 2908.
LaTeX Encoding Info:    Redeclaring text command \textointclockwise (encoding L8U) on input line 2910.
LaTeX Encoding Info:    Redeclaring text command \textointctrclockwise (encoding L8U) on input line 2911.
LaTeX Encoding Info:    Redeclaring text command \texttherefore (encoding L8U) on input line 2912.
LaTeX Encoding Info:    Redeclaring text command \textbecause (encoding L8U) on input line 2913.
LaTeX Encoding Info:    Redeclaring text command \textvdotdot (encoding L8U) on input line 2914.
LaTeX Encoding Info:    Redeclaring text command \textsquaredots (encoding L8U) on input line 2915.
LaTeX Encoding Info:    Redeclaring text command \textdotminus (encoding L8U) on input line 2916.
LaTeX Encoding Info:    Redeclaring text command \texteqcolon (encoding L8U) on input line 2917.
LaTeX Encoding Info:    Redeclaring text command \textsim (encoding L8U) on input line 2919.
LaTeX Encoding Info:    Redeclaring text command \textbacksim (encoding L8U) on input line 2920.
LaTeX Encoding Info:    Redeclaring text command \textnbacksim (encoding L8U) on input line 2921.
LaTeX Encoding Info:    Redeclaring text command \textwr (encoding L8U) on input line 2922.
LaTeX Encoding Info:    Redeclaring text command \textnsim (encoding L8U) on input line 2923.
LaTeX Encoding Info:    Redeclaring text command \texteqsim (encoding L8U) on input line 2924.
LaTeX Encoding Info:    Redeclaring text command \textneqsim (encoding L8U) on input line 2925.
LaTeX Encoding Info:    Redeclaring text command \textsimeq (encoding L8U) on input line 2926.
LaTeX Encoding Info:    Redeclaring text command \textnsimeq (encoding L8U) on input line 2927.
LaTeX Encoding Info:    Redeclaring text command \textcong (encoding L8U) on input line 2928.
LaTeX Encoding Info:    Redeclaring text command \textncong (encoding L8U) on input line 2930.
LaTeX Encoding Info:    Redeclaring text command \textapprox (encoding L8U) on input line 2931.
LaTeX Encoding Info:    Redeclaring text command \textnapprox (encoding L8U) on input line 2932.
LaTeX Encoding Info:    Redeclaring text command \textapproxeq (encoding L8U) on input line 2933.
LaTeX Encoding Info:    Redeclaring text command \textnapproxeq (encoding L8U) on input line 2934.
LaTeX Encoding Info:    Redeclaring text command \texttriplesim (encoding L8U) on input line 2935.
LaTeX Encoding Info:    Redeclaring text command \textntriplesim (encoding L8U) on input line 2936.
LaTeX Encoding Info:    Redeclaring text command \textbackcong (encoding L8U) on input line 2937.
LaTeX Encoding Info:    Redeclaring text command \textnbackcong (encoding L8U) on input line 2938.
LaTeX Encoding Info:    Redeclaring text command \textasymp (encoding L8U) on input line 2939.
LaTeX Encoding Info:    Redeclaring text command \textnasymp (encoding L8U) on input line 2940.
LaTeX Encoding Info:    Redeclaring text command \textBumpeq (encoding L8U) on input line 2941.
LaTeX Encoding Info:    Redeclaring text command \textnBumpeq (encoding L8U) on input line 2942.
LaTeX Encoding Info:    Redeclaring text command \textbumpeq (encoding L8U) on input line 2943.
LaTeX Encoding Info:    Redeclaring text command \textnbumpeq (encoding L8U) on input line 2944.
LaTeX Encoding Info:    Redeclaring text command \textdoteq (encoding L8U) on input line 2945.
LaTeX Encoding Info:    Redeclaring text command \textndoteq (encoding L8U) on input line 2946.
LaTeX Encoding Info:    Redeclaring text command \textdoteqdot (encoding L8U) on input line 2947.
LaTeX Encoding Info:    Redeclaring text command \textnDoteq (encoding L8U) on input line 2948.
LaTeX Encoding Info:    Redeclaring text command \textfallingdoteq (encoding L8U) on input line 2949.
LaTeX Encoding Info:    Redeclaring text command \textnfallingdoteq (encoding L8U) on input line 2950.
LaTeX Encoding Info:    Redeclaring text command \textrisingdoteq (encoding L8U) on input line 2951.
LaTeX Encoding Info:    Redeclaring text command \textnrisingdoteq (encoding L8U) on input line 2952.
LaTeX Encoding Info:    Redeclaring text command \textcolonequals (encoding L8U) on input line 2953.
LaTeX Encoding Info:    Redeclaring text command \textequalscolon (encoding L8U) on input line 2954.
LaTeX Encoding Info:    Redeclaring text command \texteqcirc (encoding L8U) on input line 2955.
LaTeX Encoding Info:    Redeclaring text command \textneqcirc (encoding L8U) on input line 2956.
LaTeX Encoding Info:    Redeclaring text command \textcirceq (encoding L8U) on input line 2957.
LaTeX Encoding Info:    Redeclaring text command \textncirceq (encoding L8U) on input line 2958.
LaTeX Encoding Info:    Redeclaring text command \texthateq (encoding L8U) on input line 2960.
LaTeX Encoding Info:    Redeclaring text command \textnhateq (encoding L8U) on input line 2961.
LaTeX Encoding Info:    Redeclaring text command \texttriangleeq (encoding L8U) on input line 2963.
LaTeX Encoding Info:    Redeclaring text command \textneq (encoding L8U) on input line 2965.
LaTeX Encoding Info:    Redeclaring text command \textne (encoding L8U) on input line 2966.
LaTeX Encoding Info:    Redeclaring text command \textequiv (encoding L8U) on input line 2967.
LaTeX Encoding Info:    Redeclaring text command \textnequiv (encoding L8U) on input line 2968.
LaTeX Encoding Info:    Redeclaring text command \textleq (encoding L8U) on input line 2970.
LaTeX Encoding Info:    Redeclaring text command \textle (encoding L8U) on input line 2971.
LaTeX Encoding Info:    Redeclaring text command \textgeq (encoding L8U) on input line 2972.
LaTeX Encoding Info:    Redeclaring text command \textge (encoding L8U) on input line 2973.
LaTeX Encoding Info:    Redeclaring text command \textleqq (encoding L8U) on input line 2974.
LaTeX Encoding Info:    Redeclaring text command \textnleqq (encoding L8U) on input line 2975.
LaTeX Encoding Info:    Redeclaring text command \textgeqq (encoding L8U) on input line 2976.
LaTeX Encoding Info:    Redeclaring text command \textngeqq (encoding L8U) on input line 2977.
LaTeX Encoding Info:    Redeclaring text command \textlneqq (encoding L8U) on input line 2978.
LaTeX Encoding Info:    Redeclaring text command \textgneqq (encoding L8U) on input line 2979.
LaTeX Encoding Info:    Redeclaring text command \textll (encoding L8U) on input line 2980.
LaTeX Encoding Info:    Redeclaring text command \textnll (encoding L8U) on input line 2981.
LaTeX Encoding Info:    Redeclaring text command \textgg (encoding L8U) on input line 2982.
LaTeX Encoding Info:    Redeclaring text command \textngg (encoding L8U) on input line 2983.
LaTeX Encoding Info:    Redeclaring text command \textbetween (encoding L8U) on input line 2984.
LaTeX Encoding Info:    Redeclaring text command \textnless (encoding L8U) on input line 2986.
LaTeX Encoding Info:    Redeclaring text command \textngtr (encoding L8U) on input line 2987.
LaTeX Encoding Info:    Redeclaring text command \textnleq (encoding L8U) on input line 2988.
LaTeX Encoding Info:    Redeclaring text command \textngeq (encoding L8U) on input line 2989.
LaTeX Encoding Info:    Redeclaring text command \textlesssim (encoding L8U) on input line 2990.
LaTeX Encoding Info:    Redeclaring text command \textgtrsim (encoding L8U) on input line 2991.
LaTeX Encoding Info:    Redeclaring text command \textnlesssim (encoding L8U) on input line 2992.
LaTeX Encoding Info:    Redeclaring text command \textngtrsim (encoding L8U) on input line 2993.
LaTeX Encoding Info:    Redeclaring text command \textlessgtr (encoding L8U) on input line 2994.
LaTeX Encoding Info:    Redeclaring text command \textgtrless (encoding L8U) on input line 2995.
LaTeX Encoding Info:    Redeclaring text command \textngtrless (encoding L8U) on input line 2996.
LaTeX Encoding Info:    Redeclaring text command \textnlessgtr (encoding L8U) on input line 2997.
LaTeX Encoding Info:    Redeclaring text command \textprec (encoding L8U) on input line 2998.
LaTeX Encoding Info:    Redeclaring text command \textsucc (encoding L8U) on input line 2999.
LaTeX Encoding Info:    Redeclaring text command \textpreccurlyeq (encoding L8U) on input line 3000.
LaTeX Encoding Info:    Redeclaring text command \textsucccurlyeq (encoding L8U) on input line 3001.
LaTeX Encoding Info:    Redeclaring text command \textprecsim (encoding L8U) on input line 3002.
LaTeX Encoding Info:    Redeclaring text command \textnprecsim (encoding L8U) on input line 3003.
LaTeX Encoding Info:    Redeclaring text command \textsuccsim (encoding L8U) on input line 3004.
LaTeX Encoding Info:    Redeclaring text command \textnsuccsim (encoding L8U) on input line 3005.
LaTeX Encoding Info:    Redeclaring text command \textnprec (encoding L8U) on input line 3006.
LaTeX Encoding Info:    Redeclaring text command \textnsucc (encoding L8U) on input line 3007.
LaTeX Encoding Info:    Redeclaring text command \textsubset (encoding L8U) on input line 3008.
LaTeX Encoding Info:    Redeclaring text command \textsupset (encoding L8U) on input line 3009.
LaTeX Encoding Info:    Redeclaring text command \textnsubset (encoding L8U) on input line 3010.
LaTeX Encoding Info:    Redeclaring text command \textnsupset (encoding L8U) on input line 3011.
LaTeX Encoding Info:    Redeclaring text command \textsubseteq (encoding L8U) on input line 3012.
LaTeX Encoding Info:    Redeclaring text command \textsupseteq (encoding L8U) on input line 3013.
LaTeX Encoding Info:    Redeclaring text command \textnsubseteq (encoding L8U) on input line 3014.
LaTeX Encoding Info:    Redeclaring text command \textnsupseteq (encoding L8U) on input line 3015.
LaTeX Encoding Info:    Redeclaring text command \textsubsetneq (encoding L8U) on input line 3016.
LaTeX Encoding Info:    Redeclaring text command \textsupsetneq (encoding L8U) on input line 3017.
LaTeX Encoding Info:    Redeclaring text command \textcupdot (encoding L8U) on input line 3019.
LaTeX Encoding Info:    Redeclaring text command \textcupplus (encoding L8U) on input line 3020.
LaTeX Encoding Info:    Redeclaring text command \textsqsubset (encoding L8U) on input line 3021.
LaTeX Encoding Info:    Redeclaring text command \textnsqsubset (encoding L8U) on input line 3022.
LaTeX Encoding Info:    Redeclaring text command \textsqsupset (encoding L8U) on input line 3023.
LaTeX Encoding Info:    Redeclaring text command \textnsqsupset (encoding L8U) on input line 3024.
LaTeX Encoding Info:    Redeclaring text command \textsqsubseteq (encoding L8U) on input line 3025.
LaTeX Encoding Info:    Redeclaring text command \textnsqsubseteq (encoding L8U) on input line 3026.
LaTeX Encoding Info:    Redeclaring text command \textsqsupseteq (encoding L8U) on input line 3027.
LaTeX Encoding Info:    Redeclaring text command \textnsqsupseteq (encoding L8U) on input line 3028.
LaTeX Encoding Info:    Redeclaring text command \textsqcap (encoding L8U) on input line 3029.
LaTeX Encoding Info:    Redeclaring text command \textsqcup (encoding L8U) on input line 3030.
LaTeX Encoding Info:    Redeclaring text command \textoplus (encoding L8U) on input line 3031.
LaTeX Encoding Info:    Redeclaring text command \textominus (encoding L8U) on input line 3032.
LaTeX Encoding Info:    Redeclaring text command \textotimes (encoding L8U) on input line 3033.
LaTeX Encoding Info:    Redeclaring text command \textoslash (encoding L8U) on input line 3034.
LaTeX Encoding Info:    Redeclaring text command \textodot (encoding L8U) on input line 3035.
LaTeX Encoding Info:    Redeclaring text command \textcircledcirc (encoding L8U) on input line 3036.
LaTeX Encoding Info:    Redeclaring text command \textcircledast (encoding L8U) on input line 3037.
LaTeX Encoding Info:    Redeclaring text command \textcircleddash (encoding L8U) on input line 3039.
LaTeX Encoding Info:    Redeclaring text command \textboxplus (encoding L8U) on input line 3040.
LaTeX Encoding Info:    Redeclaring text command \textboxminus (encoding L8U) on input line 3041.
LaTeX Encoding Info:    Redeclaring text command \textboxtimes (encoding L8U) on input line 3042.
LaTeX Encoding Info:    Redeclaring text command \textboxdot (encoding L8U) on input line 3043.
LaTeX Encoding Info:    Redeclaring text command \textvdash (encoding L8U) on input line 3044.
LaTeX Encoding Info:    Redeclaring text command \textdashv (encoding L8U) on input line 3045.
LaTeX Encoding Info:    Redeclaring text command \textndashv (encoding L8U) on input line 3046.
LaTeX Encoding Info:    Redeclaring text command \texttop (encoding L8U) on input line 3047.
LaTeX Encoding Info:    Redeclaring text command \textndownvdash (encoding L8U) on input line 3048.
LaTeX Encoding Info:    Redeclaring text command \textbot (encoding L8U) on input line 3049.
LaTeX Encoding Info:    Redeclaring text command \textnupvdash (encoding L8U) on input line 3050.
LaTeX Encoding Info:    Redeclaring text command \textvDash (encoding L8U) on input line 3052.
LaTeX Encoding Info:    Redeclaring text command \textVdash (encoding L8U) on input line 3053.
LaTeX Encoding Info:    Redeclaring text command \textVvdash (encoding L8U) on input line 3054.
LaTeX Encoding Info:    Redeclaring text command \textnVvash (encoding L8U) on input line 3055.
LaTeX Encoding Info:    Redeclaring text command \textVDash (encoding L8U) on input line 3056.
LaTeX Encoding Info:    Redeclaring text command \textnvdash (encoding L8U) on input line 3057.
LaTeX Encoding Info:    Redeclaring text command \textnvDash (encoding L8U) on input line 3058.
LaTeX Encoding Info:    Redeclaring text command \textnVdash (encoding L8U) on input line 3059.
LaTeX Encoding Info:    Redeclaring text command \textnVDash (encoding L8U) on input line 3060.
LaTeX Encoding Info:    Redeclaring text command \textlhd (encoding L8U) on input line 3062.
LaTeX Encoding Info:    Redeclaring text command \textrhd (encoding L8U) on input line 3063.
LaTeX Encoding Info:    Redeclaring text command \textunlhd (encoding L8U) on input line 3064.
LaTeX Encoding Info:    Redeclaring text command \textunrhd (encoding L8U) on input line 3065.
LaTeX Encoding Info:    Redeclaring text command \textmultimapdotbothA (encoding L8U) on input line 3066.
LaTeX Encoding Info:    Redeclaring text command \textmultimapdotbothB (encoding L8U) on input line 3067.
LaTeX Encoding Info:    Redeclaring text command \textmultimap (encoding L8U) on input line 3068.
LaTeX Encoding Info:    Redeclaring text command \textveebar (encoding L8U) on input line 3070.
LaTeX Encoding Info:    Redeclaring text command \textbarwedge (encoding L8U) on input line 3071.
LaTeX Encoding Info:    Redeclaring text command \textstar (encoding L8U) on input line 3073.
LaTeX Encoding Info:    Redeclaring text command \textdivideontimes (encoding L8U) on input line 3074.
LaTeX Encoding Info:    Redeclaring text command \textbowtie (encoding L8U) on input line 3075.
LaTeX Encoding Info:    Redeclaring text command \textltimes (encoding L8U) on input line 3076.
LaTeX Encoding Info:    Redeclaring text command \textrtimes (encoding L8U) on input line 3077.
LaTeX Encoding Info:    Redeclaring text command \textleftthreetimes (encoding L8U) on input line 3078.
LaTeX Encoding Info:    Redeclaring text command \textrightthreetimes (encoding L8U) on input line 3079.
LaTeX Encoding Info:    Redeclaring text command \textbacksimeq (encoding L8U) on input line 3080.
LaTeX Encoding Info:    Redeclaring text command \textnbacksimeq (encoding L8U) on input line 3081.
LaTeX Encoding Info:    Redeclaring text command \textcurlyvee (encoding L8U) on input line 3082.
LaTeX Encoding Info:    Redeclaring text command \textcurlywedge (encoding L8U) on input line 3083.
LaTeX Encoding Info:    Redeclaring text command \textSubset (encoding L8U) on input line 3084.
LaTeX Encoding Info:    Redeclaring text command \textnSubset (encoding L8U) on input line 3085.
LaTeX Encoding Info:    Redeclaring text command \textSupset (encoding L8U) on input line 3086.
LaTeX Encoding Info:    Redeclaring text command \textnSupset (encoding L8U) on input line 3087.
LaTeX Encoding Info:    Redeclaring text command \textCap (encoding L8U) on input line 3088.
LaTeX Encoding Info:    Redeclaring text command \textCup (encoding L8U) on input line 3089.
LaTeX Encoding Info:    Redeclaring text command \textpitchfork (encoding L8U) on input line 3090.
LaTeX Encoding Info:    Redeclaring text command \textlessdot (encoding L8U) on input line 3092.
LaTeX Encoding Info:    Redeclaring text command \textgtrdot (encoding L8U) on input line 3093.
LaTeX Encoding Info:    Redeclaring text command \textlll (encoding L8U) on input line 3094.
LaTeX Encoding Info:    Redeclaring text command \textggg (encoding L8U) on input line 3095.
LaTeX Encoding Info:    Redeclaring text command \textlesseqgtr (encoding L8U) on input line 3096.
LaTeX Encoding Info:    Redeclaring text command \textgtreqless (encoding L8U) on input line 3097.
LaTeX Encoding Info:    Redeclaring text command \textcurlyeqprec (encoding L8U) on input line 3098.
LaTeX Encoding Info:    Redeclaring text command \textncurlyeqprec (encoding L8U) on input line 3099.
LaTeX Encoding Info:    Redeclaring text command \textcurlyeqsucc (encoding L8U) on input line 3100.
LaTeX Encoding Info:    Redeclaring text command \textncurlyeqsucc (encoding L8U) on input line 3101.
LaTeX Encoding Info:    Redeclaring text command \textnpreccurlyeq (encoding L8U) on input line 3102.
LaTeX Encoding Info:    Redeclaring text command \textnsucccurlyeq (encoding L8U) on input line 3103.
LaTeX Encoding Info:    Redeclaring text command \textnqsubseteq (encoding L8U) on input line 3104.
LaTeX Encoding Info:    Redeclaring text command \textnqsupseteq (encoding L8U) on input line 3105.
LaTeX Encoding Info:    Redeclaring text command \textsqsubsetneq (encoding L8U) on input line 3106.
LaTeX Encoding Info:    Redeclaring text command \textsqsupsetneq (encoding L8U) on input line 3107.
LaTeX Encoding Info:    Redeclaring text command \textlnsim (encoding L8U) on input line 3108.
LaTeX Encoding Info:    Redeclaring text command \textgnsim (encoding L8U) on input line 3109.
LaTeX Encoding Info:    Redeclaring text command \textprecnsim (encoding L8U) on input line 3110.
LaTeX Encoding Info:    Redeclaring text command \textsuccnsim (encoding L8U) on input line 3111.
LaTeX Encoding Info:    Redeclaring text command \textntriangleleft (encoding L8U) on input line 3112.
LaTeX Encoding Info:    Redeclaring text command \textntriangleright (encoding L8U) on input line 3113.
LaTeX Encoding Info:    Redeclaring text command \textntrianglelefteq (encoding L8U) on input line 3114.
LaTeX Encoding Info:    Redeclaring text command \textntrianglerighteq (encoding L8U) on input line 3115.
LaTeX Encoding Info:    Redeclaring text command \textvdots (encoding L8U) on input line 3116.
LaTeX Encoding Info:    Redeclaring text command \textcdots (encoding L8U) on input line 3117.
LaTeX Encoding Info:    Redeclaring text command \textudots (encoding L8U) on input line 3118.
LaTeX Encoding Info:    Redeclaring text command \textddots (encoding L8U) on input line 3119.
LaTeX Encoding Info:    Redeclaring text command \textbarin (encoding L8U) on input line 3120.
LaTeX Encoding Info:    Redeclaring text command \textperp (encoding L8U) on input line 3541.
LaTeX Encoding Info:    Redeclaring text command \textnotperp (encoding L8U) on input line 3542.
LaTeX Encoding Info:    Redeclaring text command \textveedot (encoding L8U) on input line 3543.
LaTeX Encoding Info:    Redeclaring text command \textwedgedot (encoding L8U) on input line 3544.
LaTeX Encoding Info:    Redeclaring text command \textleftspoon (encoding L8U) on input line 3545.
LaTeX Encoding Info:    Redeclaring text command \textlbrackdbl (encoding L8U) on input line 3546.
LaTeX Encoding Info:    Redeclaring text command \textrbrackdbl (encoding L8U) on input line 3547.
LaTeX Encoding Info:    Redeclaring text command \textcirclearrowleft (encoding L8U) on input line 3552.
LaTeX Encoding Info:    Redeclaring text command \textcirclearrowright (encoding L8U) on input line 3553.
LaTeX Encoding Info:    Redeclaring text command \textlongleftarrow (encoding L8U) on input line 3555.
LaTeX Encoding Info:    Redeclaring text command \textlongrightarrow (encoding L8U) on input line 3556.
LaTeX Encoding Info:    Redeclaring text command \textlongleftrightarrow (encoding L8U) on input line 3557.
LaTeX Encoding Info:    Redeclaring text command \textLongleftarrow (encoding L8U) on input line 3558.
LaTeX Encoding Info:    Redeclaring text command \textLongrightarrow (encoding L8U) on input line 3559.
LaTeX Encoding Info:    Redeclaring text command \textLongleftrightarrow (encoding L8U) on input line 3560.
LaTeX Encoding Info:    Redeclaring text command \textlongmapsto (encoding L8U) on input line 3562.
LaTeX Encoding Info:    Redeclaring text command \textLongmapsfrom (encoding L8U) on input line 3563.
LaTeX Encoding Info:    Redeclaring text command \textLongmapsto (encoding L8U) on input line 3564.
LaTeX Encoding Info:    Redeclaring text command \textnwsearrow (encoding L8U) on input line 3570.
LaTeX Encoding Info:    Redeclaring text command \textneswarrow (encoding L8U) on input line 3571.
LaTeX Encoding Info:    Redeclaring text command \textlhooknwarrow (encoding L8U) on input line 3572.
LaTeX Encoding Info:    Redeclaring text command \textrhooknearrow (encoding L8U) on input line 3573.
LaTeX Encoding Info:    Redeclaring text command \textlhooksearrow (encoding L8U) on input line 3574.
LaTeX Encoding Info:    Redeclaring text command \textrhookswarrow (encoding L8U) on input line 3575.
LaTeX Encoding Info:    Redeclaring text command \textleadsto (encoding L8U) on input line 3577.
LaTeX Encoding Info:    Redeclaring text command \textrcurvearrowne (encoding L8U) on input line 3578.
LaTeX Encoding Info:    Redeclaring text command \textlcurvearrowse (encoding L8U) on input line 3579.
LaTeX Encoding Info:    Redeclaring text command \textlcurvearrowsw (encoding L8U) on input line 3580.
LaTeX Encoding Info:    Redeclaring text command \textrcurvearrowse (encoding L8U) on input line 3581.
LaTeX Encoding Info:    Redeclaring text command \textlcurvearrowdown (encoding L8U) on input line 3582.
LaTeX Encoding Info:    Redeclaring text command \textrcurvearrowdown (encoding L8U) on input line 3583.
LaTeX Encoding Info:    Redeclaring text command \textrcurvearrowleft (encoding L8U) on input line 3584.
LaTeX Encoding Info:    Redeclaring text command \textrcurvearrowright (encoding L8U) on input line 3585.
LaTeX Encoding Info:    Redeclaring text command \textleftrightharpoon (encoding L8U) on input line 3587.
LaTeX Encoding Info:    Redeclaring text command \textrightleftharpoon (encoding L8U) on input line 3588.
LaTeX Encoding Info:    Redeclaring text command \textupdownharpoonrightleft (encoding L8U) on input line 3589.
LaTeX Encoding Info:    Redeclaring text command \textupdownharpoonleftright (encoding L8U) on input line 3590.
LaTeX Encoding Info:    Redeclaring text command \textleftleftharpoons (encoding L8U) on input line 3592.
LaTeX Encoding Info:    Redeclaring text command \textupupharpoons (encoding L8U) on input line 3593.
LaTeX Encoding Info:    Redeclaring text command \textrightrightharpoons (encoding L8U) on input line 3594.
LaTeX Encoding Info:    Redeclaring text command \textdowndownharpoons (encoding L8U) on input line 3595.
LaTeX Encoding Info:    Redeclaring text command \textleftbarharpoon (encoding L8U) on input line 3597.
LaTeX Encoding Info:    Redeclaring text command \textbarleftharpoon (encoding L8U) on input line 3598.
LaTeX Encoding Info:    Redeclaring text command \textrightbarharpoon (encoding L8U) on input line 3599.
LaTeX Encoding Info:    Redeclaring text command \textbarrightharpoon (encoding L8U) on input line 3600.
LaTeX Encoding Info:    Redeclaring text command \textupdownharpoons (encoding L8U) on input line 3601.
LaTeX Encoding Info:    Redeclaring text command \textdownupharpoons (encoding L8U) on input line 3602.
LaTeX Encoding Info:    Redeclaring text command \textmoo (encoding L8U) on input line 3604.
LaTeX Encoding Info:    Redeclaring text command \textllparenthesis (encoding L8U) on input line 3609.
LaTeX Encoding Info:    Redeclaring text command \textrrparenthesis (encoding L8U) on input line 3610.
LaTeX Encoding Info:    Redeclaring text command \textinvdiameter (encoding L8U) on input line 3612.
LaTeX Encoding Info:    Redeclaring text command \textobar (encoding L8U) on input line 3614.
LaTeX Encoding Info:    Redeclaring text command \textobslash (encoding L8U) on input line 3616.
LaTeX Encoding Info:    Redeclaring text command \textobot (encoding L8U) on input line 3618.
LaTeX Encoding Info:    Redeclaring text command \textNoChemicalCleaning (encoding L8U) on input line 3619.
LaTeX Encoding Info:    Redeclaring text command \textolessthan (encoding L8U) on input line 3621.
LaTeX Encoding Info:    Redeclaring text command \textogreaterthan (encoding L8U) on input line 3622.
LaTeX Encoding Info:    Redeclaring text command \textboxslash (encoding L8U) on input line 3624.
LaTeX Encoding Info:    Redeclaring text command \textboxbslash (encoding L8U) on input line 3625.
LaTeX Encoding Info:    Redeclaring text command \textboxast (encoding L8U) on input line 3626.
LaTeX Encoding Info:    Redeclaring text command \textboxcircle (encoding L8U) on input line 3627.
LaTeX Encoding Info:    Redeclaring text command \textboxbox (encoding L8U) on input line 3628.
LaTeX Encoding Info:    Redeclaring text command \textValve (encoding L8U) on input line 3630.
LaTeX Encoding Info:    Redeclaring text command \textmultimapboth (encoding L8U) on input line 3631.
LaTeX Encoding Info:    Redeclaring text command \textshuffle (encoding L8U) on input line 3633.
LaTeX Encoding Info:    Redeclaring text command \textuplus (encoding L8U) on input line 3638.
LaTeX Encoding Info:    Redeclaring text command \textbigdoublewedge (encoding L8U) on input line 3639.
LaTeX Encoding Info:    Redeclaring text command \textbigdoublevee (encoding L8U) on input line 3640.
LaTeX Encoding Info:    Redeclaring text command \textJoin (encoding L8U) on input line 3641.
LaTeX Encoding Info:    Redeclaring text command \textfatsemi (encoding L8U) on input line 3643.
LaTeX Encoding Info:    Redeclaring text command \textcircplus (encoding L8U) on input line 3644.
LaTeX Encoding Info:    Redeclaring text command \textminusdot (encoding L8U) on input line 3645.
LaTeX Encoding Info:    Redeclaring text command \textdottimes (encoding L8U) on input line 3646.
LaTeX Encoding Info:    Redeclaring text command \textdtimes (encoding L8U) on input line 3647.
LaTeX Encoding Info:    Redeclaring text command \textodiv (encoding L8U) on input line 3648.
LaTeX Encoding Info:    Redeclaring text command \textinvneg (encoding L8U) on input line 3649.
LaTeX Encoding Info:    Redeclaring text command \textcapdot (encoding L8U) on input line 3650.
LaTeX Encoding Info:    Redeclaring text command \textsqdoublecap (encoding L8U) on input line 3651.
LaTeX Encoding Info:    Redeclaring text command \textsqdoublecup (encoding L8U) on input line 3652.
LaTeX Encoding Info:    Redeclaring text command \textdoublewedge (encoding L8U) on input line 3653.
LaTeX Encoding Info:    Redeclaring text command \textdoublevee (encoding L8U) on input line 3654.
LaTeX Encoding Info:    Redeclaring text command \textdoublebarwedge (encoding L8U) on input line 3655.
LaTeX Encoding Info:    Redeclaring text command \textveedoublebar (encoding L8U) on input line 3656.
LaTeX Encoding Info:    Redeclaring text command \texteqdot (encoding L8U) on input line 3657.
LaTeX Encoding Info:    Redeclaring text command \textneqdot (encoding L8U) on input line 3658.
LaTeX Encoding Info:    Redeclaring text command \textcoloncolonequals (encoding L8U) on input line 3659.
LaTeX Encoding Info:    Redeclaring text command \textleqslant (encoding L8U) on input line 3660.
LaTeX Encoding Info:    Redeclaring text command \textnleqslant (encoding L8U) on input line 3661.
LaTeX Encoding Info:    Redeclaring text command \textgeqslant (encoding L8U) on input line 3662.
LaTeX Encoding Info:    Redeclaring text command \textngeqslant (encoding L8U) on input line 3663.
LaTeX Encoding Info:    Redeclaring text command \textlessapprox (encoding L8U) on input line 3664.
LaTeX Encoding Info:    Redeclaring text command \textnlessapprox (encoding L8U) on input line 3665.
LaTeX Encoding Info:    Redeclaring text command \textgtrapprox (encoding L8U) on input line 3666.
LaTeX Encoding Info:    Redeclaring text command \textngtrapprox (encoding L8U) on input line 3667.
LaTeX Encoding Info:    Redeclaring text command \textlneq (encoding L8U) on input line 3668.
LaTeX Encoding Info:    Redeclaring text command \textgneq (encoding L8U) on input line 3669.
LaTeX Encoding Info:    Redeclaring text command \textlnapprox (encoding L8U) on input line 3670.
LaTeX Encoding Info:    Redeclaring text command \textgnapprox (encoding L8U) on input line 3671.
LaTeX Encoding Info:    Redeclaring text command \textlesseqqgtr (encoding L8U) on input line 3672.
LaTeX Encoding Info:    Redeclaring text command \textgtreqqless (encoding L8U) on input line 3673.
LaTeX Encoding Info:    Redeclaring text command \texteqslantless (encoding L8U) on input line 3674.
LaTeX Encoding Info:    Redeclaring text command \texteqslantgtr (encoding L8U) on input line 3675.
LaTeX Encoding Info:    Redeclaring text command \textleftslice (encoding L8U) on input line 3676.
LaTeX Encoding Info:    Redeclaring text command \textrightslice (encoding L8U) on input line 3677.
LaTeX Encoding Info:    Redeclaring text command \textpreceq (encoding L8U) on input line 3678.
LaTeX Encoding Info:    Redeclaring text command \textnpreceq (encoding L8U) on input line 3679.
LaTeX Encoding Info:    Redeclaring text command \textsucceq (encoding L8U) on input line 3680.
LaTeX Encoding Info:    Redeclaring text command \textnsucceq (encoding L8U) on input line 3681.
LaTeX Encoding Info:    Redeclaring text command \textprecneq (encoding L8U) on input line 3682.
LaTeX Encoding Info:    Redeclaring text command \textsuccneq (encoding L8U) on input line 3683.
LaTeX Encoding Info:    Redeclaring text command \textpreceqq (encoding L8U) on input line 3684.
LaTeX Encoding Info:    Redeclaring text command \textnpreceqq (encoding L8U) on input line 3685.
LaTeX Encoding Info:    Redeclaring text command \textsucceqq (encoding L8U) on input line 3686.
LaTeX Encoding Info:    Redeclaring text command \textnsucceqq (encoding L8U) on input line 3687.
LaTeX Encoding Info:    Redeclaring text command \textprecneqq (encoding L8U) on input line 3688.
LaTeX Encoding Info:    Redeclaring text command \textsuccneqq (encoding L8U) on input line 3689.
LaTeX Encoding Info:    Redeclaring text command \textprecapprox (encoding L8U) on input line 3690.
LaTeX Encoding Info:    Redeclaring text command \textnprecapprox (encoding L8U) on input line 3691.
LaTeX Encoding Info:    Redeclaring text command \textsuccapprox (encoding L8U) on input line 3692.
LaTeX Encoding Info:    Redeclaring text command \textnsuccapprox (encoding L8U) on input line 3693.
LaTeX Encoding Info:    Redeclaring text command \textprecnapprox (encoding L8U) on input line 3694.
LaTeX Encoding Info:    Redeclaring text command \textsuccnapprox (encoding L8U) on input line 3695.
LaTeX Encoding Info:    Redeclaring text command \textsubseteqq (encoding L8U) on input line 3696.
LaTeX Encoding Info:    Redeclaring text command \textnsubseteqq (encoding L8U) on input line 3697.
LaTeX Encoding Info:    Redeclaring text command \textsupseteqq (encoding L8U) on input line 3698.
LaTeX Encoding Info:    Redeclaring text command \textnsupseteqq (encoding L8U) on input line 3699.
LaTeX Encoding Info:    Redeclaring text command \textdashV (encoding L8U) on input line 3700.
LaTeX Encoding Info:    Redeclaring text command \textndashV (encoding L8U) on input line 3701.
LaTeX Encoding Info:    Redeclaring text command \textDashv (encoding L8U) on input line 3702.
LaTeX Encoding Info:    Redeclaring text command \textnDashv (encoding L8U) on input line 3703.
LaTeX Encoding Info:    Redeclaring text command \textDashV (encoding L8U) on input line 3704.
LaTeX Encoding Info:    Redeclaring text command \textnDashV (encoding L8U) on input line 3705.
LaTeX Encoding Info:    Redeclaring text command \textdownmodels (encoding L8U) on input line 3706.
LaTeX Encoding Info:    Redeclaring text command \textndownmodels (encoding L8U) on input line 3707.
LaTeX Encoding Info:    Redeclaring text command \textupmodels (encoding L8U) on input line 3708.
LaTeX Encoding Info:    Redeclaring text command \textnupmodels (encoding L8U) on input line 3709.
LaTeX Encoding Info:    Redeclaring text command \textupspoon (encoding L8U) on input line 3710.
LaTeX Encoding Info:    Redeclaring text command \textinterleave (encoding L8U) on input line 3711.
LaTeX Encoding Info:    Redeclaring text command \textsslash (encoding L8U) on input line 3712.
LaTeX Encoding Info:    Redeclaring text command \textupstep (encoding L8U) on input line 3739.
LaTeX Encoding Info:    Redeclaring text command \textdownstep (encoding L8U) on input line 3740.
LaTeX Encoding Info:    Redeclaring text command \textcopyleft (encoding L8U) on input line 3810.
)
\pdfxsafeforxmp@toks=\toks18
 (/usr/share/texlive/texmf-dist/tex/latex/xcolor/xcolor.sty
Package: xcolor 2024/09/29 v3.02 LaTeX color extensions (UK)
 (/usr/share/texlive/texmf-dist/tex/latex/graphics-cfg/color.cfg
File: color.cfg 2016/01/02 v1.6 sample color configuration
)

Package xcolor Warning: Package option `hyperref' is obsolete and ignored on input line 265.

Package xcolor Info: Driver file: luatex.def on input line 274.
(/usr/share/texlive/texmf-dist/tex/latex/graphics-def/luatex.def
File: luatex.def 2025/09/29 v1.2f Graphics/color driver for luatex
) (/usr/share/texlive/texmf-dist/tex/latex/graphics/mathcolor.ltx)
Package xcolor Info: Model `cmy' substituted by `cmy0' on input line 1349.
Package xcolor Info: Model `hsb' substituted by `rgb' on input line 1353.
Package xcolor Info: Model `RGB' extended on input line 1365.
Package xcolor Info: Model `HTML' substituted by `rgb' on input line 1367.
Package xcolor Info: Model `Hsb' substituted by `hsb' on input line 1368.
Package xcolor Info: Model `tHsb' substituted by `hsb' on input line 1369.
Package xcolor Info: Model `HSB' substituted by `hsb' on input line 1370.
Package xcolor Info: Model `Gray' substituted by `gray' on input line 1371.
Package xcolor Info: Model `wave' substituted by `hsb' on input line 1372.
) (/usr/share/texlive/texmf-dist/tex/latex/graphics/dvipsnam.def
File: dvipsnam.def 2016/06/17 v3.0m Driver-dependent file (DPC,SPQR)
)
\pdfx@tmptoks=\toks19
 (/usr/share/texlive/texmf-dist/tex/latex/hyperref/hyperref.sty
Package: hyperref 2025-07-12 v7.01o Hypertext links for LaTeX
 (/usr/share/texlive/texmf-dist/tex/latex/graphics/keyval.sty
Package: keyval 2022/05/29 v1.15 key=value parser (DPC)
\KV@toks@=\toks20
) (/usr/share/texlive/texmf-dist/tex/latex/kvsetkeys/kvsetkeys.sty
Package: kvsetkeys 2022-10-05 v1.19 Key value parser (HO)
) (/usr/share/texlive/texmf-dist/tex/generic/kvdefinekeys/kvdefinekeys.sty
Package: kvdefinekeys 2019-12-19 v1.6 Define keys (HO)
) (/usr/share/texlive/texmf-dist/tex/generic/pdfescape/pdfescape.sty
Package: pdfescape 2019/12/09 v1.15 Implements pdfTeX's escape features (HO)
) (/usr/share/texlive/texmf-dist/tex/latex/hycolor/hycolor.sty
Package: hycolor 2020-01-27 v1.10 Color options for hyperref/bookmark (HO)
) (/usr/share/texlive/texmf-dist/tex/latex/hyperref/nameref.sty
Package: nameref 2025-06-21 v2.57 Cross-referencing by name of section
 (/usr/share/texlive/texmf-dist/tex/latex/refcount/refcount.sty
Package: refcount 2019/12/15 v3.6 Data extraction from label references (HO)
) (/usr/share/texlive/texmf-dist/tex/generic/gettitlestring/gettitlestring.sty
Package: gettitlestring 2019/12/15 v1.6 Cleanup title references (HO)
 (/usr/share/texlive/texmf-dist/tex/latex/kvoptions/kvoptions.sty
Package: kvoptions 2022-06-15 v3.15 Key value format for package options (HO)
))
\c@section@level=\count286
) (/usr/share/texlive/texmf-dist/tex/latex/etoolbox/etoolbox.sty
Package: etoolbox 2025/10/02 v2.5m e-TeX tools for LaTeX (JAW)
\etb@tempcnta=\count287
) (/usr/share/texlive/texmf-dist/tex/generic/stringenc/stringenc.sty
Package: stringenc 2019/11/29 v1.12 Convert strings between diff. encodings (HO)
)
\@linkdim=\dimen148
\Hy@linkcounter=\count288
\Hy@pagecounter=\count289
 (/usr/share/texlive/texmf-dist/tex/latex/hyperref/pd1enc.def
File: pd1enc.def 2025-07-12 v7.01o Hyperref: PDFDocEncoding definition (HO)
) (/usr/share/texlive/texmf-dist/tex/generic/intcalc/intcalc.sty
Package: intcalc 2019/12/15 v1.3 Expandable calculations with integers (HO)
)
\Hy@SavedSpaceFactor=\count290
 (/usr/share/texlive/texmf-dist/tex/latex/hyperref/puenc.def
File: puenc.def 2025-07-12 v7.01o Hyperref: PDF Unicode definition (HO)
 (/usr/share/texlive/texmf-dist/tex/latex/greek-fontenc/puenc-greek.def
File: puenc-greek.def 2023-09-12 2.5 Greek LICRs for PDF strings
 (/usr/share/texlive/texmf-dist/tex/latex/greek-fontenc/greek-fontenc.def
File: greek-fontenc.def 2023-09-12 2.5 Common Greek font encoding definitions
)
LaTeX Encoding Info:    Redeclaring text command \textmu (encoding PU) on input line 179.
)
LaTeX Encoding Info:    Redeclaring text command \textohm (encoding PU) on input line 1176.
)
Package hyperref Info: Option `pdfa' set `true' on input line 4066.
Package hyperref Info: Hyper figures OFF on input line 4195.
Package hyperref Info: Link nesting OFF on input line 4200.
Package hyperref Info: Hyper index ON on input line 4203.
Package hyperref Info: Plain pages OFF on input line 4210.
Package hyperref Info: Backreferencing OFF on input line 4215.
Package hyperref Info: Implicit mode ON; LaTeX internals redefined.
Package hyperref Info: Bookmarks ON on input line 4462.
\c@Hy@tempcnt=\count291
 (/usr/share/texlive/texmf-dist/tex/latex/url/url.sty
\Urlmuskip=\muskip17
Package: url 2013/09/16  ver 3.4  Verb mode for urls, etc.
)
LaTeX Info: Redefining \url on input line 4801.
\XeTeXLinkMargin=\dimen149
 (/usr/share/texlive/texmf-dist/tex/generic/bitset/bitset.sty
Package: bitset 2019/12/09 v1.3 Handle bit-vector datatype (HO)
 (/usr/share/texlive/texmf-dist/tex/generic/bigintcalc/bigintcalc.sty
Package: bigintcalc 2019/12/15 v1.5 Expandable calculations on big integers (HO)
))
\Fld@menulength=\count292
\Field@Width=\dimen150
\Fld@charsize=\dimen151
Package hyperref Info: Hyper figures OFF on input line 6078.
Package hyperref Info: Link nesting OFF on input line 6083.
Package hyperref Info: Hyper index ON on input line 6086.
Package hyperref Info: backreferencing OFF on input line 6093.
Package hyperref Info: Link coloring OFF on input line 6098.
Package hyperref Info: Link coloring with OCG OFF on input line 6103.
Package hyperref Info: PDF/A mode ON on input line 6106.
\Hy@abspage=\count293
\c@Item=\count294
\c@Hfootnote=\count295
)
Package hyperref Info: Driver: hluatex.
 (/usr/share/texlive/texmf-dist/tex/latex/hyperref/hluatex.def
File: hluatex.def 2025-07-12 v7.01o Hyperref driver for luaTeX
Package hyperref Info: 񑙳.񑙴:=1.4 on input line 238.
\Fld@listcount=\count296
\c@bookmark@seq@number=\count297
 (/usr/share/texlive/texmf-dist/tex/latex/rerunfilecheck/rerunfilecheck.sty
Package: rerunfilecheck 2025-06-21 v1.11 Rerun checks for auxiliary files (HO)
 (/usr/share/texlive/texmf-dist/tex/generic/uniquecounter/uniquecounter.sty
Package: uniquecounter 2019/12/15 v1.4 Provide unlimited unique counter (HO)
)
Package uniquecounter Info: New unique counter `rerunfilecheck' on input line 284.
)
\Hy@SectionHShift=\skip51
)
Package hyperref Info: Option `psdextra' set `true' on input line 1535.
 (/usr/share/texlive/texmf-dist/tex/latex/hyperref/psdextra.def
File: psdextra.def 2025-07-12 v7.01o Hyperref: Additions to PDF string support
LaTeX Encoding Info:    Redeclaring text command \textGamma (encoding PU) on input line 39.
LaTeX Encoding Info:    Redeclaring text command \textDelta (encoding PU) on input line 40.
LaTeX Encoding Info:    Redeclaring text command \textTheta (encoding PU) on input line 41.
LaTeX Encoding Info:    Redeclaring text command \textLambda (encoding PU) on input line 42.
LaTeX Encoding Info:    Redeclaring text command \textXi (encoding PU) on input line 43.
LaTeX Encoding Info:    Redeclaring text command \textPi (encoding PU) on input line 44.
LaTeX Encoding Info:    Redeclaring text command \textSigma (encoding PU) on input line 45.
LaTeX Encoding Info:    Redeclaring text command \textUpsilon (encoding PU) on input line 46.
LaTeX Encoding Info:    Redeclaring text command \textPhi (encoding PU) on input line 47.
LaTeX Encoding Info:    Redeclaring text command \textChi (encoding PU) on input line 48.
LaTeX Encoding Info:    Redeclaring text command \textPsi (encoding PU) on input line 49.
LaTeX Encoding Info:    Redeclaring text command \textOmega (encoding PU) on input line 50.
LaTeX Encoding Info:    Redeclaring text command \textalpha (encoding PU) on input line 51.
LaTeX Encoding Info:    Redeclaring text command \textbeta (encoding PU) on input line 52.
LaTeX Encoding Info:    Redeclaring text command \textgamma (encoding PU) on input line 53.
LaTeX Encoding Info:    Redeclaring text command \textdelta (encoding PU) on input line 54.
LaTeX Encoding Info:    Redeclaring text command \textepsilon (encoding PU) on input line 55.
LaTeX Encoding Info:    Redeclaring text command \textzeta (encoding PU) on input line 56.
LaTeX Encoding Info:    Redeclaring text command \texteta (encoding PU) on input line 57.
LaTeX Encoding Info:    Redeclaring text command \texttheta (encoding PU) on input line 58.
LaTeX Encoding Info:    Redeclaring text command \textiota (encoding PU) on input line 59.
LaTeX Encoding Info:    Redeclaring text command \textkappa (encoding PU) on input line 60.
LaTeX Encoding Info:    Redeclaring text command \textlambda (encoding PU) on input line 61.
LaTeX Encoding Info:    Redeclaring text command \textmugreek (encoding PU) on input line 62.
LaTeX Encoding Info:    Redeclaring text command \textnu (encoding PU) on input line 63.
LaTeX Encoding Info:    Redeclaring text command \textxi (encoding PU) on input line 64.
LaTeX Encoding Info:    Redeclaring text command \textpi (encoding PU) on input line 65.
LaTeX Encoding Info:    Redeclaring text command \textrho (encoding PU) on input line 66.
LaTeX Encoding Info:    Redeclaring text command \textvarsigma (encoding PU) on input line 67.
LaTeX Encoding Info:    Redeclaring text command \textsigma (encoding PU) on input line 68.
LaTeX Encoding Info:    Redeclaring text command \texttau (encoding PU) on input line 69.
LaTeX Encoding Info:    Redeclaring text command \textupsilon (encoding PU) on input line 70.
LaTeX Encoding Info:    Redeclaring text command \textphi (encoding PU) on input line 71.
LaTeX Encoding Info:    Redeclaring text command \textchi (encoding PU) on input line 72.
LaTeX Encoding Info:    Redeclaring text command \textpsi (encoding PU) on input line 73.
LaTeX Encoding Info:    Redeclaring text command \textomega (encoding PU) on input line 74.
) (/usr/share/texlive/texmf-dist/tex/latex/pdfx/AdobeColorProfiles.tex)
** pdfx: Metadata file thesis.xmpdata read successfully.
(./thesis.xmpdata)<<sRGB.icc>> (/usr/share/texlive/texmf-dist/tex/generic/pdftex/glyphtounicode.tex) (/usr/share/texlive/texmf-dist/tex/latex/pdfx/glyphtounicode-cmr.tex) (/usr/share/texlive/texmf-dist/tex/latex/pdfx/glyphtounicode-ntx.tex) (/usr/share/texlive/texmf-dist/tex/latex/base/ifthen.sty
Package: ifthen 2024/03/16 v1.1e Standard LaTeX ifthen package (DPC)
) (/usr/share/texlive/texmf-dist/tex/latex/xmpincl/xmpincl.sty
Package: xmpincl 2021/09/22 v2.4 Include XMP data in pdflatex
)
Using XMP template file: pdfa.xmp
\xmpinclWrite=\write3
\xmpinclRead=\read2

\openout3 = pdfa.xmpi
<<pdfa.xmpi>>

Package pdfx Warning: Setting all color commands to rgb,
consistent with the Color Model for PDF/A  on input line 3126.

) (/usr/share/texlive/texmf-dist/tex/latex/base/fontenc.sty
Package: fontenc 2025/07/18 v2.1d Standard LaTeX package
LaTeX Font Info:    Trying to load font information for T1+lmr on input line 116.
 (/usr/share/texmf/tex/latex/lm/t1lmr.fd
File: t1lmr.fd 2015/05/01 v1.6.1 Font defs for Latin Modern
)) (/usr/share/texlive/texmf-dist/tex/latex/base/inputenc.sty
Package: inputenc 2024/02/08 v1.3d Input encoding file
\inpenc@prehook=\toks21
\inpenc@posthook=\toks22


Package inputenc Warning: inputenc package ignored with utf8 based engines.

) (/usr/share/texlive/texmf-dist/tex/generic/babel/babel.sty
Package: babel 2026/01/18 v26.1 The multilingual framework for LuaLaTeX, pdfLaTeX and XeLaTeX
 (/usr/share/texlive/texmf-dist/tex/generic/babel/luababel.def
\bbl@readstream=\read3
\l@dumylang=\language2
Package babel Info: Non-standard hyphenation setup on input line 118.
\l@nohyphenation=\language3
\l@afrikaans=\language4
\l@macedonian=\language5
\l@panjabi=\language6
\l@belarusian=\language7
\l@piedmontese=\language8
\l@bulgarian=\language9
\l@irish=\language10
\l@oriya=\language11
\l@friulan=\language12
\l@german-x-2024-02-28=\language13
\l@spanish=\language14
\l@danish=\language15
\l@bokmal=\language16
\l@czech=\language17
\l@latvian=\language18
\l@hebrew=\language19
\l@romanian=\language20
\l@coptic=\language21
\l@turkmen=\language22
\l@galician=\language23
\l@farsi=\language24
\l@arabic=\language25
\l@usenglishmax=\language26
\l@nynorsk=\language27
\l@italian=\language28
\l@slovak=\language29
\l@catalan=\language30
\l@ukrainian=\language31
\l@albanian=\language32
\l@malayalam=\language33
\l@ngerman=\language34
\l@finnish=\language35
\l@slovenian=\language36
\l@georgian=\language37
\l@serbianc=\language38
\l@german=\language39
\l@indonesian=\language40
\l@serbian=\language41
\l@thai=\language42
\l@uppersorbian=\language43
\l@ibycus=\language44
\l@pali=\language45
\l@churchslavonic=\language46
\l@croatian=\language47
\l@occitan=\language48
\l@vietnamese=\language49
\l@armenian=\language50
\l@icelandic=\language51
\l@greek=\language52
\l@portuguese=\language53
\l@swedish=\language54
\l@interlingua=\language55
\l@ukenglish=\language56
\l@marathi=\language57
\l@esperanto=\language58
\l@mongolianlmc=\language59
\l@bengali=\language60
\l@gujarati=\language61
\l@romansh=\language62
\l@monogreek=\language63
\l@hindi=\language64
\l@mongolian=\language65
\l@hungarian=\language66
\l@latin=\language67
\l@schoolfinnish=\language68
\l@kannada=\language69
\l@tamil=\language70
\l@lithuanian=\language71
\l@ngerman-x-2024-02-28=\language72
\l@swissgerman=\language73
\l@sanskrit=\language74
\l@ancientgreek=\language75
\l@welsh=\language76
\l@telugu=\language77
\l@classiclatin=\language78
\l@russian=\language79
\l@polish=\language80
\l@basque=\language81
\l@ethiopic=\language82
\l@kurmanji=\language83
\l@assamese=\language84
\l@dutch=\language85
\l@french=\language86
\l@liturgicallatin=\language87
\l@estonian=\language88
\l@pinyin=\language89
\l@turkish=\language90
\babelcatcodetablenum=\catcodetable14
\bbl@pattcodes=\catcodetable15
)
\babel@savecnt=\count298
LaTeX Encoding Info:    Redeclaring text command \ij (encoding OT1) on input line 2078.
LaTeX Encoding Info:    Redeclaring text command \IJ (encoding OT1) on input line 2080.
LaTeX Encoding Info:    Redeclaring text command \ij (encoding T1) on input line 2082.
LaTeX Encoding Info:    Redeclaring text command \IJ (encoding T1) on input line 2083.
LaTeX Encoding Info:    Ignoring declaration for text command \ij (encoding ?) on input line 2084.
LaTeX Encoding Info:    Ignoring declaration for text command \IJ (encoding ?) on input line 2086.
LaTeX Encoding Info:    Ignoring declaration for text command \SS (encoding ?) on input line 2111.
\U@D=\dimen152
\l@unhyphenated=\language91
 (/usr/share/texlive/texmf-dist/tex/generic/babel/luababel.def
\bbl@attr@locale=\attribute4
) (/usr/share/texlive/texmf-dist/tex/generic/babel/locale/en/babel-english.tex)
Package babel Info: Importing font and identification data for english
(babel)             from babel-en.ini. Reported on input line 4330.
 (/usr/share/texlive/texmf-dist/tex/generic/babel-english/english.ldf
Language: english 2017/06/06 v3.3r English support from the babel system
Package babel Info: Hyphen rules for 'canadian' set to \l@english
(babel)             (\language0). Reported on input line 102.
Package babel Info: Hyphen rules for 'australian' set to \l@ukenglish
(babel)             (\language56). Reported on input line 105.
Package babel Info: Hyphen rules for 'newzealand' set to \l@ukenglish
(babel)             (\language56). Reported on input line 108.
)) (/usr/share/texlive/texmf-dist/tex/latex/bookmark/bookmark.sty
Package: bookmark 2023-12-10 v1.31 PDF bookmarks (HO)
 (/usr/share/texlive/texmf-dist/tex/latex/bookmark/bkm-pdftex.def
File: bkm-pdftex.def 2023-12-10 v1.31 bookmark driver for pdfTeX and luaTeX (HO)
\BKM@id=\count299
)) (/usr/share/texlive/texmf-dist/tex/latex/caption/caption.sty
Package: caption 2023/08/05 v3.6o Customizing captions (AR)
 (/usr/share/texlive/texmf-dist/tex/latex/caption/caption3.sty
Package: caption3 2023/07/31 v2.4d caption3 kernel (AR)
\caption@tempdima=\dimen153
\captionmargin=\dimen154
\caption@leftmargin=\dimen155
\caption@rightmargin=\dimen156
\caption@width=\dimen157
\caption@indent=\dimen158
\caption@parindent=\dimen159
\caption@hangindent=\dimen160
Package caption Info: Standard document class detected.
)
\c@caption@flags=\count300
\c@continuedfloat=\count301
Package caption Info: hyperref package is loaded.
) (/usr/share/texlive/texmf-dist/tex/latex/changepage/changepage.sty
Package: changepage 2009/10/20 v1.0c check page and change page layout
\c@cp@cntr=\count302
\cp@tempcnt=\count303
) (/usr/share/texlive/texmf-dist/tex/latex/tools/calc.sty
Package: calc 2025/03/01 v4.3b Infix arithmetic (KKT,FJ)
\calc@Acount=\count304
\calc@Bcount=\count305
\calc@Adimen=\dimen161
\calc@Bdimen=\dimen162
\calc@Askip=\skip52
\calc@Bskip=\skip53
LaTeX Info: Redefining \setlength on input line 86.
LaTeX Info: Redefining \addtolength on input line 87.
\calc@Ccount=\count306
\calc@Cskip=\skip54
) (/usr/share/texlive/texmf-dist/tex/latex/csquotes/csquotes.sty
Package: csquotes 2024-04-04 v5.2o context-sensitive quotations (JAW)
\csq@reset=\count307
\csq@gtype=\count308
\csq@glevel=\count309
\csq@qlevel=\count310
\csq@maxlvl=\count311
\csq@tshold=\count312
\csq@ltx@everypar=\toks23
 (/usr/share/texlive/texmf-dist/tex/latex/csquotes/csquotes.def
File: csquotes.def 2024-04-04 v5.2o csquotes generic definitions (JAW)
)
Package csquotes Info: Trying to load configuration file 'csquotes.cfg'...
Package csquotes Info: ... configuration file loaded successfully.
 (/usr/share/texlive/texmf-dist/tex/latex/csquotes/csquotes.cfg
File: csquotes.cfg 
)) (/usr/share/texlive/texmf-dist/tex/latex/emptypage/emptypage.sty
Package: emptypage 2010/05/30 v1.2 Suppress page numbers and headings on empty pages
) (/usr/share/texlive/texmf-dist/tex/latex/epigraph/epigraph.sty
Package: epigraph 2020/01/02 v1.5e typesetting epigraphs
 (/usr/share/texlive/texmf-dist/tex/latex/nextpage/nextpage.sty
Package: nextpage 2009/09/03 v1.1a additional page commands
)
\beforeepigraphskip=\skip55
\afterepigraphskip=\skip56
\epigraphwidth=\skip57
\epigraphrule=\skip58
) (/usr/share/texlive/texmf-dist/tex/latex/eurosym/eurosym.sty
Package: eurosym 1998/08/06 v1.1 European currency symbol ``Euro''
\@eurobox=\box53
) (/usr/share/texlive/texmf-dist/tex/latex/graphics/graphicx.sty
Package: graphicx 2024/12/31 v1.2e Enhanced LaTeX Graphics (DPC,SPQR)
 (/usr/share/texlive/texmf-dist/tex/latex/graphics/graphics.sty
Package: graphics 2024/08/06 v1.4g Standard LaTeX Graphics (DPC,SPQR)
 (/usr/share/texlive/texmf-dist/tex/latex/graphics/trig.sty
Package: trig 2023/12/02 v1.11 sin cos tan (DPC)
) (/usr/share/texlive/texmf-dist/tex/latex/graphics-cfg/graphics.cfg
File: graphics.cfg 2016/06/04 v1.11 sample graphics configuration
)
Package graphics Info: Driver file: luatex.def on input line 106.
)
\Gin@req@height=\dimen163
\Gin@req@width=\dimen164
) (/usr/share/texlive/texmf-dist/tex/latex/listings/listings.sty
\lst@mode=\count313
\lst@gtempboxa=\box54
\lst@token=\toks24
\lst@length=\count314
\lst@currlwidth=\dimen165
\lst@column=\count315
\lst@pos=\count316
\lst@lostspace=\dimen166
\lst@width=\dimen167
\lst@newlines=\count317
\lst@lineno=\count318
\lst@maxwidth=\dimen168
 (/usr/share/texlive/texmf-dist/tex/latex/listings/lstpatch.sty
File: lstpatch.sty 2025/11/14 1.11b (Carsten Heinz)
) (/usr/share/texlive/texmf-dist/tex/latex/listings/lstmisc.sty
File: lstmisc.sty 2025/11/14 1.11b (Carsten Heinz)
\c@lstnumber=\count319
\lst@skipnumbers=\count320
\lst@framebox=\box55
) (/usr/share/texlive/texmf-dist/tex/latex/listings/listings.cfg
File: listings.cfg 2025/11/14 1.11b listings configuration
))
Package: listings 2025/11/14 1.11b (Carsten Heinz)

==> First Aid for listings.sty no longer applied!
    Expected:
        2024/09/23 1.10c (Carsten Heinz)
    but found:
        2025/11/14 1.11b (Carsten Heinz)
    so I'm assuming it got fixed.
(/usr/share/texlive/texmf-dist/tex/latex/microtype/microtype.sty
Package: microtype 2025/07/09 v3.2b Micro-typographical refinements (RS)
\MT@toks=\toks25
\MT@tempbox=\box56
\MT@count=\count321
LaTeX Info: Redefining \noprotrusionifhmode on input line 1087.
LaTeX Info: Redefining \leftprotrusion on input line 1088.
\MT@prot@toks=\toks26
LaTeX Info: Redefining \rightprotrusion on input line 1107.
LaTeX Info: Redefining \textls on input line 1449.
\MT@outer@kern=\dimen169
LaTeX Info: Redefining \microtypecontext on input line 2053.
LaTeX Info: Redefining \textmicrotypecontext on input line 2070.
\MT@listname@count=\count322
 (/usr/share/texlive/texmf-dist/tex/latex/microtype/microtype-luatex.def
File: microtype-luatex.def 2025/07/09 v3.2b Definitions specific to luatex (RS)
Lua module: microtype 2025/07/09 v3.2b microtype module.
Module microtype Info: overwriting function `keepligature' on input line 63
LaTeX Info: Redefining \lsstyle on input line 779.
LaTeX Info: Redefining \lslig on input line 779.
\MT@outer@space=\skip59
)
Package microtype Info: Loading configuration file microtype.cfg.
 (/usr/share/texlive/texmf-dist/tex/latex/microtype/microtype.cfg
File: microtype.cfg 2025/07/09 v3.2b microtype main configuration file (RS)
)
LaTeX Info: Redefining \microtypesetup on input line 3065.
) (/usr/share/texlive/texmf-dist/tex/latex/mparhack/mparhack.sty
Package: mparhack 2021-05-02 v1.5 (T. Sgouros and S. Ulrich)
) (/usr/share/texlive/texmf-dist/tex/latex/relsize/relsize.sty
Package: relsize 2013/03/29 ver 4.1
) (/usr/share/texlive/texmf-dist/tex/latex/quoting/quoting.sty
Package: quoting 2014/01/28 v0.1c Consolidated environment for displayed text
\quo@toppartop=\skip60
) (/usr/share/texlive/texmf-dist/tex/latex/caption/subcaption.sty
Package: subcaption 2023/07/28 v1.6b Sub-captions (AR)
Package caption Info: New subtype `subfigure' on input line 238.
\c@subfigure=\count323
Package caption Info: New subtype `subtable' on input line 238.
\c@subtable=\count324
) (/usr/share/texlive/texmf-dist/tex/latex/tools/varioref.sty
Package: varioref 2025/01/14 v1.6g package for extended references (FMi)
\c@vrcnt=\count325
) (/usr/share/texlive/texmf-dist/tex/latex/booktabs/booktabs.sty
Package: booktabs 2020/01/12 v1.61803398 Publication quality tables
\heavyrulewidth=\dimen170
\lightrulewidth=\dimen171
\cmidrulewidth=\dimen172
\belowrulesep=\dimen173
\belowbottomsep=\dimen174
\aboverulesep=\dimen175
\abovetopsep=\dimen176
\cmidrulesep=\dimen177
\cmidrulekern=\dimen178
\defaultaddspace=\dimen179
\@cmidla=\count326
\@cmidlb=\count327
\@aboverulesep=\dimen180
\@belowrulesep=\dimen181
\@thisruleclass=\count328
\@lastruleclass=\count329
\@thisrulewidth=\dimen182
) (/usr/share/texlive/texmf-dist/tex/latex/tools/tabularx.sty
Package: tabularx 2023/12/11 v2.12a `tabularx' package (DPC)
 (/usr/share/texlive/texmf-dist/tex/latex/tools/array.sty
Package: array 2025/09/25 v2.6n Tabular extension package (FMi)
\col@sep=\dimen183
\ar@mcellbox=\box57
\extrarowheight=\dimen184
\NC@list=\toks27
\extratabsurround=\skip61
\backup@length=\skip62
\ar@cellbox=\box58
)
\TX@col@width=\dimen185
\TX@old@table=\dimen186
\TX@old@col=\dimen187
\TX@target=\dimen188
\TX@delta=\dimen189
\TX@cols=\count330
\TX@ftn=\toks28
) (/usr/share/texlive/texmf-dist/tex/latex/tools/longtable.sty
Package: longtable 2025-10-13 v4.24 Multi-page Table package (DPC)
\LTleft=\skip63
\LTright=\skip64
\LTpre=\skip65
\LTpost=\skip66
\LTchunksize=\count331
\LTcapwidth=\dimen190
\LT@head=\box59
\LT@firsthead=\box60
\LT@foot=\box61
\LT@lastfoot=\box62
\LT@gbox=\box63
\LT@cols=\count332
\LT@rows=\count333
\c@LT@tables=\count334
\c@LT@chunks=\count335
\LT@p@ftn=\toks29
) (/usr/share/texlive/texmf-dist/tex/latex/carlisle/ltxtable.sty
Package: ltxtable 2021/06/13 v0.4 longtable/tabularx merge (DPC)
) (/usr/share/texlive/texmf-dist/tex/latex/glossaries/base/glossaries.sty
Package: glossaries 2025/11/09 v4.9 (NLCT)
 (/usr/share/texlive/texmf-dist/tex/latex/xkeyval/xkeyval.sty
Package: xkeyval 2025/11/04 v2.10 package option processing (HA)
 (/usr/share/texlive/texmf-dist/tex/generic/xkeyval/xkeyval.tex (/usr/share/texlive/texmf-dist/tex/generic/xkeyval/xkvutils.tex
\XKV@toks=\toks30
\XKV@tempa@toks=\toks31
\XKV@tempb@toks=\toks32
)
\XKV@depth=\count336
File: xkeyval.tex 2014/12/03 v2.7a key=value parser (HA)
)) (/usr/share/texlive/texmf-dist/tex/latex/mfirstuc/mfirstuc.sty
Package: mfirstuc 2025/04/03 v2.09 (NLCT)
\@glsmfirst=\toks33
\@glsmrest=\toks34
) (/usr/share/texlive/texmf-dist/tex/latex/xfor/xfor.sty
Package: xfor 2009/02/05 v1.05 (NLCT)
) (/usr/share/texlive/texmf-dist/tex/latex/amsmath/amsgen.sty
File: amsgen.sty 1999/11/30 v2.0 generic functions
\@emptytoks=\toks35
\ex@=\dimen191
) (/usr/share/texlive/texmf-dist/tex/latex/tracklang/tracklang.sty
Package: tracklang 2025/03/11 v1.6.6 (NLCT) Track Languages
 (/usr/share/texlive/texmf-dist/tex/generic/tracklang/tracklang.tex)
Package tracklang Info: Tracking dialect `english' (language `english') on input line 53.
) (/usr/share/texlive/texmf-dist/tex/latex/translator/translator.sty
Package: translator 2021-05-31 v1.12d Easy translation of strings in LaTeX
) (/usr/share/texlive/texmf-dist/tex/latex/glossaries-english/glossaries-english.ldf
File: glossaries-english.ldf 2014/11/23 v1.0
) (/usr/share/texlive/texmf-dist/tex/latex/datatool/datatool-base.sty
Package: datatool-base 2025/12/04 v3.4.3 (NLCT)
 (/usr/share/texlive/texmf-dist/tex/latex/amsmath/amsmath.sty
Package: amsmath 2025/07/09 v2.17z AMS math features
\@mathmargin=\skip67

For additional information on amsmath, use the `?' option.
(/usr/share/texlive/texmf-dist/tex/latex/amsmath/amstext.sty
Package: amstext 2024/11/17 v2.01 AMS text
) (/usr/share/texlive/texmf-dist/tex/latex/amsmath/amsbsy.sty
Package: amsbsy 1999/11/29 v1.2d Bold Symbols
\pmbraise@=\dimen192
) (/usr/share/texlive/texmf-dist/tex/latex/amsmath/amsopn.sty
Package: amsopn 2022/04/08 v2.04 operator names
)
\inf@bad=\count337
LaTeX Info: Redefining \frac on input line 235.
\uproot@=\count338
\leftroot@=\count339
LaTeX Info: Redefining \overline on input line 398.
LaTeX Info: Redefining \colon on input line 409.
\classnum@=\count340
\DOTSCASE@=\count341
LaTeX Info: Redefining \ldots on input line 495.
LaTeX Info: Redefining \dots on input line 498.
LaTeX Info: Redefining \cdots on input line 619.
\Mathstrutbox@=\box64
\strutbox@=\box65
LaTeX Info: Redefining \big on input line 721.
LaTeX Info: Redefining \Big on input line 722.
LaTeX Info: Redefining \bigg on input line 723.
LaTeX Info: Redefining \Bigg on input line 724.
\big@size=\dimen193
LaTeX Font Info:    Redeclaring font encoding OML on input line 742.
LaTeX Font Info:    Redeclaring font encoding OMS on input line 743.
\macc@depth=\count342
LaTeX Info: Redefining \bmod on input line 904.
LaTeX Info: Redefining \pmod on input line 909.
LaTeX Info: Redefining \smash on input line 939.
LaTeX Info: Redefining \relbar on input line 969.
LaTeX Info: Redefining \Relbar on input line 970.
\c@MaxMatrixCols=\count343
\dotsspace@=\muskip18
\c@parentequation=\count344
\dspbrk@lvl=\count345
\tag@help=\toks36
\row@=\count346
\column@=\count347
\maxfields@=\count348
\andhelp@=\toks37
\eqnshift@=\dimen194
\alignsep@=\dimen195
\tagshift@=\dimen196
\tagwidth@=\dimen197
\totwidth@=\dimen198
\lineht@=\dimen199
\@envbody=\toks38
\multlinegap=\skip68
\multlinetaggap=\skip69
\mathdisplay@stack=\toks39
LaTeX Info: Redefining \[ on input line 2950.
LaTeX Info: Redefining \] on input line 2951.
)
\l__datatool_tmpa_int=\count349
\l__datatool_tmpb_int=\count350
\l__datatool_tmpc_int=\count351
\l__datatool_tmpd_int=\count352
\l__datatool_count_int=\count353
\l__datatool_tmp_datatype_int=\count354
\l__datatool_tmpa_dim=\dimen256
\l__datatool_tmpb_dim=\dimen257
 (/usr/share/texlive/texmf-dist/tex/latex/datatool/datatool-lua.def
File: datatool-lua.def 2025/12/04 v3.4.3 (NLCT)
)
\@dtl@toks=\toks40
\@dtl@tmpcount=\count355
\dtl@tmplength=\skip70
\l__datatool_measure_box=\box66
\dtl@sortresult=\count356
 (/usr/share/texlive/texmf-dist/tex/latex/datatool/datatool-utf8.ldf
File: datatool-utf8.ldf 2025/12/04 v3.4.3 (NLCT)
)
\@dtl@datatype=\count357
\c_datatool_unknown_int=\count358
\l__datatool_year_int=\count359
\l__datatool_month_int=\count360
\l__datatool_day_int=\count361
\l__datatool_hour_int=\count362
\l__datatool_minute_int=\count363
\l__datatool_second_int=\count364
\l__datatool_tzhour_int=\count365
\l__datatool_tzminute_int=\count366
\l__datatool_julian_int=\count367
\l__datatool_local_julian_int=\count368
\l__datatool_prefix_int=\count369
\l__datatool_suffix_int=\count370
\@dtl@foreach@level=\count371
 (/usr/share/texlive/texmf-dist/tex/latex/datatool-english/datatool-english.ldf
File: datatool-english.ldf 2025/03/12 v1.1 (NLCT)
 (/usr/share/texlive/texmf-dist/tex/latex/datatool-english/datatool-english-utf8.ldf
File: datatool-english-utf8.ldf 2025/03/12 v1.1 (NLCT)
))
\dtl@codeA=\count372
\dtl@codeB=\count373
)
\gls@level=\count374
\@gls@tmpb=\toks41
\gls@tmplen=\skip71
\l__glossaries_tmpa_dim=\dimen258
\l__glossaries_tmpb_dim=\dimen259
\glskeylisttok=\toks42
\glslabeltok=\toks43
\glsshorttok=\toks44
\glslongtok=\toks45
 (/usr/share/texlive/texmf-dist/tex/latex/glossaries/styles/glossary-hypernav.sty
Package: glossary-hypernav 2025/11/09 v4.9 (NLCT)
) (/usr/share/texlive/texmf-dist/tex/latex/glossaries/styles/glossary-list.sty
Package: glossary-list 2025/11/09 v4.9 (NLCT)
\glslistdottedwidth=\skip72
) (/usr/share/texlive/texmf-dist/tex/latex/glossaries/styles/glossary-long.sty
Package: glossary-long 2025/11/09 v4.9 (NLCT)
\glsdescwidth=\skip73
\glspagelistwidth=\skip74
) (/usr/share/texlive/texmf-dist/tex/latex/glossaries/styles/glossary-super.sty
Package: glossary-super 2025/11/09 v4.9 (NLCT)
 (/usr/share/texlive/texmf-dist/tex/latex/supertabular/supertabular.sty
Package: supertabular 2025/06/26 v4.2d the supertabular environment
\c@tracingst=\count375
\ST@wd=\dimen260
\ST@rightskip=\skip75
\ST@leftskip=\skip76
\ST@parfillskip=\skip77
\ST@pageleft=\dimen261
\ST@headht=\dimen262
\ST@tailht=\dimen263
\ST@pagesofar=\dimen264
\ST@pboxht=\dimen265
\ST@rowht=\dimen266
\ST@prevht=\dimen267
\ST@toadd=\dimen268
\ST@dimen=\dimen269
\ST@pbox=\box67
)) (/usr/share/texlive/texmf-dist/tex/latex/glossaries/styles/glossary-tree.sty
Package: glossary-tree 2025/11/09 v4.9 (NLCT)
\l__glossaries_tree_max_known_level_int=\count376
\l__glossaries_tree_offset_dim=\dimen270
\l__glossaries_tree_namewidth_dim=\dimen271
\l__glossaries_tree_symbolwidth_dim=\dimen272
\l__glossaries_tree_prenamesym_width_dim=\dimen273
\l__glossaries_tree_presubnamesym_width_dim=\dimen274
\l__glossaries_tree_namewidth_padding_dim=\dimen275
\l__glossaries_tree_symbolwidth_padding_dim=\dimen276
\l__glossaries_tree_namesymbolwidth_dim=\dimen277
\l__glossaries_tree_namesymbolwidth_padding_dim=\dimen278
\l__glossaries_tree_level_int=\count377
\glstreeindent=\skip78
)) (/usr/share/texlive/texmf-dist/tex/latex/biblatex/biblatex.sty
Package: biblatex 2025/07/10 v3.21 programmable bibliographies (PK/MW)
 (/usr/share/texlive/texmf-dist/tex/latex/logreq/logreq.sty
Package: logreq 2010/08/04 v1.0 xml request logger
\lrq@indent=\count378
 (/usr/share/texlive/texmf-dist/tex/latex/logreq/logreq.def
File: logreq.def 2010/08/04 v1.0 logreq spec v1.0
))
\c@tabx@nest=\count379
\c@listtotal=\count380
\c@listcount=\count381
\c@liststart=\count382
\c@liststop=\count383
\c@citecount=\count384
\c@citetotal=\count385
\c@multicitecount=\count386
\c@multicitetotal=\count387
\c@instcount=\count388
\c@maxnames=\count389
\c@minnames=\count390
\c@maxitems=\count391
\c@minitems=\count392
\c@citecounter=\count393
\c@maxcitecounter=\count394
\c@savedcitecounter=\count395
\c@uniquelist=\count396
\c@uniquename=\count397
\c@refsection=\count398
\c@refsegment=\count399
\c@maxextratitle=\count400
\c@maxextratitleyear=\count401
\c@maxextraname=\count402
\c@maxextradate=\count403
\c@maxextraalpha=\count404
\c@abbrvpenalty=\count405
\c@highnamepenalty=\count406
\c@lownamepenalty=\count407
\c@maxparens=\count408
\c@parenlevel=\count409
\blx@tempcnta=\count410
\blx@tempcntb=\count411
\blx@tempcntc=\count412
\c@blx@maxsection=\count413
\blx@maxsegment@0=\count414
\blx@notetype=\count415
\blx@parenlevel@text=\count416
\blx@parenlevel@foot=\count417
\blx@sectionciteorder@0=\count418
\blx@sectionciteorderinternal@0=\count419
\blx@entrysetcounter=\count420
\blx@biblioinstance=\count421
\labelnumberwidth=\skip79
\labelalphawidth=\skip80
\biblabelsep=\skip81
\bibitemsep=\skip82
\bibnamesep=\skip83
\bibinitsep=\skip84
\bibparsep=\skip85
\bibhang=\skip86
\blx@bcfin=\read4
\blx@bcfout=\write4
\blx@langwohyphens=\language92
\c@mincomprange=\count422
\c@maxcomprange=\count423
\c@mincompwidth=\count424
Package biblatex Info: Trying to load biblatex default data model...
Package biblatex Info: ... file 'blx-dm.def' found.
 (/usr/share/texlive/texmf-dist/tex/latex/biblatex/blx-dm.def
File: blx-dm.def 2025/07/10 v3.21 biblatex datamodel (PK/MW)
)
Package biblatex Info: Trying to load biblatex style data model...
Package biblatex Info: ... file 'numeric.dbx' not found.
Package biblatex Info: Trying to load biblatex custom data model...
Package biblatex Info: ... file 'biblatex-dm.cfg' not found.
\c@afterword=\count425
\c@savedafterword=\count426
\c@annotator=\count427
\c@savedannotator=\count428
\c@author=\count429
\c@savedauthor=\count430
\c@bookauthor=\count431
\c@savedbookauthor=\count432
\c@commentator=\count433
\c@savedcommentator=\count434
\c@editor=\count435
\c@savededitor=\count436
\c@editora=\count437
\c@savededitora=\count438
\c@editorb=\count439
\c@savededitorb=\count440
\c@editorc=\count441
\c@savededitorc=\count442
\c@foreword=\count443
\c@savedforeword=\count444
\c@holder=\count445
\c@savedholder=\count446
\c@introduction=\count447
\c@savedintroduction=\count448
\c@namea=\count449
\c@savednamea=\count450
\c@nameb=\count451
\c@savednameb=\count452
\c@namec=\count453
\c@savednamec=\count454
\c@translator=\count455
\c@savedtranslator=\count456
\c@shortauthor=\count457
\c@savedshortauthor=\count458
\c@shorteditor=\count459
\c@savedshorteditor=\count460
\c@labelname=\count461
\c@savedlabelname=\count462
\c@institution=\count463
\c@savedinstitution=\count464
\c@lista=\count465
\c@savedlista=\count466
\c@listb=\count467
\c@savedlistb=\count468
\c@listc=\count469
\c@savedlistc=\count470
\c@listd=\count471
\c@savedlistd=\count472
\c@liste=\count473
\c@savedliste=\count474
\c@listf=\count475
\c@savedlistf=\count476
\c@location=\count477
\c@savedlocation=\count478
\c@organization=\count479
\c@savedorganization=\count480
\c@origlocation=\count481
\c@savedoriglocation=\count482
\c@origpublisher=\count483
\c@savedorigpublisher=\count484
\c@publisher=\count485
\c@savedpublisher=\count486
\c@language=\count487
\c@savedlanguage=\count488
\c@origlanguage=\count489
\c@savedoriglanguage=\count490
\c@pageref=\count491
\c@savedpageref=\count492
\shorthandwidth=\skip87
\shortjournalwidth=\skip88
\shortserieswidth=\skip89
\shorttitlewidth=\skip90
\shortauthorwidth=\skip91
\shorteditorwidth=\skip92
\locallabelnumberwidth=\skip93
\locallabelalphawidth=\skip94
\localshorthandwidth=\skip95
\localshortjournalwidth=\skip96
\localshortserieswidth=\skip97
\localshorttitlewidth=\skip98
\localshortauthorwidth=\skip99
\localshorteditorwidth=\skip100
Package biblatex Info: Trying to load enhanced support for Unicode engines...
Package biblatex Info: ... file 'blx-unicode.def' found.
 (/usr/share/texlive/texmf-dist/tex/latex/biblatex/blx-unicode.def)
Package biblatex Info: Trying to load compatibility code...
Package biblatex Info: ... file 'blx-compat.def' found.
 (/usr/share/texlive/texmf-dist/tex/latex/biblatex/blx-compat.def
File: blx-compat.def 2025/07/10 v3.21 biblatex compatibility (PK/MW)
)
Package biblatex Info: Trying to load generic definitions...
Package biblatex Info: ... file 'biblatex.def' found.
 (/usr/share/texlive/texmf-dist/tex/latex/biblatex/biblatex.def
File: biblatex.def 2025/07/10 v3.21 biblatex compatibility (PK/MW)
\c@textcitecount=\count493
\c@textcitetotal=\count494
\c@textcitemaxnames=\count495
\c@biburlbigbreakpenalty=\count496
\c@biburlbreakpenalty=\count497
\c@biburlnumpenalty=\count498
\c@biburlucpenalty=\count499
\c@biburllcpenalty=\count500
\biburlbigskip=\muskip19
\biburlnumskip=\muskip20
\biburlucskip=\muskip21
\biburllcskip=\muskip22
\c@smartand=\count501
)
Package biblatex Info: Trying to load bibliography style 'numeric'...
Package biblatex Info: ... file 'numeric.bbx' found.
 (/usr/share/texlive/texmf-dist/tex/latex/biblatex/bbx/numeric.bbx
File: numeric.bbx 2025/07/10 v3.21 biblatex bibliography style (PK/MW)
Package biblatex Info: Trying to load bibliography style 'standard'...
Package biblatex Info: ... file 'standard.bbx' found.
 (/usr/share/texlive/texmf-dist/tex/latex/biblatex/bbx/standard.bbx
File: standard.bbx 2025/07/10 v3.21 biblatex bibliography style (PK/MW)
\c@bbx:relatedcount=\count502
\c@bbx:relatedtotal=\count503
))
Package biblatex Info: Trying to load citation style 'numeric'...
Package biblatex Info: ... file 'numeric.cbx' found.
 (/usr/share/texlive/texmf-dist/tex/latex/biblatex/cbx/numeric.cbx
File: numeric.cbx 2025/07/10 v3.21 biblatex citation style (PK/MW)
Package biblatex Info: Redefining '\cite'.
Package biblatex Info: Redefining '\parencite'.
Package biblatex Info: Redefining '\footcite'.
Package biblatex Info: Redefining '\footcitetext'.
Package biblatex Info: Redefining '\smartcite'.
Package biblatex Info: Redefining '\supercite'.
Package biblatex Info: Redefining '\textcite'.
Package biblatex Info: Redefining '\textcites'.
Package biblatex Info: Redefining '\cites'.
Package biblatex Info: Redefining '\parencites'.
Package biblatex Info: Redefining '\smartcites'.
)
Package biblatex Info: Trying to load configuration file...
Package biblatex Info: ... file 'biblatex.cfg' found.
 (/usr/share/texlive/texmf-dist/tex/latex/biblatex/biblatex.cfg
File: biblatex.cfg 
)
Package biblatex Info: LuaTeX detected.
(biblatex)             Assuming input encoding 'utf8'.
Package biblatex Info: Document encoding is UTF8 ....
 (/usr/share/texlive/texmf-dist/tex/latex/l3kernel/expl3.sty
Package: expl3 2026-01-19 L3 programming layer (loader) 
 (/usr/share/texlive/texmf-dist/tex/latex/l3backend/l3backend-luatex.def
File: l3backend-luatex.def 2025-10-09 L3 backend support: PDF output (LuaTeX)
\l__color_backend_stack_int=\count504
Inserting `l3color' in `luaotfload.parse_color'.))
Package biblatex Info: ... and expl3
(biblatex)             2026-01-19 L3 programming layer (loader) 
(biblatex)             is new enough (at least 2020/04/06),
(biblatex)             setting 'casechanger=expl3'.
 (/usr/share/texlive/texmf-dist/tex/latex/biblatex/blx-case-expl3.sty (/usr/share/texlive/texmf-dist/tex/latex/l3packages/xparse/xparse.sty
Package: xparse 2025-10-09 L3 Experimental document command parser
)
Package: blx-case-expl3 2025/07/10 v3.21 expl3 case changing code for biblatex
)) (/usr/share/texlive/texmf-dist/tex/latex/layaureo/layaureo.sty
Package: layaureo 2004/09/16 v0.2
 (/usr/share/texlive/texmf-dist/tex/latex/geometry/geometry.sty
Package: geometry 2020/01/02 v5.9 Page Geometry
 (/usr/share/texlive/texmf-dist/tex/generic/iftex/ifvtex.sty
Package: ifvtex 2019/10/25 v1.7 ifvtex legacy package. Use iftex instead.
)
\Gm@cnth=\count505
\Gm@cntv=\count506
\c@Gm@tempcnt=\count507
\Gm@bindingoffset=\dimen279
\Gm@wd@mp=\dimen280
\Gm@odd@mp=\dimen281
\Gm@even@mp=\dimen282
\Gm@layoutwidth=\dimen283
\Gm@layoutheight=\dimen284
\Gm@layouthoffset=\dimen285
\Gm@layoutvoffset=\dimen286
\Gm@dimlist=\toks46
)
\LA@MargineRilegatura=\skip101
\LA@LarghezzaTesto=\skip102
\LA@AltezzaTesto=\skip103
\LA@MargineSinistro=\skip104
\LA@MargineSuperiore=\skip105


Package LayAureo Warning: Textwidth as whith the "11pt" class option.

)) (/usr/share/texlive/texmf-dist/tex/latex/fancyhdr/fancyhdr.sty
Package: fancyhdr 2025/02/07 v5.2 Extensive control of page headers and footers
\f@nch@headwidth=\skip106
\f@nch@offset@elh=\skip107
\f@nch@offset@erh=\skip108
\f@nch@offset@olh=\skip109
\f@nch@offset@orh=\skip110
\f@nch@offset@elf=\skip111
\f@nch@offset@erf=\skip112
\f@nch@offset@olf=\skip113
\f@nch@offset@orf=\skip114
\f@nch@height=\skip115
\f@nch@footalignment=\skip116
\f@nch@widthL=\skip117
\f@nch@widthC=\skip118
\f@nch@widthR=\skip119
\@temptokenb=\toks47
) (./config/thesis-config.tex (./config/variables.tex

LaTeX Info: File `thesis.xmpdata' already exists on the system.
            Not generating it from this source.

) (./appendix/glossary-entries.tex)
\glswrite=\write5
\glo@main@file=\write6

\openout6 = thesis.glo
Package glossaries Info: Writing glossary file thesis.glo on input line 49.
\glo@acronym@file=\write7

\openout7 = thesis.acn
Package glossaries Info: Writing glossary file thesis.acn on input line 49.
Package hyperref Info: Option `colorlinks' set `true' on input line 104.
Package hyperref Info: Option `linktocpage' set `true' on input line 104.
Package hyperref Info: Option `breaklinks' set `true' on input line 104.
Package hyperref Info: Option `pageanchor' set `true' on input line 104.
Package hyperref Info: Option `plainpages' set `false' on input line 104.
Package hyperref Info: Option `bookmarksnumbered' set `true' on input line 104.
Package hyperref Info: Option `bookmarksopen' set `true' on input line 104.
Package hyperref Info: Option `hypertexnames' set `true' on input line 104.
 (/usr/share/texlive/texmf-dist/tex/latex/listings/lstlang1.sty
File: lstlang1.sty 2025/11/14 1.11b listings language file
) (/usr/share/texlive/texmf-dist/tex/latex/listings/lstlang2.sty
File: lstlang2.sty 2025/11/14 1.11b listings language file
) (/usr/share/texlive/texmf-dist/tex/latex/listings/lstlang3.sty
File: lstlang3.sty 2025/11/14 1.11b listings language file
) (/usr/share/texlive/texmf-dist/tex/latex/listings/lstlang1.sty
File: lstlang1.sty 2025/11/14 1.11b listings language file
) (/usr/share/texlive/texmf-dist/tex/latex/listings/lstlang2.sty
File: lstlang2.sty 2025/11/14 1.11b listings language file
) (/usr/share/texlive/texmf-dist/tex/latex/listings/lstlang3.sty
File: lstlang3.sty 2025/11/14 1.11b listings language file
) (/usr/share/texlive/texmf-dist/tex/latex/listings/lstlang1.sty
File: lstlang1.sty 2025/11/14 1.11b listings language file
) (/usr/share/texlive/texmf-dist/tex/latex/listings/lstlang2.sty
File: lstlang2.sty 2025/11/14 1.11b listings language file
) (/usr/share/texlive/texmf-dist/tex/latex/listings/lstlang3.sty
File: lstlang3.sty 2025/11/14 1.11b listings language file
) (/usr/share/texlive/texmf-dist/tex/latex/listings/lstmisc.sty
File: lstmisc.sty 2025/11/14 1.11b (Carsten Heinz)
)
\c@riskcounter=\count508
\c@usecasecounter=\count509
) (./structure.tex
Package csquotes Info: Checking for multilingual support...
Package csquotes Info: ... found 'babel' package.
Package csquotes Info: Adjusting default style.
Package csquotes Info: Redefining alias 'default' -> 'english'.
 (./thesis.aux)
\openout1 = thesis.aux

LaTeX Font Info:    Checking defaults for OML/cmm/m/it on input line 10.
LaTeX Font Info:    ... okay on input line 10.
LaTeX Font Info:    Checking defaults for OMS/cmsy/m/n on input line 10.
LaTeX Font Info:    ... okay on input line 10.
LaTeX Font Info:    Checking defaults for OT1/cmr/m/n on input line 10.
LaTeX Font Info:    ... okay on input line 10.
LaTeX Font Info:    Checking defaults for T1/cmr/m/n on input line 10.
LaTeX Font Info:    ... okay on input line 10.
LaTeX Font Info:    Checking defaults for TS1/cmr/m/n on input line 10.
LaTeX Font Info:    ... okay on input line 10.
LaTeX Font Info:    Checking defaults for TU/lmr/m/n on input line 10.
LaTeX Font Info:    ... okay on input line 10.
LaTeX Font Info:    Checking defaults for OMX/cmex/m/n on input line 10.
LaTeX Font Info:    ... okay on input line 10.
LaTeX Font Info:    Checking defaults for U/cmr/m/n on input line 10.
LaTeX Font Info:    ... okay on input line 10.
LaTeX Font Info:    Checking defaults for PD1/pdf/m/n on input line 10.
LaTeX Font Info:    ... okay on input line 10.
LaTeX Font Info:    Checking defaults for PU/pdf/m/n on input line 10.
LaTeX Font Info:    ... okay on input line 10.
 (/usr/share/texlive/texmf-dist/tex/context/base/mkii/supp-pdf.mkii
[Loading MPS to PDF converter (version 2006.09.02).]
\scratchcounter=\count510
\scratchdimen=\dimen287
\scratchbox=\box68
\nofMPsegments=\count511
\nofMParguments=\count512
\everyMPshowfont=\toks48
\MPscratchCnt=\count513
\MPscratchDim=\dimen288
\MPnumerator=\count514
\makeMPintoPDFobject=\count515
\everyMPtoPDFconversion=\toks49
) (/usr/share/texlive/texmf-dist/tex/latex/epstopdf-pkg/epstopdf-base.sty
Package: epstopdf-base 2020-01-24 v2.11 Base part for package epstopdf
Package epstopdf-base Info: Redefining graphics rule for `.eps' on input line 485.
 (/usr/share/texlive/texmf-dist/tex/latex/latexconfig/epstopdf-sys.cfg
File: epstopdf-sys.cfg 2010/07/13 v1.3 Configuration of (r)epstopdf for TeX Live
))
Package hyperref Info: Link coloring ON on input line 10.
Package caption Info: Begin \AtBeginDocument code.
Package caption Info: changepage package is loaded.
\caption@adjustwidth@hsize=\dimen289
\caption@adjustwidth@linewidth=\dimen290
Package caption Info: listings package is loaded.
Package caption Info: longtable package is loaded.
 (/usr/share/texlive/texmf-dist/tex/latex/caption/ltcaption.sty
Package: ltcaption 2021/01/08 v1.4c longtable captions (AR)
)
Package caption Info: supertabular package is loaded.
Package caption Info: End \AtBeginDocument code.
\c@lstlisting=\count516
LaTeX Info: Redefining \microtypecontext on input line 10.
Package microtype Info: Applying patch `item' on input line 10.
Package microtype Info: Applying patch `toc' on input line 10.
Package microtype Info: Applying patch `eqnum' on input line 10.
Package microtype Info: Applying patch `footnote' on input line 10.
Package microtype Info: Applying patch `verbatim' on input line 10.
LaTeX Info: Redefining \microtypesetup on input line 10.
Package microtype Info: Generating PDF output.
Package microtype Info: Character protrusion enabled (level 2