This is pdfTeX, Version 3.141592653-2.6-1.40.29 (TeX Live 2026/Arch Linux) (preloaded format=pdflatex 2026.8.16)  19 AUG 2026 22:59
entering extended mode
 \write18 enabled.
 %&-line parsing enabled.
**thesis.tex
(./thesis.tex
LaTeX2e <2025-11-01>
L3 programming layer <2026-01-19>
(/usr/share/texmf-dist/tex/latex/base/book.cls
Document Class: book 2025/01/22 v1.4n Standard LaTeX document class
(/usr/share/texmf-dist/tex/latex/base/bk10.clo
File: bk10.clo 2025/01/22 v1.4n Standard LaTeX file (size option)
)
\c@part=\count275
\c@chapter=\count276
\c@section=\count277
\c@subsection=\count278
\c@subsubsection=\count279
\c@paragraph=\count280
\c@subparagraph=\count281
\c@figure=\count282
\c@table=\count283
\abovecaptionskip=\skip49
\belowcaptionskip=\skip50
\bibindent=\dimen148
) (./config/packages.tex
(/usr/share/texmf-dist/tex/generic/colorprofiles/colorprofiles.sty
Package: colorprofiles 2018/11/01 v1.0.1 color profiles for PDF/X and PDF/A sup
port

(/usr/share/texmf-dist/tex/generic/colorprofiles/colorprofiles.tex))
(/usr/share/texmf-dist/tex/latex/pdfx/pdfx.sty
Package: pdfx 2024/06/24 v1.6.5f PDF/X and PDF/A support (CVR/HTH/RRM/PS)
\pdfx@minorversion=\count284
\pdfx@majorversion=\count285

(/usr/share/texmf-dist/tex/generic/iftex/ifluatex.sty
Package: ifluatex 2019/10/25 v1.5 ifluatex legacy package. Use iftex instead.

(/usr/share/texmf-dist/tex/generic/iftex/iftex.sty
Package: iftex 2024/12/12 v1.0g TeX engine tests
))
(/usr/share/texmf-dist/tex/generic/iftex/ifpdf.sty
Package: ifpdf 2019/10/25 v3.4 ifpdf legacy package. Use iftex instead.
)
(/usr/share/texmf-dist/tex/generic/iftex/ifxetex.sty
Package: ifxetex 2019/10/25 v0.7 ifxetex legacy package. Use iftex instead.
)
(/usr/share/texmf-dist/tex/latex/everyshi/everyshi.sty
Package: everyshi 2020/11/18 v4.00 EveryShipout Package
){/var/lib/texmf/fonts/map/pdftex/updmap/pdftex.map} (/usr/share/texmf-dist/tex
/latex/base/inputenc.sty
Package: inputenc 2024/02/08 v1.3d Input encoding file
\inpenc@prehook=\toks17
\inpenc@posthook=\toks18
) (/usr/share/texmf-dist/tex/latex/pdfx/l8u-penc.def
File: l8u-penc.def 2017/06/23 v0.8 Custom LaTeX file, for UTF8 encoded letters 
and symbols
LaTeX Encoding Info:    Redeclaring text command \textdoubletilde (encoding L8U
) on input line 210.
LaTeX Encoding Info:    Redeclaring text command \texttipaG (encoding L8U) on i
nput line 256.
LaTeX Encoding Info:    Redeclaring text command \texttipam (encoding L8U) on i
nput line 257.
LaTeX Encoding Info:    Redeclaring text command \texttipaM (encoding L8U) on i
nput line 258.
LaTeX Encoding Info:    Redeclaring text command \b (encoding L8U) on input lin
e 278.
LaTeX Encoding Info:    Text composite with undeclared \b in encoding L8U on in
put line 278.
LaTeX Encoding Info:    Redeclaring text command \textacutemacron (encoding L8U
) on input line 323.
LaTeX Encoding Info:    Redeclaring text command \textgravemacron (encoding L8U
) on input line 334.
LaTeX Encoding Info:    Redeclaring text command \textacutemacron (encoding L8U
) on input line 336.

(/usr/share/texmf-dist/tex/latex/pdfx/l8ugrk-penc.def
File: l8ugrk-penc.def 2018/11/28 v0.6 Greek support for UTF8 in XMP metadata
)
(/usr/share/texmf-dist/tex/latex/pdfx/l8umath-penc.def
File: l8umath-penc.def 2017/06/23 v0.6 Custom LaTeX file, for UTF8 encoded math
 symbols
LaTeX Encoding Info:    Redeclaring text command \textmathnormal (encoding L8U)
 on input line 1340.
)
LaTeX Encoding Info:    Redeclaring text command \textellipsis (encoding L8U) o
n input line 2514.
LaTeX Encoding Info:    Redeclaring text command \textfractionsolidus (encoding
 L8U) on input line 2529.
LaTeX Encoding Info:    Redeclaring text command \texthinferior (encoding L8U) 
on input line 2618.
LaTeX Encoding Info:    Redeclaring text command \texthslash (encoding L8U) on 
input line 2678.
LaTeX Encoding Info:    Redeclaring text command \texttrademark (encoding L8U) 
on input line 2687.
LaTeX Encoding Info:    Redeclaring text command \textleftarrow (encoding L8U) 
on input line 2780.
LaTeX Encoding Info:    Redeclaring text command \textuparrow (encoding L8U) on
 input line 2781.
LaTeX Encoding Info:    Redeclaring text command \textrightarrow (encoding L8U)
 on input line 2782.
LaTeX Encoding Info:    Redeclaring text command \textdownarrow (encoding L8U) 
on input line 2783.
LaTeX Encoding Info:    Redeclaring text command \textleftrightarrow (encoding 
L8U) on input line 2784.
LaTeX Encoding Info:    Redeclaring text command \textupdownarrow (encoding L8U
) on input line 2785.
LaTeX Encoding Info:    Redeclaring text command \textnwarrow (encoding L8U) on
 input line 2786.
LaTeX Encoding Info:    Redeclaring text command \textnearrow (encoding L8U) on
 input line 2787.
LaTeX Encoding Info:    Redeclaring text command \textsearrow (encoding L8U) on
 input line 2788.
LaTeX Encoding Info:    Redeclaring text command \textswarrow (encoding L8U) on
 input line 2789.
LaTeX Encoding Info:    Redeclaring text command \textnleftarrow (encoding L8U)
 on input line 2790.
LaTeX Encoding Info:    Redeclaring text command \textnrightarrow (encoding L8U
) on input line 2791.
LaTeX Encoding Info:    Redeclaring text command \texttwoheadleftarrow (encodin
g L8U) on input line 2792.
LaTeX Encoding Info:    Redeclaring text command \textntwoheadleftarrow (encodi
ng L8U) on input line 2793.
LaTeX Encoding Info:    Redeclaring text command \texttwoheaduparrow (encoding 
L8U) on input line 2794.
LaTeX Encoding Info:    Redeclaring text command \texttwoheadrightarrow (encodi
ng L8U) on input line 2795.
LaTeX Encoding Info:    Redeclaring text command \textntwoheadrightarrow (encod
ing L8U) on input line 2796.
LaTeX Encoding Info:    Redeclaring text command \texttwoheaddownarrow (encodin
g L8U) on input line 2797.
LaTeX Encoding Info:    Redeclaring text command \textleftarrowtail (encoding L
8U) on input line 2798.
LaTeX Encoding Info:    Redeclaring text command \textrightarrowtail (encoding 
L8U) on input line 2799.
LaTeX Encoding Info:    Redeclaring text command \textmapsto (encoding L8U) on 
input line 2800.
LaTeX Encoding Info:    Redeclaring text command \texthookleftarrow (encoding L
8U) on input line 2801.
LaTeX Encoding Info:    Redeclaring text command \texthookrightarrow (encoding 
L8U) on input line 2802.
LaTeX Encoding Info:    Redeclaring text command \textlooparrowleft (encoding L
8U) on input line 2803.
LaTeX Encoding Info:    Redeclaring text command \textlooparrowright (encoding 
L8U) on input line 2804.
LaTeX Encoding Info:    Redeclaring text command \textnleftrightarrow (encoding
 L8U) on input line 2805.
LaTeX Encoding Info:    Redeclaring text command \textlightning (encoding L8U) 
on input line 2806.
LaTeX Encoding Info:    Redeclaring text command \textdlsh (encoding L8U) on in
put line 2807.
LaTeX Encoding Info:    Redeclaring text command \textcurvearrowleft (encoding 
L8U) on input line 2808.
LaTeX Encoding Info:    Redeclaring text command \textcurvearrowright (encoding
 L8U) on input line 2809.
LaTeX Encoding Info:    Redeclaring text command \textleftharpoonup (encoding L
8U) on input line 2810.
LaTeX Encoding Info:    Redeclaring text command \textleftharpoondown (encoding
 L8U) on input line 2811.
LaTeX Encoding Info:    Redeclaring text command \textupharpoonright (encoding 
L8U) on input line 2812.
LaTeX Encoding Info:    Redeclaring text command \textupharpoonleft (encoding L
8U) on input line 2813.
LaTeX Encoding Info:    Redeclaring text command \textrightharpoonup (encoding 
L8U) on input line 2814.
LaTeX Encoding Info:    Redeclaring text command \textrightharpoondown (encodin
g L8U) on input line 2815.
LaTeX Encoding Info:    Redeclaring text command \textdownharpoonright (encodin
g L8U) on input line 2816.
LaTeX Encoding Info:    Redeclaring text command \textdownharpoonleft (encoding
 L8U) on input line 2817.
LaTeX Encoding Info:    Redeclaring text command \textrightleftarrows (encoding
 L8U) on input line 2818.
LaTeX Encoding Info:    Redeclaring text command \textupdownarrows (encoding L8
U) on input line 2819.
LaTeX Encoding Info:    Redeclaring text command \textleftrightarrows (encoding
 L8U) on input line 2820.
LaTeX Encoding Info:    Redeclaring text command \textleftleftarrows (encoding 
L8U) on input line 2821.
LaTeX Encoding Info:    Redeclaring text command \textupuparrows (encoding L8U)
 on input line 2822.
LaTeX Encoding Info:    Redeclaring text command \textrightrightarrows (encodin
g L8U) on input line 2823.
LaTeX Encoding Info:    Redeclaring text command \textdowndownarrows (encoding 
L8U) on input line 2824.
LaTeX Encoding Info:    Redeclaring text command \textleftrightharpoons (encodi
ng L8U) on input line 2825.
LaTeX Encoding Info:    Redeclaring text command \textrightleftharpoons (encodi
ng L8U) on input line 2826.
LaTeX Encoding Info:    Redeclaring text command \textnLeftarrow (encoding L8U)
 on input line 2827.
LaTeX Encoding Info:    Redeclaring text command \textnLeftrightarrow (encoding
 L8U) on input line 2828.
LaTeX Encoding Info:    Redeclaring text command \textnRightarrow (encoding L8U
) on input line 2829.
LaTeX Encoding Info:    Redeclaring text command \textLeftarrow (encoding L8U) 
on input line 2830.
LaTeX Encoding Info:    Redeclaring text command \textUparrow (encoding L8U) on
 input line 2831.
LaTeX Encoding Info:    Redeclaring text command \textRightarrow (encoding L8U)
 on input line 2832.
LaTeX Encoding Info:    Redeclaring text command \textDownarrow (encoding L8U) 
on input line 2833.
LaTeX Encoding Info:    Redeclaring text command \textLeftrightarrow (encoding 
L8U) on input line 2834.
LaTeX Encoding Info:    Redeclaring text command \textUpdownarrow (encoding L8U
) on input line 2835.
LaTeX Encoding Info:    Redeclaring text command \textNwarrow (encoding L8U) on
 input line 2836.
LaTeX Encoding Info:    Redeclaring text command \textNearrow (encoding L8U) on
 input line 2837.
LaTeX Encoding Info:    Redeclaring text command \textSearrow (encoding L8U) on
 input line 2838.
LaTeX Encoding Info:    Redeclaring text command \textSwarrow (encoding L8U) on
 input line 2839.
LaTeX Encoding Info:    Redeclaring text command \textLleftarrow (encoding L8U)
 on input line 2840.
LaTeX Encoding Info:    Redeclaring text command \textRrightarrow (encoding L8U
) on input line 2841.
LaTeX Encoding Info:    Redeclaring text command \textleftsquigarrow (encoding 
L8U) on input line 2842.
LaTeX Encoding Info:    Redeclaring text command \textrightsquigarrow (encoding
 L8U) on input line 2843.
LaTeX Encoding Info:    Redeclaring text command \textdashleftarrow (encoding L
8U) on input line 2844.
LaTeX Encoding Info:    Redeclaring text command \textdasheduparrow (encoding L
8U) on input line 2845.
LaTeX Encoding Info:    Redeclaring text command \textdashrightarrow (encoding 
L8U) on input line 2846.
LaTeX Encoding Info:    Redeclaring text command \textdasheddownarrow (encoding
 L8U) on input line 2847.
LaTeX Encoding Info:    Redeclaring text command \textpointer (encoding L8U) on
 input line 2848.
LaTeX Encoding Info:    Redeclaring text command \textdownuparrows (encoding L8
U) on input line 2849.
LaTeX Encoding Info:    Redeclaring text command \textleftarrowtriangle (encodi
ng L8U) on input line 2850.
LaTeX Encoding Info:    Redeclaring text command \textrightarrowtriangle (encod
ing L8U) on input line 2851.
LaTeX Encoding Info:    Redeclaring text command \textleftrightarrowtriangle (e
ncoding L8U) on input line 2852.
LaTeX Encoding Info:    Redeclaring text command \textforall (encoding L8U) on 
input line 2859.
LaTeX Encoding Info:    Redeclaring text command \textcomplement (encoding L8U)
 on input line 2860.
LaTeX Encoding Info:    Redeclaring text command \textpartial (encoding L8U) on
 input line 2861.
LaTeX Encoding Info:    Redeclaring text command \textexists (encoding L8U) on 
input line 2862.
LaTeX Encoding Info:    Redeclaring text command \textnexists (encoding L8U) on
 input line 2863.
LaTeX Encoding Info:    Redeclaring text command \textemptyset (encoding L8U) o
n input line 2864.
LaTeX Encoding Info:    Redeclaring text command \texttriangle (encoding L8U) o
n input line 2865.
LaTeX Encoding Info:    Redeclaring text command \textnabla (encoding L8U) on i
nput line 2866.
LaTeX Encoding Info:    Redeclaring text command \textin (encoding L8U) on inpu
t line 2867.
LaTeX Encoding Info:    Redeclaring text command \textnotin (encoding L8U) on i
nput line 2868.
LaTeX Encoding Info:    Redeclaring text command \textsmallin (encoding L8U) on
 input line 2869.
LaTeX Encoding Info:    Redeclaring text command \textni (encoding L8U) on inpu
t line 2870.
LaTeX Encoding Info:    Redeclaring text command \textnotowner (encoding L8U) o
n input line 2871.
LaTeX Encoding Info:    Redeclaring text command \textsmallowns (encoding L8U) 
on input line 2872.
LaTeX Encoding Info:    Redeclaring text command \textprod (encoding L8U) on in
put line 2874.
LaTeX Encoding Info:    Redeclaring text command \textamalg (encoding L8U) on i
nput line 2875.
LaTeX Encoding Info:    Redeclaring text command \textsum (encoding L8U) on inp
ut line 2876.
LaTeX Encoding Info:    Redeclaring text command \textminus (encoding L8U) on i
nput line 2877.
LaTeX Encoding Info:    Redeclaring text command \textmp (encoding L8U) on inpu
t line 2878.
LaTeX Encoding Info:    Redeclaring text command \textdotplus (encoding L8U) on
 input line 2879.
LaTeX Encoding Info:    Redeclaring text command \textDivides (encoding L8U) on
 input line 2880.
LaTeX Encoding Info:    Redeclaring text command \textDividesNot (encoding L8U)
 on input line 2881.
LaTeX Encoding Info:    Redeclaring text command \textsetminus (encoding L8U) o
n input line 2882.
LaTeX Encoding Info:    Redeclaring text command \textast (encoding L8U) on inp
ut line 2883.
LaTeX Encoding Info:    Redeclaring text command \textcirc (encoding L8U) on in
put line 2884.
LaTeX Encoding Info:    Redeclaring text command \textbulletoperator (encoding 
L8U) on input line 2885.
LaTeX Encoding Info:    Redeclaring text command \textsurd (encoding L8U) on in
put line 2886.
LaTeX Encoding Info:    Redeclaring text command \textpropto (encoding L8U) on 
input line 2888.
LaTeX Encoding Info:    Redeclaring text command \textinfty (encoding L8U) on i
nput line 2889.
LaTeX Encoding Info:    Redeclaring text command \textangle (encoding L8U) on i
nput line 2891.
LaTeX Encoding Info:    Redeclaring text command \textmeasuredangle (encoding L
8U) on input line 2892.
LaTeX Encoding Info:    Redeclaring text command \textsphericalangle (encoding 
L8U) on input line 2893.
LaTeX Encoding Info:    Redeclaring text command \textmid (encoding L8U) on inp
ut line 2894.
LaTeX Encoding Info:    Redeclaring text command \textnmid (encoding L8U) on in
put line 2895.
LaTeX Encoding Info:    Redeclaring text command \textparallel (encoding L8U) o
n input line 2896.
LaTeX Encoding Info:    Redeclaring text command \textnparallel (encoding L8U) 
on input line 2897.
LaTeX Encoding Info:    Redeclaring text command \textwedge (encoding L8U) on i
nput line 2898.
LaTeX Encoding Info:    Redeclaring text command \textowedge (encoding L8U) on 
input line 2899.
LaTeX Encoding Info:    Redeclaring text command \textvee (encoding L8U) on inp
ut line 2900.
LaTeX Encoding Info:    Redeclaring text command \textovee (encoding L8U) on in
put line 2901.
LaTeX Encoding Info:    Redeclaring text command \textcap (encoding L8U) on inp
ut line 2902.
LaTeX Encoding Info:    Redeclaring text command \textcup (encoding L8U) on inp
ut line 2903.
LaTeX Encoding Info:    Redeclaring text command \textint (encoding L8U) on inp
ut line 2904.
LaTeX Encoding Info:    Redeclaring text command \textiint (encoding L8U) on in
put line 2905.
LaTeX Encoding Info:    Redeclaring text command \textiiint (encoding L8U) on i
nput line 2906.
LaTeX Encoding Info:    Redeclaring text command \textoint (encoding L8U) on in
put line 2907.
LaTeX Encoding Info:    Redeclaring text command \textoiint (encoding L8U) on i
nput line 2908.
LaTeX Encoding Info:    Redeclaring text command \textointclockwise (encoding L
8U) on input line 2910.
LaTeX Encoding Info:    Redeclaring text command \textointctrclockwise (encodin
g L8U) on input line 2911.
LaTeX Encoding Info:    Redeclaring text command \texttherefore (encoding L8U) 
on input line 2912.
LaTeX Encoding Info:    Redeclaring text command \textbecause (encoding L8U) on
 input line 2913.
LaTeX Encoding Info:    Redeclaring text command \textvdotdot (encoding L8U) on
 input line 2914.
LaTeX Encoding Info:    Redeclaring text command \textsquaredots (encoding L8U)
 on input line 2915.
LaTeX Encoding Info:    Redeclaring text command \textdotminus (encoding L8U) o
n input line 2916.
LaTeX Encoding Info:    Redeclaring text command \texteqcolon (encoding L8U) on
 input line 2917.
LaTeX Encoding Info:    Redeclaring text command \textsim (encoding L8U) on inp
ut line 2919.
LaTeX Encoding Info:    Redeclaring text command \textbacksim (encoding L8U) on
 input line 2920.
LaTeX Encoding Info:    Redeclaring text command \textnbacksim (encoding L8U) o
n input line 2921.
LaTeX Encoding Info:    Redeclaring text command \textwr (encoding L8U) on inpu
t line 2922.
LaTeX Encoding Info:    Redeclaring text command \textnsim (encoding L8U) on in
put line 2923.
LaTeX Encoding Info:    Redeclaring text command \texteqsim (encoding L8U) on i
nput line 2924.
LaTeX Encoding Info:    Redeclaring text command \textneqsim (encoding L8U) on 
input line 2925.
LaTeX Encoding Info:    Redeclaring text command \textsimeq (encoding L8U) on i
nput line 2926.
LaTeX Encoding Info:    Redeclaring text command \textnsimeq (encoding L8U) on 
input line 2927.
LaTeX Encoding Info:    Redeclaring text command \textcong (encoding L8U) on in
put line 2928.
LaTeX Encoding Info:    Redeclaring text command \textncong (encoding L8U) on i
nput line 2930.
LaTeX Encoding Info:    Redeclaring text command \textapprox (encoding L8U) on 
input line 2931.
LaTeX Encoding Info:    Redeclaring text command \textnapprox (encoding L8U) on
 input line 2932.
LaTeX Encoding Info:    Redeclaring text command \textapproxeq (encoding L8U) o
n input line 2933.
LaTeX Encoding Info:    Redeclaring text command \textnapproxeq (encoding L8U) 
on input line 2934.
LaTeX Encoding Info:    Redeclaring text command \texttriplesim (encoding L8U) 
on input line 2935.
LaTeX Encoding Info:    Redeclaring text command \textntriplesim (encoding L8U)
 on input line 2936.
LaTeX Encoding Info:    Redeclaring text command \textbackcong (encoding L8U) o
n input line 2937.
LaTeX Encoding Info:    Redeclaring text command \textnbackcong (encoding L8U) 
on input line 2938.
LaTeX Encoding Info:    Redeclaring text command \textasymp (encoding L8U) on i
nput line 2939.
LaTeX Encoding Info:    Redeclaring text command \textnasymp (encoding L8U) on 
input line 2940.
LaTeX Encoding Info:    Redeclaring text command \textBumpeq (encoding L8U) on 
input line 2941.
LaTeX Encoding Info:    Redeclaring text command \textnBumpeq (encoding L8U) on
 input line 2942.
LaTeX Encoding Info:    Redeclaring text command \textbumpeq (encoding L8U) on 
input line 2943.
LaTeX Encoding Info:    Redeclaring text command \textnbumpeq (encoding L8U) on
 input line 2944.
LaTeX Encoding Info:    Redeclaring text command \textdoteq (encoding L8U) on i
nput line 2945.
LaTeX Encoding Info:    Redeclaring text command \textndoteq (encoding L8U) on 
input line 2946.
LaTeX Encoding Info:    Redeclaring text command \textdoteqdot (encoding L8U) o
n input line 2947.
LaTeX Encoding Info:    Redeclaring text command \textnDoteq (encoding L8U) on 
input line 2948.
LaTeX Encoding Info:    Redeclaring text command \textfallingdoteq (encoding L8
U) on input line 2949.
LaTeX Encoding Info:    Redeclaring text command \textnfallingdoteq (encoding L
8U) on input line 2950.
LaTeX Encoding Info:    Redeclaring text command \textrisingdoteq (encoding L8U
) on input line 2951.
LaTeX Encoding Info:    Redeclaring text command \textnrisingdoteq (encoding L8
U) on input line 2952.
LaTeX Encoding Info:    Redeclaring text command \textcolonequals (encoding L8U
) on input line 2953.
LaTeX Encoding Info:    Redeclaring text command \textequalscolon (encoding L8U
) on input line 2954.
LaTeX Encoding Info:    Redeclaring text command \texteqcirc (encoding L8U) on 
input line 2955.
LaTeX Encoding Info:    Redeclaring text command \textneqcirc (encoding L8U) on
 input line 2956.
LaTeX Encoding Info:    Redeclaring text command \textcirceq (encoding L8U) on 
input line 2957.
LaTeX Encoding Info:    Redeclaring text command \textncirceq (encoding L8U) on
 input line 2958.
LaTeX Encoding Info:    Redeclaring text command \texthateq (encoding L8U) on i
nput line 2960.
LaTeX Encoding Info:    Redeclaring text command \textnhateq (encoding L8U) on 
input line 2961.
LaTeX Encoding Info:    Redeclaring text command \texttriangleeq (encoding L8U)
 on input line 2963.
LaTeX Encoding Info:    Redeclaring text command \textneq (encoding L8U) on inp
ut line 2965.
LaTeX Encoding Info:    Redeclaring text command \textne (encoding L8U) on inpu
t line 2966.
LaTeX Encoding Info:    Redeclaring text command \textequiv (encoding L8U) on i
nput line 2967.
LaTeX Encoding Info:    Redeclaring text command \textnequiv (encoding L8U) on 
input line 2968.
LaTeX Encoding Info:    Redeclaring text command \textleq (encoding L8U) on inp
ut line 2970.
LaTeX Encoding Info:    Redeclaring text command \textle (encoding L8U) on inpu
t line 2971.
LaTeX Encoding Info:    Redeclaring text command \textgeq (encoding L8U) on inp
ut line 2972.
LaTeX Encoding Info:    Redeclaring text command \textge (encoding L8U) on inpu
t line 2973.
LaTeX Encoding Info:    Redeclaring text command \textleqq (encoding L8U) on in
put line 2974.
LaTeX Encoding Info:    Redeclaring text command \textnleqq (encoding L8U) on i
nput line 2975.
LaTeX Encoding Info:    Redeclaring text command \textgeqq (encoding L8U) on in
put line 2976.
LaTeX Encoding Info:    Redeclaring text command \textngeqq (encoding L8U) on i
nput line 2977.
LaTeX Encoding Info:    Redeclaring text command \textlneqq (encoding L8U) on i
nput line 2978.
LaTeX Encoding Info:    Redeclaring text command \textgneqq (encoding L8U) on i
nput line 2979.
LaTeX Encoding Info:    Redeclaring text command \textll (encoding L8U) on inpu
t line 2980.
LaTeX Encoding Info:    Redeclaring text command \textnll (encoding L8U) on inp
ut line 2981.
LaTeX Encoding Info:    Redeclaring text command \textgg (encoding L8U) on inpu
t line 2982.
LaTeX Encoding Info:    Redeclaring text command \textngg (encoding L8U) on inp
ut line 2983.
LaTeX Encoding Info:    Redeclaring text command \textbetween (encoding L8U) on
 input line 2984.
LaTeX Encoding Info:    Redeclaring text command \textnless (encoding L8U) on i
nput line 2986.
LaTeX Encoding Info:    Redeclaring text command \textngtr (encoding L8U) on in
put line 2987.
LaTeX Encoding Info:    Redeclaring text command \textnleq (encoding L8U) on in
put line 2988.
LaTeX Encoding Info:    Redeclaring text command \textngeq (encoding L8U) on in
put line 2989.
LaTeX Encoding Info:    Redeclaring text command \textlesssim (encoding L8U) on
 input line 2990.
LaTeX Encoding Info:    Redeclaring text command \textgtrsim (encoding L8U) on 
input line 2991.
LaTeX Encoding Info:    Redeclaring text command \textnlesssim (encoding L8U) o
n input line 2992.
LaTeX Encoding Info:    Redeclaring text command \textngtrsim (encoding L8U) on
 input line 2993.
LaTeX Encoding Info:    Redeclaring text command \textlessgtr (encoding L8U) on
 input line 2994.
LaTeX Encoding Info:    Redeclaring text command \textgtrless (encoding L8U) on
 input line 2995.
LaTeX Encoding Info:    Redeclaring text command \textngtrless (encoding L8U) o
n input line 2996.
LaTeX Encoding Info:    Redeclaring text command \textnlessgtr (encoding L8U) o
n input line 2997.
LaTeX Encoding Info:    Redeclaring text command \textprec (encoding L8U) on in
put line 2998.
LaTeX Encoding Info:    Redeclaring text command \textsucc (encoding L8U) on in
put line 2999.
LaTeX Encoding Info:    Redeclaring text command \textpreccurlyeq (encoding L8U
) on input line 3000.
LaTeX Encoding Info:    Redeclaring text command \textsucccurlyeq (encoding L8U
) on input line 3001.
LaTeX Encoding Info:    Redeclaring text command \textprecsim (encoding L8U) on
 input line 3002.
LaTeX Encoding Info:    Redeclaring text command \textnprecsim (encoding L8U) o
n input line 3003.
LaTeX Encoding Info:    Redeclaring text command \textsuccsim (encoding L8U) on
 input line 3004.
LaTeX Encoding Info:    Redeclaring text command \textnsuccsim (encoding L8U) o
n input line 3005.
LaTeX Encoding Info:    Redeclaring text command \textnprec (encoding L8U) on i
nput line 3006.
LaTeX Encoding Info:    Redeclaring text command \textnsucc (encoding L8U) on i
nput line 3007.
LaTeX Encoding Info:    Redeclaring text command \textsubset (encoding L8U) on 
input line 3008.
LaTeX Encoding Info:    Redeclaring text command \textsupset (encoding L8U) on 
input line 3009.
LaTeX Encoding Info:    Redeclaring text command \textnsubset (encoding L8U) on
 input line 3010.
LaTeX Encoding Info:    Redeclaring text command \textnsupset (encoding L8U) on
 input line 3011.
LaTeX Encoding Info:    Redeclaring text command \textsubseteq (encoding L8U) o
n input line 3012.
LaTeX Encoding Info:    Redeclaring text command \textsupseteq (encoding L8U) o
n input line 3013.
LaTeX Encoding Info:    Redeclaring text command \textnsubseteq (encoding L8U) 
on input line 3014.
LaTeX Encoding Info:    Redeclaring text command \textnsupseteq (encoding L8U) 
on input line 3015.
LaTeX Encoding Info:    Redeclaring text command \textsubsetneq (encoding L8U) 
on input line 3016.
LaTeX Encoding Info:    Redeclaring text command \textsupsetneq (encoding L8U) 
on input line 3017.
LaTeX Encoding Info:    Redeclaring text command \textcupdot (encoding L8U) on 
input line 3019.
LaTeX Encoding Info:    Redeclaring text command \textcupplus (encoding L8U) on
 input line 3020.
LaTeX Encoding Info:    Redeclaring text command \textsqsubset (encoding L8U) o
n input line 3021.
LaTeX Encoding Info:    Redeclaring text command \textnsqsubset (encoding L8U) 
on input line 3022.
LaTeX Encoding Info:    Redeclaring text command \textsqsupset (encoding L8U) o
n input line 3023.
LaTeX Encoding Info:    Redeclaring text command \textnsqsupset (encoding L8U) 
on input line 3024.
LaTeX Encoding Info:    Redeclaring text command \textsqsubseteq (encoding L8U)
 on input line 3025.
LaTeX Encoding Info:    Redeclaring text command \textnsqsubseteq (encoding L8U
) on input line 3026.
LaTeX Encoding Info:    Redeclaring text command \textsqsupseteq (encoding L8U)
 on input line 3027.
LaTeX Encoding Info:    Redeclaring text command \textnsqsupseteq (encoding L8U
) on input line 3028.
LaTeX Encoding Info:    Redeclaring text command \textsqcap (encoding L8U) on i
nput line 3029.
LaTeX Encoding Info:    Redeclaring text command \textsqcup (encoding L8U) on i
nput line 3030.
LaTeX Encoding Info:    Redeclaring text command \textoplus (encoding L8U) on i
nput line 3031.
LaTeX Encoding Info:    Redeclaring text command \textominus (encoding L8U) on 
input line 3032.
LaTeX Encoding Info:    Redeclaring text command \textotimes (encoding L8U) on 
input line 3033.
LaTeX Encoding Info:    Redeclaring text command \textoslash (encoding L8U) on 
input line 3034.
LaTeX Encoding Info:    Redeclaring text command \textodot (encoding L8U) on in
put line 3035.
LaTeX Encoding Info:    Redeclaring text command \textcircledcirc (encoding L8U
) on input line 3036.
LaTeX Encoding Info:    Redeclaring text command \textcircledast (encoding L8U)
 on input line 3037.
LaTeX Encoding Info:    Redeclaring text command \textcircleddash (encoding L8U
) on input line 3039.
LaTeX Encoding Info:    Redeclaring text command \textboxplus (encoding L8U) on
 input line 3040.
LaTeX Encoding Info:    Redeclaring text command \textboxminus (encoding L8U) o
n input line 3041.
LaTeX Encoding Info:    Redeclaring text command \textboxtimes (encoding L8U) o
n input line 3042.
LaTeX Encoding Info:    Redeclaring text command \textboxdot (encoding L8U) on 
input line 3043.
LaTeX Encoding Info:    Redeclaring text command \textvdash (encoding L8U) on i
nput line 3044.
LaTeX Encoding Info:    Redeclaring text command \textdashv (encoding L8U) on i
nput line 3045.
LaTeX Encoding Info:    Redeclaring text command \textndashv (encoding L8U) on 
input line 3046.
LaTeX Encoding Info:    Redeclaring text command \texttop (encoding L8U) on inp
ut line 3047.
LaTeX Encoding Info:    Redeclaring text command \textndownvdash (encoding L8U)
 on input line 3048.
LaTeX Encoding Info:    Redeclaring text command \textbot (encoding L8U) on inp
ut line 3049.
LaTeX Encoding Info:    Redeclaring text command \textnupvdash (encoding L8U) o
n input line 3050.
LaTeX Encoding Info:    Redeclaring text command \textvDash (encoding L8U) on i
nput line 3052.
LaTeX Encoding Info:    Redeclaring text command \textVdash (encoding L8U) on i
nput line 3053.
LaTeX Encoding Info:    Redeclaring text command \textVvdash (encoding L8U) on 
input line 3054.
LaTeX Encoding Info:    Redeclaring text command \textnVvash (encoding L8U) on 
input line 3055.
LaTeX Encoding Info:    Redeclaring text command \textVDash (encoding L8U) on i
nput line 3056.
LaTeX Encoding Info:    Redeclaring text command \textnvdash (encoding L8U) on 
input line 3057.
LaTeX Encoding Info:    Redeclaring text command \textnvDash (encoding L8U) on 
input line 3058.
LaTeX Encoding Info:    Redeclaring text command \textnVdash (encoding L8U) on 
input line 3059.
LaTeX Encoding Info:    Redeclaring text command \textnVDash (encoding L8U) on 
input line 3060.
LaTeX Encoding Info:    Redeclaring text command \textlhd (encoding L8U) on inp
ut line 3062.
LaTeX Encoding Info:    Redeclaring text command \textrhd (encoding L8U) on inp
ut line 3063.
LaTeX Encoding Info:    Redeclaring text command \textunlhd (encoding L8U) on i
nput line 3064.
LaTeX Encoding Info:    Redeclaring text command \textunrhd (encoding L8U) on i
nput line 3065.
LaTeX Encoding Info:    Redeclaring text command \textmultimapdotbothA (encodin
g L8U) on input line 3066.
LaTeX Encoding Info:    Redeclaring text command \textmultimapdotbothB (encodin
g L8U) on input line 3067.
LaTeX Encoding Info:    Redeclaring text command \textmultimap (encoding L8U) o
n input line 3068.
LaTeX Encoding Info:    Redeclaring text command \textveebar (encoding L8U) on 
input line 3070.
LaTeX Encoding Info:    Redeclaring text command \textbarwedge (encoding L8U) o
n input line 3071.
LaTeX Encoding Info:    Redeclaring text command \textstar (encoding L8U) on in
put line 3073.
LaTeX Encoding Info:    Redeclaring text command \textdivideontimes (encoding L
8U) on input line 3074.
LaTeX Encoding Info:    Redeclaring text command \textbowtie (encoding L8U) on 
input line 3075.
LaTeX Encoding Info:    Redeclaring text command \textltimes (encoding L8U) on 
input line 3076.
LaTeX Encoding Info:    Redeclaring text command \textrtimes (encoding L8U) on 
input line 3077.
LaTeX Encoding Info:    Redeclaring text command \textleftthreetimes (encoding 
L8U) on input line 3078.
LaTeX Encoding Info:    Redeclaring text command \textrightthreetimes (encoding
 L8U) on input line 3079.
LaTeX Encoding Info:    Redeclaring text command \textbacksimeq (encoding L8U) 
on input line 3080.
LaTeX Encoding Info:    Redeclaring text command \textnbacksimeq (encoding L8U)
 on input line 3081.
LaTeX Encoding Info:    Redeclaring text command \textcurlyvee (encoding L8U) o
n input line 3082.
LaTeX Encoding Info:    Redeclaring text command \textcurlywedge (encoding L8U)
 on input line 3083.
LaTeX Encoding Info:    Redeclaring text command \textSubset (encoding L8U) on 
input line 3084.
LaTeX Encoding Info:    Redeclaring text command \textnSubset (encoding L8U) on
 input line 3085.
LaTeX Encoding Info:    Redeclaring text command \textSupset (encoding L8U) on 
input line 3086.
LaTeX Encoding Info:    Redeclaring text command \textnSupset (encoding L8U) on
 input line 3087.
LaTeX Encoding Info:    Redeclaring text command \textCap (encoding L8U) on inp
ut line 3088.
LaTeX Encoding Info:    Redeclaring text command \textCup (encoding L8U) on inp
ut line 3089.
LaTeX Encoding Info:    Redeclaring text command \textpitchfork (encoding L8U) 
on input line 3090.
LaTeX Encoding Info:    Redeclaring text command \textlessdot (encoding L8U) on
 input line 3092.
LaTeX Encoding Info:    Redeclaring text command \textgtrdot (encoding L8U) on 
input line 3093.
LaTeX Encoding Info:    Redeclaring text command \textlll (encoding L8U) on inp
ut line 3094.
LaTeX Encoding Info:    Redeclaring text command \textggg (encoding L8U) on inp
ut line 3095.
LaTeX Encoding Info:    Redeclaring text command \textlesseqgtr (encoding L8U) 
on input line 3096.
LaTeX Encoding Info:    Redeclaring text command \textgtreqless (encoding L8U) 
on input line 3097.
LaTeX Encoding Info:    Redeclaring text command \textcurlyeqprec (encoding L8U
) on input line 3098.
LaTeX Encoding Info:    Redeclaring text command \textncurlyeqprec (encoding L8
U) on input line 3099.
LaTeX Encoding Info:    Redeclaring text command \textcurlyeqsucc (encoding L8U
) on input line 3100.
LaTeX Encoding Info:    Redeclaring text command \textncurlyeqsucc (encoding L8
U) on input line 3101.
LaTeX Encoding Info:    Redeclaring text command \textnpreccurlyeq (encoding L8
U) on input line 3102.
LaTeX Encoding Info:    Redeclaring text command \textnsucccurlyeq (encoding L8
U) on input line 3103.
LaTeX Encoding Info:    Redeclaring text command \textnqsubseteq (encoding L8U)
 on input line 3104.
LaTeX Encoding Info:    Redeclaring text command \textnqsupseteq (encoding L8U)
 on input line 3105.
LaTeX Encoding Info:    Redeclaring text command \textsqsubsetneq (encoding L8U
) on input line 3106.
LaTeX Encoding Info:    Redeclaring text command \textsqsupsetneq (encoding L8U
) on input line 3107.
LaTeX Encoding Info:    Redeclaring text command \textlnsim (encoding L8U) on i
nput line 3108.
LaTeX Encoding Info:    Redeclaring text command \textgnsim (encoding L8U) on i
nput line 3109.
LaTeX Encoding Info:    Redeclaring text command \textprecnsim (encoding L8U) o
n input line 3110.
LaTeX Encoding Info:    Redeclaring text command \textsuccnsim (encoding L8U) o
n input line 3111.
LaTeX Encoding Info:    Redeclaring text command \textntriangleleft (encoding L
8U) on input line 3112.
LaTeX Encoding Info:    Redeclaring text command \textntriangleright (encoding 
L8U) on input line 3113.
LaTeX Encoding Info:    Redeclaring text command \textntrianglelefteq (encoding
 L8U) on input line 3114.
LaTeX Encoding Info:    Redeclaring text command \textntrianglerighteq (encodin
g L8U) on input line 3115.
LaTeX Encoding Info:    Redeclaring text command \textvdots (encoding L8U) on i
nput line 3116.
LaTeX Encoding Info:    Redeclaring text command \textcdots (encoding L8U) on i
nput line 3117.
LaTeX Encoding Info:    Redeclaring text command \textudots (encoding L8U) on i
nput line 3118.
LaTeX Encoding Info:    Redeclaring text command \textddots (encoding L8U) on i
nput line 3119.
LaTeX Encoding Info:    Redeclaring text command \textbarin (encoding L8U) on i
nput line 3120.
LaTeX Encoding Info:    Redeclaring text command \textperp (encoding L8U) on in
put line 3541.
LaTeX Encoding Info:    Redeclaring text command \textnotperp (encoding L8U) on
 input line 3542.
LaTeX Encoding Info:    Redeclaring text command \textveedot (encoding L8U) on 
input line 3543.
LaTeX Encoding Info:    Redeclaring text command \textwedgedot (encoding L8U) o
n input line 3544.
LaTeX Encoding Info:    Redeclaring text command \textleftspoon (encoding L8U) 
on input line 3545.
LaTeX Encoding Info:    Redeclaring text command \textlbrackdbl (encoding L8U) 
on input line 3546.
LaTeX Encoding Info:    Redeclaring text command \textrbrackdbl (encoding L8U) 
on input line 3547.
LaTeX Encoding Info:    Redeclaring text command \textcirclearrowleft (encoding
 L8U) on input line 3552.
LaTeX Encoding Info:    Redeclaring text command \textcirclearrowright (encodin
g L8U) on input line 3553.
LaTeX Encoding Info:    Redeclaring text command \textlongleftarrow (encoding L
8U) on input line 3555.
LaTeX Encoding Info:    Redeclaring text command \textlongrightarrow (encoding 
L8U) on input line 3556.
LaTeX Encoding Info:    Redeclaring text command \textlongleftrightarrow (encod
ing L8U) on input line 3557.
LaTeX Encoding Info:    Redeclaring text command \textLongleftarrow (encoding L
8U) on input line 3558.
LaTeX Encoding Info:    Redeclaring text command \textLongrightarrow (encoding 
L8U) on input line 3559.
LaTeX Encoding Info:    Redeclaring text command \textLongleftrightarrow (encod
ing L8U) on input line 3560.
LaTeX Encoding Info:    Redeclaring text command \textlongmapsto (encoding L8U)
 on input line 3562.
LaTeX Encoding Info:    Redeclaring text command \textLongmapsfrom (encoding L8
U) on input line 3563.
LaTeX Encoding Info:    Redeclaring text command \textLongmapsto (encoding L8U)
 on input line 3564.
LaTeX Encoding Info:    Redeclaring text command \textnwsearrow (encoding L8U) 
on input line 3570.
LaTeX Encoding Info:    Redeclaring text command \textneswarrow (encoding L8U) 
on input line 3571.
LaTeX Encoding Info:    Redeclaring text command \textlhooknwarrow (encoding L8
U) on input line 3572.
LaTeX Encoding Info:    Redeclaring text command \textrhooknearrow (encoding L8
U) on input line 3573.
LaTeX Encoding Info:    Redeclaring text command \textlhooksearrow (encoding L8
U) on input line 3574.
LaTeX Encoding Info:    Redeclaring text command \textrhookswarrow (encoding L8
U) on input line 3575.
LaTeX Encoding Info:    Redeclaring text command \textleadsto (encoding L8U) on
 input line 3577.
LaTeX Encoding Info:    Redeclaring text command \textrcurvearrowne (encoding L
8U) on input line 3578.
LaTeX Encoding Info:    Redeclaring text command \textlcurvearrowse (encoding L
8U) on input line 3579.
LaTeX Encoding Info:    Redeclaring text command \textlcurvearrowsw (encoding L
8U) on input line 3580.
LaTeX Encoding Info:    Redeclaring text command \textrcurvearrowse (encoding L
8U) on input line 3581.
LaTeX Encoding Info:    Redeclaring text command \textlcurvearrowdown (encoding
 L8U) on input line 3582.
LaTeX Encoding Info:    Redeclaring text command \textrcurvearrowdown (encoding
 L8U) on input line 3583.
LaTeX Encoding Info:    Redeclaring text command \textrcurvearrowleft (encoding
 L8U) on input line 3584.
LaTeX Encoding Info:    Redeclaring text command \textrcurvearrowright (encodin
g L8U) on input line 3585.
LaTeX Encoding Info:    Redeclaring text command \textleftrightharpoon (encodin
g L8U) on input line 3587.
LaTeX Encoding Info:    Redeclaring text command \textrightleftharpoon (encodin
g L8U) on input line 3588.
LaTeX Encoding Info:    Redeclaring text command \textupdownharpoonrightleft (e
ncoding L8U) on input line 3589.
LaTeX Encoding Info:    Redeclaring text command \textupdownharpoonleftright (e
ncoding L8U) on input line 3590.
LaTeX Encoding Info:    Redeclaring text command \textleftleftharpoons (encodin
g L8U) on input line 3592.
LaTeX Encoding Info:    Redeclaring text command \textupupharpoons (encoding L8
U) on input line 3593.
LaTeX Encoding Info:    Redeclaring text command \textrightrightharpoons (encod
ing L8U) on input line 3594.
LaTeX Encoding Info:    Redeclaring text command \textdowndownharpoons (encodin
g L8U) on input line 3595.
LaTeX Encoding Info:    Redeclaring text command \textleftbarharpoon (encoding 
L8U) on input line 3597.
LaTeX Encoding Info:    Redeclaring text command \textbarleftharpoon (encoding 
L8U) on input line 3598.
LaTeX Encoding Info:    Redeclaring text command \textrightbarharpoon (encoding
 L8U) on input line 3599.
LaTeX Encoding Info:    Redeclaring text command \textbarrightharpoon (encoding
 L8U) on input line 3600.
LaTeX Encoding Info:    Redeclaring text command \textupdownharpoons (encoding 
L8U) on input line 3601.
LaTeX Encoding Info:    Redeclaring text command \textdownupharpoons (encoding 
L8U) on input line 3602.
LaTeX Encoding Info:    Redeclaring text command \textmoo (encoding L8U) on inp
ut line 3604.
LaTeX Encoding Info:    Redeclaring text command \textllparenthesis (encoding L
8U) on input line 3609.
LaTeX Encoding Info:    Redeclaring text command \textrrparenthesis (encoding L
8U) on input line 3610.
LaTeX Encoding Info:    Redeclaring text command \textinvdiameter (encoding L8U
) on input line 3612.
LaTeX Encoding Info:    Redeclaring text command \textobar (encoding L8U) on in
put line 3614.
LaTeX Encoding Info:    Redeclaring text command \textobslash (encoding L8U) on
 input line 3616.
LaTeX Encoding Info:    Redeclaring text command \textobot (encoding L8U) on in
put line 3618.
LaTeX Encoding Info:    Redeclaring text command \textNoChemicalCleaning (encod
ing L8U) on input line 3619.
LaTeX Encoding Info:    Redeclaring text command \textolessthan (encoding L8U) 
on input line 3621.
LaTeX Encoding Info:    Redeclaring text command \textogreaterthan (encoding L8
U) on input line 3622.
LaTeX Encoding Info:    Redeclaring text command \textboxslash (encoding L8U) o
n input line 3624.
LaTeX Encoding Info:    Redeclaring text command \textboxbslash (encoding L8U) 
on input line 3625.
LaTeX Encoding Info:    Redeclaring text command \textboxast (encoding L8U) on 
input line 3626.
LaTeX Encoding Info:    Redeclaring text command \textboxcircle (encoding L8U) 
on input line 3627.
LaTeX Encoding Info:    Redeclaring text command \textboxbox (encoding L8U) on 
input line 3628.
LaTeX Encoding Info:    Redeclaring text command \textValve (encoding L8U) on i
nput line 3630.
LaTeX Encoding Info:    Redeclaring text command \textmultimapboth (encoding L8
U) on input line 3631.
LaTeX Encoding Info:    Redeclaring text command \textshuffle (encoding L8U) on
 input line 3633.
LaTeX Encoding Info:    Redeclaring text command \textuplus (encoding L8U) on i
nput line 3638.
LaTeX Encoding Info:    Redeclaring text command \textbigdoublewedge (encoding 
L8U) on input line 3639.
LaTeX Encoding Info:    Redeclaring text command \textbigdoublevee (encoding L8
U) on input line 3640.
LaTeX Encoding Info:    Redeclaring text command \textJoin (encoding L8U) on in
put line 3641.
LaTeX Encoding Info:    Redeclaring text command \textfatsemi (encoding L8U) on
 input line 3643.
LaTeX Encoding Info:    Redeclaring text command \textcircplus (encoding L8U) o
n input line 3644.
LaTeX Encoding Info:    Redeclaring text command \textminusdot (encoding L8U) o
n input line 3645.
LaTeX Encoding Info:    Redeclaring text command \textdottimes (encoding L8U) o
n input line 3646.
LaTeX Encoding Info:    Redeclaring text command \textdtimes (encoding L8U) on 
input line 3647.
LaTeX Encoding Info:    Redeclaring text command \textodiv (encoding L8U) on in
put line 3648.
LaTeX Encoding Info:    Redeclaring text command \textinvneg (encoding L8U) on 
input line 3649.
LaTeX Encoding Info:    Redeclaring text command \textcapdot (encoding L8U) on 
input line 3650.
LaTeX Encoding Info:    Redeclaring text command \textsqdoublecap (encoding L8U
) on input line 3651.
LaTeX Encoding Info:    Redeclaring text command \textsqdoublecup (encoding L8U
) on input line 3652.
LaTeX Encoding Info:    Redeclaring text command \textdoublewedge (encoding L8U
) on input line 3653.
LaTeX Encoding Info:    Redeclaring text command \textdoublevee (encoding L8U) 
on input line 3654.
LaTeX Encoding Info:    Redeclaring text command \textdoublebarwedge (encoding 
L8U) on input line 3655.
LaTeX Encoding Info:    Redeclaring text command \textveedoublebar (encoding L8
U) on input line 3656.
LaTeX Encoding Info:    Redeclaring text command \texteqdot (encoding L8U) on i
nput line 3657.
LaTeX Encoding Info:    Redeclaring text command \textneqdot (encoding L8U) on 
input line 3658.
LaTeX Encoding Info:    Redeclaring text command \textcoloncolonequals (encodin
g L8U) on input line 3659.
LaTeX Encoding Info:    Redeclaring text command \textleqslant (encoding L8U) o
n input line 3660.
LaTeX Encoding Info:    Redeclaring text command \textnleqslant (encoding L8U) 
on input line 3661.
LaTeX Encoding Info:    Redeclaring text command \textgeqslant (encoding L8U) o
n input line 3662.
LaTeX Encoding Info:    Redeclaring text command \textngeqslant (encoding L8U) 
on input line 3663.
LaTeX Encoding Info:    Redeclaring text command \textlessapprox (encoding L8U)
 on input line 3664.
LaTeX Encoding Info:    Redeclaring text command \textnlessapprox (encoding L8U
) on input line 3665.
LaTeX Encoding Info:    Redeclaring text command \textgtrapprox (encoding L8U) 
on input line 3666.
LaTeX Encoding Info:    Redeclaring text command \textngtrapprox (encoding L8U)
 on input line 3667.
LaTeX Encoding Info:    Redeclaring text command \textlneq (encoding L8U) on in
put line 3668.
LaTeX Encoding Info:    Redeclaring text command \textgneq (encoding L8U) on in
put line 3669.
LaTeX Encoding Info:    Redeclaring text command \textlnapprox (encoding L8U) o
n input line 3670.
LaTeX Encoding Info:    Redeclaring text command \textgnapprox (encoding L8U) o
n input line 3671.
LaTeX Encoding Info:    Redeclaring text command \textlesseqqgtr (encoding L8U)
 on input line 3672.
LaTeX Encoding Info:    Redeclaring text command \textgtreqqless (encoding L8U)
 on input line 3673.
LaTeX Encoding Info:    Redeclaring text command \texteqslantless (encoding L8U
) on input line 3674.
LaTeX Encoding Info:    Redeclaring text command \texteqslantgtr (encoding L8U)
 on input line 3675.
LaTeX Encoding Info:    Redeclaring text command \textleftslice (encoding L8U) 
on input line 3676.
LaTeX Encoding Info:    Redeclaring text command \textrightslice (encoding L8U)
 on input line 3677.
LaTeX Encoding Info:    Redeclaring text command \textpreceq (encoding L8U) on 
input line 3678.
LaTeX Encoding Info:    Redeclaring text command \textnpreceq (encoding L8U) on
 input line 3679.
LaTeX Encoding Info:    Redeclaring text command \textsucceq (encoding L8U) on 
input line 3680.
LaTeX Encoding Info:    Redeclaring text command \textnsucceq (encoding L8U) on
 input line 3681.
LaTeX Encoding Info:    Redeclaring text command \textprecneq (encoding L8U) on
 input line 3682.
LaTeX Encoding Info:    Redeclaring text command \textsuccneq (encoding L8U) on
 input line 3683.
LaTeX Encoding Info:    Redeclaring text command \textpreceqq (encoding L8U) on
 input line 3684.
LaTeX Encoding Info:    Redeclaring text command \textnpreceqq (encoding L8U) o
n input line 3685.
LaTeX Encoding Info:    Redeclaring text command \textsucceqq (encoding L8U) on
 input line 3686.
LaTeX Encoding Info:    Redeclaring text command \textnsucceqq (encoding L8U) o
n input line 3687.
LaTeX Encoding Info:    Redeclaring text command \textprecneqq (encoding L8U) o
n input line 3688.
LaTeX Encoding Info:    Redeclaring text command \textsuccneqq (encoding L8U) o
n input line 3689.
LaTeX Encoding Info:    Redeclaring text command \textprecapprox (encoding L8U)
 on input line 3690.
LaTeX Encoding Info:    Redeclaring text command \textnprecapprox (encoding L8U
) on input line 3691.
LaTeX Encoding Info:    Redeclaring text command \textsuccapprox (encoding L8U)
 on input line 3692.
LaTeX Encoding Info:    Redeclaring text command \textnsuccapprox (encoding L8U
) on input line 3693.
LaTeX Encoding Info:    Redeclaring text command \textprecnapprox (encoding L8U
) on input line 3694.
LaTeX Encoding Info:    Redeclaring text command \textsuccnapprox (encoding L8U
) on input line 3695.
LaTeX Encoding Info:    Redeclaring text command \textsubseteqq (encoding L8U) 
on input line 3696.
LaTeX Encoding Info:    Redeclaring text command \textnsubseteqq (encoding L8U)
 on input line 3697.
LaTeX Encoding Info:    Redeclaring text command \textsupseteqq (encoding L8U) 
on input line 3698.
LaTeX Encoding Info:    Redeclaring text command \textnsupseteqq (encoding L8U)
 on input line 3699.
LaTeX Encoding Info:    Redeclaring text command \textdashV (encoding L8U) on i
nput line 3700.
LaTeX Encoding Info:    Redeclaring text command \textndashV (encoding L8U) on 
input line 3701.
LaTeX Encoding Info:    Redeclaring text command \textDashv (encoding L8U) on i
nput line 3702.
LaTeX Encoding Info:    Redeclaring text command \textnDashv (encoding L8U) on 
input line 3703.
LaTeX Encoding Info:    Redeclaring text command \textDashV (encoding L8U) on i
nput line 3704.
LaTeX Encoding Info:    Redeclaring text command \textnDashV (encoding L8U) on 
input line 3705.
LaTeX Encoding Info:    Redeclaring text command \textdownmodels (encoding L8U)
 on input line 3706.
LaTeX Encoding Info:    Redeclaring text command \textndownmodels (encoding L8U
) on input line 3707.
LaTeX Encoding Info:    Redeclaring text command \textupmodels (encoding L8U) o
n input line 3708.
LaTeX Encoding Info:    Redeclaring text command \textnupmodels (encoding L8U) 
on input line 3709.
LaTeX Encoding Info:    Redeclaring text command \textupspoon (encoding L8U) on
 input line 3710.
LaTeX Encoding Info:    Redeclaring text command \textinterleave (encoding L8U)
 on input line 3711.
LaTeX Encoding Info:    Redeclaring text command \textsslash (encoding L8U) on 
input line 3712.
LaTeX Encoding Info:    Redeclaring text command \textupstep (encoding L8U) on 
input line 3739.
LaTeX Encoding Info:    Redeclaring text command \textdownstep (encoding L8U) o
n input line 3740.
LaTeX Encoding Info:    Redeclaring text command \textcopyleft (encoding L8U) o
n input line 3810.
)
\pdfxsafeforxmp@toks=\toks19

(/usr/share/texmf-dist/tex/latex/xcolor/xcolor.sty
Package: xcolor 2024/09/29 v3.02 LaTeX color extensions (UK)

(/usr/share/texmf-dist/tex/latex/graphics-cfg/color.cfg
File: color.cfg 2016/01/02 v1.6 sample color configuration
)

Package xcolor Warning: Package option `hyperref' is obsolete and ignored on in
put line 265.

Package xcolor Info: Driver file: pdftex.def on input line 274.
(/usr/share/texmf-dist/tex/latex/graphics-def/pdftex.def
File: pdftex.def 2025/09/29 v1.2d Graphics/color driver for pdftex
)
(/usr/share/texmf-dist/tex/latex/graphics/mathcolor.ltx)
Package xcolor Info: Model `cmy' substituted by `cmy0' on input line 1349.
Package xcolor Info: Model `hsb' substituted by `rgb' on input line 1353.
Package xcolor Info: Model `RGB' extended on input line 1365.
Package xcolor Info: Model `HTML' substituted by `rgb' on input line 1367.
Package xcolor Info: Model `Hsb' substituted by `hsb' on input line 1368.
Package xcolor Info: Model `tHsb' substituted by `hsb' on input line 1369.
Package xcolor Info: Model `HSB' substituted by `hsb' on input line 1370.
Package xcolor Info: Model `Gray' substituted by `gray' on input line 1371.
Package xcolor Info: Model `wave' substituted by `hsb' on input line 1372.
)
(/usr/share/texmf-dist/tex/latex/graphics/dvipsnam.def
File: dvipsnam.def 2016/06/17 v3.0m Driver-dependent file (DPC,SPQR)
)
\pdfx@tmptoks=\toks20

(/usr/share/texmf-dist/tex/latex/hyperref/hyperref.sty
Package: hyperref 2026-01-29 v7.01p Hypertext links for LaTeX

(/usr/share/texmf-dist/tex/latex/graphics/keyval.sty
Package: keyval 2022/05/29 v1.15 key=value parser (DPC)
\KV@toks@=\toks21
)
(/usr/share/texmf-dist/tex/latex/kvsetkeys/kvsetkeys.sty
Package: kvsetkeys 2022-10-05 v1.19 Key value parser (HO)
)
(/usr/share/texmf-dist/tex/generic/kvdefinekeys/kvdefinekeys.sty
Package: kvdefinekeys 2019-12-19 v1.6 Define keys (HO)
)
(/usr/share/texmf-dist/tex/generic/pdfescape/pdfescape.sty
Package: pdfescape 2019/12/09 v1.15 Implements pdfTeX's escape features (HO)

(/usr/share/texmf-dist/tex/generic/ltxcmds/ltxcmds.sty
Package: ltxcmds 2023-12-04 v1.26 LaTeX kernel commands for general use (HO)
)
(/usr/share/texmf-dist/tex/generic/pdftexcmds/pdftexcmds.sty
Package: pdftexcmds 2020-06-27 v0.33 Utility functions of pdfTeX for LuaTeX (HO
)

(/usr/share/texmf-dist/tex/generic/infwarerr/infwarerr.sty
Package: infwarerr 2019/12/03 v1.5 Providing info/warning/error messages (HO)
)
Package pdftexcmds Info: \pdf@primitive is available.
Package pdftexcmds Info: \pdf@ifprimitive is available.
Package pdftexcmds Info: \pdfdraftmode found.
))
(/usr/share/texmf-dist/tex/latex/hycolor/hycolor.sty
Package: hycolor 2020-01-27 v1.10 Color options for hyperref/bookmark (HO)
)
(/usr/share/texmf-dist/tex/latex/hyperref/nameref.sty
Package: nameref 2026-01-29 v2.58 Cross-referencing by name of section

(/usr/share/texmf-dist/tex/latex/refcount/refcount.sty
Package: refcount 2019/12/15 v3.6 Data extraction from label references (HO)
)
(/usr/share/texmf-dist/tex/generic/gettitlestring/gettitlestring.sty
Package: gettitlestring 2019/12/15 v1.6 Cleanup title references (HO)

(/usr/share/texmf-dist/tex/latex/kvoptions/kvoptions.sty
Package: kvoptions 2022-06-15 v3.15 Key value format for package options (HO)
))
\c@section@level=\count286
)
(/usr/share/texmf-dist/tex/latex/etoolbox/etoolbox.sty
Package: etoolbox 2025/10/02 v2.5m e-TeX tools for LaTeX (JAW)
\etb@tempcnta=\count287
)
(/usr/share/texmf-dist/tex/generic/stringenc/stringenc.sty
Package: stringenc 2019/11/29 v1.12 Convert strings between diff. encodings (HO
)
)
\@linkdim=\dimen149
\Hy@linkcounter=\count288
\Hy@pagecounter=\count289

(/usr/share/texmf-dist/tex/latex/hyperref/pd1enc.def
File: pd1enc.def 2026-01-29 v7.01p Hyperref: PDFDocEncoding definition (HO)
)
(/usr/share/texmf-dist/tex/generic/intcalc/intcalc.sty
Package: intcalc 2019/12/15 v1.3 Expandable calculations with integers (HO)
)
\Hy@SavedSpaceFactor=\count290

(/usr/share/texmf-dist/tex/latex/hyperref/puenc.def
File: puenc.def 2026-01-29 v7.01p Hyperref: PDF Unicode definition (HO)

(/usr/share/texmf-dist/tex/latex/greek-fontenc/puenc-greek.def
File: puenc-greek.def 2023-09-12 2.5 Greek LICRs for PDF strings

(/usr/share/texmf-dist/tex/latex/greek-fontenc/greek-fontenc.def
File: greek-fontenc.def 2023-09-12 2.5 Common Greek font encoding definitions
)
LaTeX Encoding Info:    Redeclaring text command \textmu (encoding PU) on input
 line 179.
)
LaTeX Encoding Info:    Redeclaring text command \textohm (encoding PU) on inpu
t line 1176.
)
Package hyperref Info: Option `pdfa' set `true' on input line 4072.
Package hyperref Info: Hyper figures OFF on input line 4201.
Package hyperref Info: Link nesting OFF on input line 4206.
Package hyperref Info: Hyper index ON on input line 4209.
Package hyperref Info: Plain pages OFF on input line 4216.
Package hyperref Info: Backreferencing OFF on input line 4221.
Package hyperref Info: Implicit mode ON; LaTeX internals redefined.
Package hyperref Info: Bookmarks ON on input line 4468.
\c@Hy@tempcnt=\count291

(/usr/share/texmf-dist/tex/latex/url/url.sty
\Urlmuskip=\muskip17
Package: url 2013/09/16  ver 3.4  Verb mode for urls, etc.
)
LaTeX Info: Redefining \url on input line 4807.
\XeTeXLinkMargin=\dimen150

(/usr/share/texmf-dist/tex/generic/bitset/bitset.sty
Package: bitset 2019/12/09 v1.3 Handle bit-vector datatype (HO)

(/usr/share/texmf-dist/tex/generic/bigintcalc/bigintcalc.sty
Package: bigintcalc 2019/12/15 v1.5 Expandable calculations on big integers (HO
)
))
\Fld@menulength=\count292
\Field@Width=\dimen151
\Fld@charsize=\dimen152
Package hyperref Info: Hyper figures OFF on input line 6084.
Package hyperref Info: Link nesting OFF on input line 6089.
Package hyperref Info: Hyper index ON on input line 6092.
Package hyperref Info: backreferencing OFF on input line 6099.
Package hyperref Info: Link coloring OFF on input line 6104.
Package hyperref Info: Link coloring with OCG OFF on input line 6109.
Package hyperref Info: PDF/A mode ON on input line 6112.
\Hy@abspage=\count293
\c@Item=\count294
\c@Hfootnote=\count295
)
Package hyperref Info: Driver: hpdftex.

(/usr/share/texmf-dist/tex/latex/hyperref/hpdftex.def
File: hpdftex.def 2026-01-29 v7.01p Hyperref driver for pdfTeX
\Fld@listcount=\count296
\c@bookmark@seq@number=\count297

(/usr/share/texmf-dist/tex/latex/rerunfilecheck/rerunfilecheck.sty
Package: rerunfilecheck 2025-06-21 v1.11 Rerun checks for auxiliary files (HO)

(/usr/share/texmf-dist/tex/generic/uniquecounter/uniquecounter.sty
Package: uniquecounter 2019/12/15 v1.4 Provide unlimited unique counter (HO)
)
Package uniquecounter Info: New unique counter `rerunfilecheck' on input line 2
84.
)
\Hy@SectionHShift=\skip51
)
Package hyperref Info: Option `psdextra' set `true' on input line 1535.

(/usr/share/texmf-dist/tex/latex/hyperref/psdextra.def
File: psdextra.def 2026-01-29 v7.01p Hyperref: Additions to PDF string support
LaTeX Encoding Info:    Redeclaring text command \textGamma (encoding PU) on in
put line 39.
LaTeX Encoding Info:    Redeclaring text command \textDelta (encoding PU) on in
put line 40.
LaTeX Encoding Info:    Redeclaring text command \textTheta (encoding PU) on in
put line 41.
LaTeX Encoding Info:    Redeclaring text command \textLambda (encoding PU) on i
nput line 42.
LaTeX Encoding Info:    Redeclaring text command \textXi (encoding PU) on input
 line 43.
LaTeX Encoding Info:    Redeclaring text command \textPi (encoding PU) on input
 line 44.
LaTeX Encoding Info:    Redeclaring text command \textSigma (encoding PU) on in
put line 45.
LaTeX Encoding Info:    Redeclaring text command \textUpsilon (encoding PU) on 
input line 46.
LaTeX Encoding Info:    Redeclaring text command \textPhi (encoding PU) on inpu
t line 47.
LaTeX Encoding Info:    Redeclaring text command \textChi (encoding PU) on inpu
t line 48.
LaTeX Encoding Info:    Redeclaring text command \textPsi (encoding PU) on inpu
t line 49.
LaTeX Encoding Info:    Redeclaring text command \textOmega (encoding PU) on in
put line 50.
LaTeX Encoding Info:    Redeclaring text command \textalpha (encoding PU) on in
put line 51.
LaTeX Encoding Info:    Redeclaring text command \textbeta (encoding PU) on inp
ut line 52.
LaTeX Encoding Info:    Redeclaring text command \textgamma (encoding PU) on in
put line 53.
LaTeX Encoding Info:    Redeclaring text command \textdelta (encoding PU) on in
put line 54.
LaTeX Encoding Info:    Redeclaring text command \textepsilon (encoding PU) on 
input line 55.
LaTeX Encoding Info:    Redeclaring text command \textzeta (encoding PU) on inp
ut line 56.
LaTeX Encoding Info:    Redeclaring text command \texteta (encoding PU) on inpu
t line 57.
LaTeX Encoding Info:    Redeclaring text command \texttheta (encoding PU) on in
put line 58.
LaTeX Encoding Info:    Redeclaring text command \textiota (encoding PU) on inp
ut line 59.
LaTeX Encoding Info:    Redeclaring text command \textkappa (encoding PU) on in
put line 60.
LaTeX Encoding Info:    Redeclaring text command \textlambda (encoding PU) on i
nput line 61.
LaTeX Encoding Info:    Redeclaring text command \textmugreek (encoding PU) on 
input line 62.
LaTeX Encoding Info:    Redeclaring text command \textnu (encoding PU) on input
 line 63.
LaTeX Encoding Info:    Redeclaring text command \textxi (encoding PU) on input
 line 64.
LaTeX Encoding Info:    Redeclaring text command \textpi (encoding PU) on input
 line 65.
LaTeX Encoding Info:    Redeclaring text command \textrho (encoding PU) on inpu
t line 66.
LaTeX Encoding Info:    Redeclaring text command \textvarsigma (encoding PU) on
 input line 67.
LaTeX Encoding Info:    Redeclaring text command \textsigma (encoding PU) on in
put line 68.
LaTeX Encoding Info:    Redeclaring text command \texttau (encoding PU) on inpu
t line 69.
LaTeX Encoding Info:    Redeclaring text command \textupsilon (encoding PU) on 
input line 70.
LaTeX Encoding Info:    Redeclaring text command \textphi (encoding PU) on inpu
t line 71.
LaTeX Encoding Info:    Redeclaring text command \textchi (encoding PU) on inpu
t line 72.
LaTeX Encoding Info:    Redeclaring text command \textpsi (encoding PU) on inpu
t line 73.
LaTeX Encoding Info:    Redeclaring text command \textomega (encoding PU) on in
put line 74.
)
(/usr/share/texmf-dist/tex/latex/pdfx/AdobeColorProfiles.tex)
(/usr/share/texmf-dist/tex/latex/pdfx/8bit.def
File: 8bit.def 2008/03/30 v1.1d Input encoding file
)
** pdfx: Metadata file thesis.xmpdata read successfully.
(build/thesis.xmpdata)<<sRGB.icc>>
(/usr/share/texmf-dist/tex/latex/pdfx/8bit.def
File: 8bit.def 2008/03/30 v1.1d Input encoding file
)
(/usr/share/texmf-dist/tex/latex/pdfx/8bit.def
File: 8bit.def 2008/03/30 v1.1d Input encoding file
)
(/usr/share/texmf-dist/tex/generic/stringenc/se-utf8.def
File: se-utf8.def 2019/11/29 v1.12 stringenc: UTF-8
)
(/usr/share/texmf-dist/tex/latex/pdfx/8bit.def
File: 8bit.def 2008/03/30 v1.1d Input encoding file
)
(/usr/share/texmf-dist/tex/latex/pdfx/8bit.def
File: 8bit.def 2008/03/30 v1.1d Input encoding file
)
(/usr/share/texmf-dist/tex/generic/pdftex/glyphtounicode.tex)
(/usr/share/texmf-dist/tex/latex/pdfx/glyphtounicode-cmr.tex)
(/usr/share/texmf-dist/tex/latex/pdfx/glyphtounicode-ntx.tex)
(/usr/share/texmf-dist/tex/latex/base/ifthen.sty
Package: ifthen 2024/03/16 v1.1e Standard LaTeX ifthen package (DPC)
)
(/usr/share/texmf-dist/tex/latex/xmpincl/xmpincl.sty
Package: xmpincl 2021/09/22 v2.4 Include XMP data in pdflatex
)
(/usr/share/texmf-dist/tex/latex/pdfx/8bit.def
File: 8bit.def 2008/03/30 v1.1d Input encoding file
)
Using XMP template file: pdfa.xmp
\xmpinclWrite=\write3
\xmpinclRead=\read2
\openout3 = `pdfa.xmpi'.

<<pdfa.xmpi>>

Package pdfx Warning: Setting all color commands to rgb,
consistent with the Color Model for PDF/A  on input line 3126.

) (/usr/share/texmf-dist/tex/latex/base/utf8.def
File: utf8.def 2022/06/07 v1.3c UTF-8 support
Now handling font encoding OML ...
... no UTF-8 mapping file for font encoding OML
Now handling font encoding OMS ...
... processing UTF-8 mapping file for font encoding OMS

(/usr/share/texmf-dist/tex/latex/base/omsenc.dfu
File: omsenc.dfu 2022/06/07 v1.3c UTF-8 support
   defining Unicode char U+00A7 (decimal 167)
   defining Unicode char U+00B6 (decimal 182)
   defining Unicode char U+00B7 (decimal 183)
   defining Unicode char U+2020 (decimal 8224)
   defining Unicode char U+2021 (decimal 8225)
   defining Unicode char U+2022 (decimal 8226)
)
Now handling font encoding OT1 ...
... processing UTF-8 mapping file for font encoding OT1

(/usr/share/texmf-dist/tex/latex/base/ot1enc.dfu
File: ot1enc.dfu 2022/06/07 v1.3c UTF-8 support
   defining Unicode char U+00A0 (decimal 160)
   defining Unicode char U+00A1 (decimal 161)
   defining Unicode char U+00A3 (decimal 163)
   defining Unicode char U+00AD (decimal 173)
   defining Unicode char U+00B8 (decimal 184)
   defining Unicode char U+00BF (decimal 191)
   defining Unicode char U+00C5 (decimal 197)
   defining Unicode char U+00C6 (decimal 198)
   defining Unicode char U+00D8 (decimal 216)
   defining Unicode char U+00DF (decimal 223)
   defining Unicode char U+00E6 (decimal 230)
   defining Unicode char U+00EC (decimal 236)
   defining Unicode char U+00ED (decimal 237)
   defining Unicode char U+00EE (decimal 238)
   defining Unicode char U+00EF (decimal 239)
   defining Unicode char U+00F8 (decimal 248)
   defining Unicode char U+0131 (decimal 305)
   defining Unicode char U+0141 (decimal 321)
   defining Unicode char U+0142 (decimal 322)
   defining Unicode char U+0152 (decimal 338)
   defining Unicode char U+0153 (decimal 339)
   defining Unicode char U+0174 (decimal 372)
   defining Unicode char U+0175 (decimal 373)
   defining Unicode char U+0176 (decimal 374)
   defining Unicode char U+0177 (decimal 375)
   defining Unicode char U+0218 (decimal 536)
   defining Unicode char U+0219 (decimal 537)
   defining Unicode char U+021A (decimal 538)
   defining Unicode char U+021B (decimal 539)
   defining Unicode char U+0237 (decimal 567)
   defining Unicode char U+2013 (decimal 8211)
   defining Unicode char U+2014 (decimal 8212)
   defining Unicode char U+2018 (decimal 8216)
   defining Unicode char U+2019 (decimal 8217)
   defining Unicode char U+201C (decimal 8220)
   defining Unicode char U+201D (decimal 8221)
   defining Unicode char U+FB00 (decimal 64256)
   defining Unicode char U+FB01 (decimal 64257)
   defining Unicode char U+FB02 (decimal 64258)
   defining Unicode char U+FB03 (decimal 64259)
   defining Unicode char U+FB04 (decimal 64260)
   defining Unicode char U+FB05 (decimal 64261)
   defining Unicode char U+FB06 (decimal 64262)
)
Now handling font encoding T1 ...
... processing UTF-8 mapping file for font encoding T1

(/usr/share/texmf-dist/tex/latex/base/t1enc.dfu
File: t1enc.dfu 2022/06/07 v1.3c UTF-8 support
   defining Unicode char U+00A0 (decimal 160)
   defining Unicode char U+00A1 (decimal 161)
   defining Unicode char U+00A3 (decimal 163)
   defining Unicode char U+00AB (decimal 171)
   defining Unicode char U+00AD (decimal 173)
   defining Unicode char U+00BB (decimal 187)
   defining Unicode char U+00BF (decimal 191)
   defining Unicode char U+00C0 (decimal 192)
   defining Unicode char U+00C1 (decimal 193)
   defining Unicode char U+00C2 (decimal 194)
   defining Unicode char U+00C3 (decimal 195)
   defining Unicode char U+00C4 (decimal 196)
   defining Unicode char U+00C5 (decimal 197)
   defining Unicode char U+00C6 (decimal 198)
   defining Unicode char U+00C7 (decimal 199)
   defining Unicode char U+00C8 (decimal 200)
   defining Unicode char U+00C9 (decimal 201)
   defining Unicode char U+00CA (decimal 202)
   defining Unicode char U+00CB (decimal 203)
   defining Unicode char U+00CC (decimal 204)
   defining Unicode char U+00CD (decimal 205)
   defining Unicode char U+00CE (decimal 206)
   defining Unicode char U+00CF (decimal 207)
   defining Unicode char U+00D0 (decimal 208)
   defining Unicode char U+00D1 (decimal 209)
   defining Unicode char U+00D2 (decimal 210)
   defining Unicode char U+00D3 (decimal 211)
   defining Unicode char U+00D4 (decimal 212)
   defining Unicode char U+00D5 (decimal 213)
   defining Unicode char U+00D6 (decimal 214)
   defining Unicode char U+00D8 (decimal 216)
   defining Unicode char U+00D9 (decimal 217)
   defining Unicode char U+00DA (decimal 218)
   defining Unicode char U+00DB (decimal 219)
   defining Unicode char U+00DC (decimal 220)
   defining Unicode char U+00DD (decimal 221)
   defining Unicode char U+00DE (decimal 222)
   defining Unicode char U+00DF (decimal 223)
   defining Unicode char U+00E0 (decimal 224)
   defining Unicode char U+00E1 (decimal 225)
   defining Unicode char U+00E2 (decimal 226)
   defining Unicode char U+00E3 (decimal 227)
   defining Unicode char U+00E4 (decimal 228)
   defining Unicode char U+00E5 (decimal 229)
   defining Unicode char U+00E6 (decimal 230)
   defining Unicode char U+00E7 (decimal 231)
   defining Unicode char U+00E8 (decimal 232)
   defining Unicode char U+00E9 (decimal 233)
   defining Unicode char U+00EA (decimal 234)
   defining Unicode char U+00EB (decimal 235)
   defining Unicode char U+00EC (decimal 236)
   defining Unicode char U+00ED (decimal 237)
   defining Unicode char U+00EE (decimal 238)
   defining Unicode char U+00EF (decimal 239)
   defining Unicode char U+00F0 (decimal 240)
   defining Unicode char U+00F1 (decimal 241)
   defining Unicode char U+00F2 (decimal 242)
   defining Unicode char U+00F3 (decimal 243)
   defining Unicode char U+00F4 (decimal 244)
   defining Unicode char U+00F5 (decimal 245)
   defining Unicode char U+00F6 (decimal 246)
   defining Unicode char U+00F8 (decimal 248)
   defining Unicode char U+00F9 (decimal 249)
   defining Unicode char U+00FA (decimal 250)
   defining Unicode char U+00FB (decimal 251)
   defining Unicode char U+00FC (decimal 252)
   defining Unicode char U+00FD (decimal 253)
   defining Unicode char U+00FE (decimal 254)
   defining Unicode char U+00FF (decimal 255)
   defining Unicode char U+0100 (decimal 256)
   defining Unicode char U+0101 (decimal 257)
   defining Unicode char U+0102 (decimal 258)
   defining Unicode char U+0103 (decimal 259)
   defining Unicode char U+0104 (decimal 260)
   defining Unicode char U+0105 (decimal 261)
   defining Unicode char U+0106 (decimal 262)
   defining Unicode char U+0107 (decimal 263)
   defining Unicode char U+0108 (decimal 264)
   defining Unicode char U+0109 (decimal 265)
   defining Unicode char U+010A (decimal 266)
   defining Unicode char U+010B (decimal 267)
   defining Unicode char U+010C (decimal 268)
   defining Unicode char U+010D (decimal 269)
   defining Unicode char U+010E (decimal 270)
   defining Unicode char U+010F (decimal 271)
   defining Unicode char U+0110 (decimal 272)
   defining Unicode char U+0111 (decimal 273)
   defining Unicode char U+0112 (decimal 274)
   defining Unicode char U+0113 (decimal 275)
   defining Unicode char U+0114 (decimal 276)
   defining Unicode char U+0115 (decimal 277)
   defining Unicode char U+0116 (decimal 278)
   defining Unicode char U+0117 (decimal 279)
   defining Unicode char U+0118 (decimal 280)
   defining Unicode char U+0119 (decimal 281)
   defining Unicode char U+011A (decimal 282)
   defining Unicode char U+011B (decimal 283)
   defining Unicode char U+011C (decimal 284)
   defining Unicode char U+011D (decimal 285)
   defining Unicode char U+011E (decimal 286)
   defining Unicode char U+011F (decimal 287)
   defining Unicode char U+0120 (decimal 288)
   defining Unicode char U+0121 (decimal 289)
   defining Unicode char U+0122 (decimal 290)
   defining Unicode char U+0123 (decimal 291)
   defining Unicode char U+0124 (decimal 292)
   defining Unicode char U+0125 (decimal 293)
   defining Unicode char U+0128 (decimal 296)
   defining Unicode char U+0129 (decimal 297)
   defining Unicode char U+012A (decimal 298)
   defining Unicode char U+012B (decimal 299)
   defining Unicode char U+012C (decimal 300)
   defining Unicode char U+012D (decimal 301)
   defining Unicode char U+012E (decimal 302)
   defining Unicode char U+012F (decimal 303)
   defining Unicode char U+0130 (decimal 304)
   defining Unicode char U+0131 (decimal 305)
   defining Unicode char U+0132 (decimal 306)
   defining Unicode char U+0133 (decimal 307)
   defining Unicode char U+0134 (decimal 308)
   defining Unicode char U+0135 (decimal 309)
   defining Unicode char U+0136 (decimal 310)
   defining Unicode char U+0137 (decimal 311)
   defining Unicode char U+0139 (decimal 313)
   defining Unicode char U+013A (decimal 314)
   defining Unicode char U+013B (decimal 315)
   defining Unicode char U+013C (decimal 316)
   defining Unicode char U+013D (decimal 317)
   defining Unicode char U+013E (decimal 318)
   defining Unicode char U+0141 (decimal 321)
   defining Unicode char U+0142 (decimal 322)
   defining Unicode char U+0143 (decimal 323)
   defining Unicode char U+0144 (decimal 324)
   defining Unicode char U+0145 (decimal 325)
   defining Unicode char U+0146 (decimal 326)
   defining Unicode char U+0147 (decimal 327)
   defining Unicode char U+0148 (decimal 328)
   defining Unicode char U+014A (decimal 330)
   defining Unicode char U+014B (decimal 331)
   defining Unicode char U+014C (decimal 332)
   defining Unicode char U+014D (decimal 333)
   defining Unicode char U+014E (decimal 334)
   defining Unicode char U+014F (decimal 335)
   defining Unicode char U+0150 (decimal 336)
   defining Unicode char U+0151 (decimal 337)
   defining Unicode char U+0152 (decimal 338)
   defining Unicode char U+0153 (decimal 339)
   defining Unicode char U+0154 (decimal 340)
   defining Unicode char U+0155 (decimal 341)
   defining Unicode char U+0156 (decimal 342)
   defining Unicode char U+0157 (decimal 343)
   defining Unicode char U+0158 (decimal 344)
   defining Unicode char U+0159 (decimal 345)
   defining Unicode char U+015A (decimal 346)
   defining Unicode char U+015B (decimal 347)
   defining Unicode char U+015C (decimal 348)
   defining Unicode char U+015D (decimal 349)
   defining Unicode char U+015E (decimal 350)
   defining Unicode char U+015F (decimal 351)
   defining Unicode char U+0160 (decimal 352)
   defining Unicode char U+0161 (decimal 353)
   defining Unicode char U+0162 (decimal 354)
   defining Unicode char U+0163 (decimal 355)
   defining Unicode char U+0164 (decimal 356)
   defining Unicode char U+0165 (decimal 357)
   defining Unicode char U+0168 (decimal 360)
   defining Unicode char U+0169 (decimal 361)
   defining Unicode char U+016A (decimal 362)
   defining Unicode char U+016B (decimal 363)
   defining Unicode char U+016C (decimal 364)
   defining Unicode char U+016D (decimal 365)
   defining Unicode char U+016E (decimal 366)
   defining Unicode char U+016F (decimal 367)
   defining Unicode char U+0170 (decimal 368)
   defining Unicode char U+0171 (decimal 369)
   defining Unicode char U+0172 (decimal 370)
   defining Unicode char U+0173 (decimal 371)
   defining Unicode char U+0174 (decimal 372)
   defining Unicode char U+0175 (decimal 373)
   defining Unicode char U+0176 (decimal 374)
   defining Unicode char U+0177 (decimal 375)
   defining Unicode char U+0178 (decimal 376)
   defining Unicode char U+0179 (decimal 377)
   defining Unicode char U+017A (decimal 378)
   defining Unicode char U+017B (decimal 379)
   defining Unicode char U+017C (decimal 380)
   defining Unicode char U+017D (decimal 381)
   defining Unicode char U+017E (decimal 382)
   defining Unicode char U+01C4 (decimal 452)
   defining Unicode char U+01C5 (decimal 453)
   defining Unicode char U+01C6 (decimal 454)
   defining Unicode char U+01C7 (decimal 455)
   defining Unicode char U+01C8 (decimal 456)
   defining Unicode char U+01C9 (decimal 457)
   defining Unicode char U+01CA (decimal 458)
   defining Unicode char U+01CB (decimal 459)
   defining Unicode char U+01CC (decimal 460)
   defining Unicode char U+01CD (decimal 461)
   defining Unicode char U+01CE (decimal 462)
   defining Unicode char U+01CF (decimal 463)
   defining Unicode char U+01D0 (decimal 464)
   defining Unicode char U+01D1 (decimal 465)
   defining Unicode char U+01D2 (decimal 466)
   defining Unicode char U+01D3 (decimal 467)
   defining Unicode char U+01D4 (decimal 468)
   defining Unicode char U+01E2 (decimal 482)
   defining Unicode char U+01E3 (decimal 483)
   defining Unicode char U+01E6 (decimal 486)
   defining Unicode char U+01E7 (decimal 487)
   defining Unicode char U+01E8 (decimal 488)
   defining Unicode char U+01E9 (decimal 489)
   defining Unicode char U+01EA (decimal 490)
   defining Unicode char U+01EB (decimal 491)
   defining Unicode char U+01F0 (decimal 496)
   defining Unicode char U+01F4 (decimal 500)
   defining Unicode char U+01F5 (decimal 501)
   defining Unicode char U+0218 (decimal 536)
   defining Unicode char U+0219 (decimal 537)
   defining Unicode char U+021A (decimal 538)
   defining Unicode char U+021B (decimal 539)
   defining Unicode char U+0232 (decimal 562)
   defining Unicode char U+0233 (decimal 563)
   defining Unicode char U+0237 (decimal 567)
   defining Unicode char U+02D9 (decimal 729)
   defining Unicode char U+02DB (decimal 731)
   defining Unicode char U+1E02 (decimal 7682)
   defining Unicode char U+1E03 (decimal 7683)
   defining Unicode char U+1E0D (decimal 7693)
   defining Unicode char U+1E1E (decimal 7710)
   defining Unicode char U+1E1F (decimal 7711)
   defining Unicode char U+1E25 (decimal 7717)
   defining Unicode char U+1E30 (decimal 7728)
   defining Unicode char U+1E31 (decimal 7729)
   defining Unicode char U+1E37 (decimal 7735)
   defining Unicode char U+1E8E (decimal 7822)
   defining Unicode char U+1E8F (decimal 7823)
   defining Unicode char U+1E43 (decimal 7747)
   defining Unicode char U+1E45 (decimal 7749)
   defining Unicode char U+1E47 (decimal 7751)
   defining Unicode char U+1E5B (decimal 7771)
   defining Unicode char U+1E63 (decimal 7779)
   defining Unicode char U+1E6D (decimal 7789)
   defining Unicode char U+1E90 (decimal 7824)
   defining Unicode char U+1E91 (decimal 7825)
   defining Unicode char U+1E9E (decimal 7838)
   defining Unicode char U+1EF2 (decimal 7922)
   defining Unicode char U+1EF3 (decimal 7923)
   defining Unicode char U+200C (decimal 8204)
   defining Unicode char U+2010 (decimal 8208)
   defining Unicode char U+2011 (decimal 8209)
   defining Unicode char U+2012 (decimal 8210)
   defining Unicode char U+2013 (decimal 8211)
   defining Unicode char U+2014 (decimal 8212)
   defining Unicode char U+2015 (decimal 8213)
   defining Unicode char U+2018 (decimal 8216)
   defining Unicode char U+2019 (decimal 8217)
   defining Unicode char U+201A (decimal 8218)
   defining Unicode char U+201C (decimal 8220)
   defining Unicode char U+201D (decimal 8221)
   defining Unicode char U+201E (decimal 8222)
   defining Unicode char U+2030 (decimal 8240)
   defining Unicode char U+2031 (decimal 8241)
   defining Unicode char U+2039 (decimal 8249)
   defining Unicode char U+203A (decimal 8250)
   defining Unicode char U+2423 (decimal 9251)
   defining Unicode char U+1E20 (decimal 7712)
   defining Unicode char U+1E21 (decimal 7713)
   defining Unicode char U+FB00 (decimal 64256)
   defining Unicode char U+FB01 (decimal 64257)
   defining Unicode char U+FB02 (decimal 64258)
   defining Unicode char U+FB03 (decimal 64259)
   defining Unicode char U+FB04 (decimal 64260)
   defining Unicode char U+FB05 (decimal 64261)
   defining Unicode char U+FB06 (decimal 64262)
)
Now handling font encoding TS1 ...
... processing UTF-8 mapping file for font encoding TS1

(/usr/share/texmf-dist/tex/latex/base/ts1enc.dfu
File: ts1enc.dfu 2022/06/07 v1.3c UTF-8 support
   defining Unicode char U+00A2 (decimal 162)
   defining Unicode char U+00A3 (decimal 163)
   defining Unicode char U+00A4 (decimal 164)
   defining Unicode char U+00A5 (decimal 165)
   defining Unicode char U+00A6 (decimal 166)
   defining Unicode char U+00A7 (decimal 167)
   defining Unicode char U+00A8 (decimal 168)
   defining Unicode char U+00A9 (decimal 169)
   defining Unicode char U+00AA (decimal 170)
   defining Unicode char U+00AC (decimal 172)
   defining Unicode char U+00AE (decimal 174)
   defining Unicode char U+00AF (decimal 175)
   defining Unicode char U+00B0 (decimal 176)
   defining Unicode char U+00B1 (decimal 177)
   defining Unicode char U+00B2 (decimal 178)
   defining Unicode char U+00B3 (decimal 179)
   defining Unicode char U+00B4 (decimal 180)
   defining Unicode char U+00B5 (decimal 181)
   defining Unicode char U+00B6 (decimal 182)
   defining Unicode char U+00B7 (decimal 183)
   defining Unicode char U+00B9 (decimal 185)
   defining Unicode char U+00BA (decimal 186)
   defining Unicode char U+00BC (decimal 188)
   defining Unicode char U+00BD (decimal 189)
   defining Unicode char U+00BE (decimal 190)
   defining Unicode char U+00D7 (decimal 215)
   defining Unicode char U+00F7 (decimal 247)
   defining Unicode char U+0192 (decimal 402)
   defining Unicode char U+02C7 (decimal 711)
   defining Unicode char U+02D8 (decimal 728)
   defining Unicode char U+02DD (decimal 733)
   defining Unicode char U+0E3F (decimal 3647)
   defining Unicode char U+2016 (decimal 8214)
   defining Unicode char U+2020 (decimal 8224)
   defining Unicode char U+2021 (decimal 8225)
   defining Unicode char U+2022 (decimal 8226)
   defining Unicode char U+2030 (decimal 8240)
   defining Unicode char U+2031 (decimal 8241)
   defining Unicode char U+203B (decimal 8251)
   defining Unicode char U+203D (decimal 8253)
   defining Unicode char U+2044 (decimal 8260)
   defining Unicode char U+204E (decimal 8270)
   defining Unicode char U+2052 (decimal 8274)
   defining Unicode char U+20A1 (decimal 8353)
   defining Unicode char U+20A4 (decimal 8356)
   defining Unicode char U+20A6 (decimal 8358)
   defining Unicode char U+20A9 (decimal 8361)
   defining Unicode char U+20AB (decimal 8363)
   defining Unicode char U+20AC (decimal 8364)
   defining Unicode char U+20B1 (decimal 8369)
   defining Unicode char U+2103 (decimal 8451)
   defining Unicode char U+2116 (decimal 8470)
   defining Unicode char U+2117 (decimal 8471)
   defining Unicode char U+211E (decimal 8478)
   defining Unicode char U+2120 (decimal 8480)
   defining Unicode char U+2122 (decimal 8482)
   defining Unicode char U+2126 (decimal 8486)
   defining Unicode char U+2127 (decimal 8487)
   defining Unicode char U+212E (decimal 8494)
   defining Unicode char U+2190 (decimal 8592)
   defining Unicode char U+2191 (decimal 8593)
   defining Unicode char U+2192 (decimal 8594)
   defining Unicode char U+2193 (decimal 8595)
   defining Unicode char U+2329 (decimal 9001)
   defining Unicode char U+3008 (decimal 12296)
   defining Unicode char U+232A (decimal 9002)
   defining Unicode char U+3009 (decimal 12297)
   defining Unicode char U+2422 (decimal 9250)
   defining Unicode char U+25E6 (decimal 9702)
   defining Unicode char U+25EF (decimal 9711)
   defining Unicode char U+266A (decimal 9834)
   defining Unicode char U+27E8 (decimal 10216)
   defining Unicode char U+27E9 (decimal 10217)
   defining Unicode char U+FEFF (decimal 65279)
)
Now handling font encoding OMX ...
... no UTF-8 mapping file for font encoding OMX
Now handling font encoding U ...
... no UTF-8 mapping file for font encoding U
Now handling font encoding PD1 ...
... no UTF-8 mapping file for font encoding PD1
Now handling font encoding PU ...
... no UTF-8 mapping file for font encoding PU
   defining Unicode char U+00A9 (decimal 169)
   defining Unicode char U+00AA (decimal 170)
   defining Unicode char U+00AE (decimal 174)
   defining Unicode char U+00BA (decimal 186)
   defining Unicode char U+02C6 (decimal 710)
   defining Unicode char U+02DC (decimal 732)
   defining Unicode char U+200C (decimal 8204)
   defining Unicode char U+2026 (decimal 8230)
   defining Unicode char U+2122 (decimal 8482)
   defining Unicode char U+2423 (decimal 9251)
   defining Unicode char U+FEFF (decimal 65279)
)
(/usr/share/texmf-dist/tex/latex/amsmath/amsmath.sty
Package: amsmath 2025/07/09 v2.17z AMS math features
\@mathmargin=\skip52

For additional information on amsmath, use the `?' option.
(/usr/share/texmf-dist/tex/latex/amsmath/amstext.sty
Package: amstext 2024/11/17 v2.01 AMS text

(/usr/share/texmf-dist/tex/latex/amsmath/amsgen.sty
File: amsgen.sty 1999/11/30 v2.0 generic functions
\@emptytoks=\toks22
\ex@=\dimen153
))
(/usr/share/texmf-dist/tex/latex/amsmath/amsbsy.sty
Package: amsbsy 1999/11/29 v1.2d Bold Symbols
\pmbraise@=\dimen154
)
(/usr/share/texmf-dist/tex/latex/amsmath/amsopn.sty
Package: amsopn 2022/04/08 v2.04 operator names
)
\inf@bad=\count298
LaTeX Info: Redefining \frac on input line 233.
\uproot@=\count299
\leftroot@=\count300
LaTeX Info: Redefining \overline on input line 398.
LaTeX Info: Redefining \colon on input line 409.
\classnum@=\count301
\DOTSCASE@=\count302
LaTeX Info: Redefining \ldots on input line 495.
LaTeX Info: Redefining \dots on input line 498.
LaTeX Info: Redefining \cdots on input line 619.
\Mathstrutbox@=\box53
\strutbox@=\box54
LaTeX Info: Redefining \big on input line 721.
LaTeX Info: Redefining \Big on input line 722.
LaTeX Info: Redefining \bigg on input line 723.
LaTeX Info: Redefining \Bigg on input line 724.
\big@size=\dimen155
LaTeX Font Info:    Redeclaring font encoding OML on input line 742.
LaTeX Font Info:    Redeclaring font encoding OMS on input line 743.
\macc@depth=\count303
LaTeX Info: Redefining \bmod on input line 904.
LaTeX Info: Redefining \pmod on input line 909.
LaTeX Info: Redefining \smash on input line 939.
LaTeX Info: Redefining \relbar on input line 969.
LaTeX Info: Redefining \Relbar on input line 970.
\c@MaxMatrixCols=\count304
\dotsspace@=\muskip18
\c@parentequation=\count305
\dspbrk@lvl=\count306
\tag@help=\toks23
\row@=\count307
\column@=\count308
\maxfields@=\count309
\andhelp@=\toks24
\eqnshift@=\dimen156
\alignsep@=\dimen157
\tagshift@=\dimen158
\tagwidth@=\dimen159
\totwidth@=\dimen160
\lineht@=\dimen161
\@envbody=\toks25
\multlinegap=\skip53
\multlinetaggap=\skip54
\mathdisplay@stack=\toks26
LaTeX Info: Redefining \[ on input line 2950.
LaTeX Info: Redefining \] on input line 2951.
)
(/usr/share/texmf-dist/tex/latex/amsfonts/amssymb.sty
Package: amssymb 2013/01/14 v3.01 AMS font symbols

(/usr/share/texmf-dist/tex/latex/amsfonts/amsfonts.sty
Package: amsfonts 2013/01/14 v3.01 Basic AMSFonts support
\symAMSa=\mathgroup4
\symAMSb=\mathgroup5
LaTeX Font Info:    Redeclaring math symbol \hbar on input line 98.
LaTeX Font Info:    Overwriting math alphabet `\mathfrak' in version `bold'
(Font)                  U/euf/m/n --> U/euf/b/n on input line 106.
))
(/usr/share/texmf-dist/tex/latex/amscls/amsthm.sty
Package: amsthm 2020/05/29 v2.20.6
\thm@style=\toks27
\thm@bodyfont=\toks28
\thm@headfont=\toks29
\thm@notefont=\toks30
\thm@headpunct=\toks31
\thm@preskip=\skip55
\thm@postskip=\skip56
\thm@headsep=\skip57
\dth@everypar=\toks32
)
(/usr/share/texmf-dist/tex/latex/base/fontenc.sty
Package: fontenc 2025/07/18 v2.1d Standard LaTeX package
)
(/usr/share/texmf-dist/tex/latex/base/inputenc.sty
Package: inputenc 2024/02/08 v1.3d Input encoding file
)
(/usr/share/texmf-dist/tex/generic/babel/babel.sty
Package: babel 2026/02/14 v26.3 The multilingual framework for LuaLaTeX, pdfLaT
eX and XeLaTeX
\babel@savecnt=\count310
LaTeX Encoding Info:    Redeclaring text command \ij (encoding OT1) on input li
ne 2078.
LaTeX Encoding Info:    Redeclaring text command \IJ (encoding OT1) on input li
ne 2080.
LaTeX Encoding Info:    Redeclaring text command \ij (encoding T1) on input lin
e 2082.
LaTeX Encoding Info:    Redeclaring text command \IJ (encoding T1) on input lin
e 2083.
LaTeX Encoding Info:    Ignoring declaration for text command \ij (encoding ?) 
on input line 2084.
LaTeX Encoding Info:    Ignoring declaration for text command \IJ (encoding ?) 
on input line 2086.
LaTeX Encoding Info:    Ignoring declaration for text command \SS (encoding ?) 
on input line 2111.
\U@D=\dimen162
\l@unhyphenated=\language8

(/usr/share/texmf-dist/tex/generic/babel/txtbabel.def)
\bbl@readstream=\read3
\bbl@dirlevel=\count311

(/usr/share/texmf-dist/tex/generic/babel/locale/en/babel-english.tex)
(/usr/share/texmf-dist/tex/generic/babel/locale/it/babel-italian.tex)
(/usr/share/texmf-dist/tex/generic/babel/locale/en/babel-engli